Archive member included to satisfy reference by file (symbol)

C:/Program Files/STMicroelectronics/STM32Cube/STM32CubeIDE_1.15.0/STM32CubeIDE/plugins/com.st.stm32cube.ide.mcu.externaltools.gnu-tools-for-stm32.12.3.rel1.win32_1.0.100.202403111256/tools/bin/../lib/gcc/arm-none-eabi/12.3.1/../../../../arm-none-eabi/lib/thumb/v7-m/nofp\libc_nano.a(libc_a-exit.o)
                              C:/Program Files/STMicroelectronics/STM32Cube/STM32CubeIDE_1.15.0/STM32CubeIDE/plugins/com.st.stm32cube.ide.mcu.externaltools.gnu-tools-for-stm32.12.3.rel1.win32_1.0.100.202403111256/tools/bin/../lib/gcc/arm-none-eabi/12.3.1/../../../../arm-none-eabi/lib/thumb/v7-m/nofp/crt0.o (exit)
C:/Program Files/STMicroelectronics/STM32Cube/STM32CubeIDE_1.15.0/STM32CubeIDE/plugins/com.st.stm32cube.ide.mcu.externaltools.gnu-tools-for-stm32.12.3.rel1.win32_1.0.100.202403111256/tools/bin/../lib/gcc/arm-none-eabi/12.3.1/../../../../arm-none-eabi/lib/thumb/v7-m/nofp\libc_nano.a(libc_a-rand.o)
                              ./Core/Src/sx1278.o (srand)
C:/Program Files/STMicroelectronics/STM32Cube/STM32CubeIDE_1.15.0/STM32CubeIDE/plugins/com.st.stm32cube.ide.mcu.externaltools.gnu-tools-for-stm32.12.3.rel1.win32_1.0.100.202403111256/tools/bin/../lib/gcc/arm-none-eabi/12.3.1/../../../../arm-none-eabi/lib/thumb/v7-m/nofp\libc_nano.a(libc_a-findfp.o)
                              C:/Program Files/STMicroelectronics/STM32Cube/STM32CubeIDE_1.15.0/STM32CubeIDE/plugins/com.st.stm32cube.ide.mcu.externaltools.gnu-tools-for-stm32.12.3.rel1.win32_1.0.100.202403111256/tools/bin/../lib/gcc/arm-none-eabi/12.3.1/../../../../arm-none-eabi/lib/thumb/v7-m/nofp\libc_nano.a(libc_a-exit.o) (__stdio_exit_handler)
C:/Program Files/STMicroelectronics/STM32Cube/STM32CubeIDE_1.15.0/STM32CubeIDE/plugins/com.st.stm32cube.ide.mcu.externaltools.gnu-tools-for-stm32.12.3.rel1.win32_1.0.100.202403111256/tools/bin/../lib/gcc/arm-none-eabi/12.3.1/../../../../arm-none-eabi/lib/thumb/v7-m/nofp\libc_nano.a(libc_a-fwalk.o)
                              C:/Program Files/STMicroelectronics/STM32Cube/STM32CubeIDE_1.15.0/STM32CubeIDE/plugins/com.st.stm32cube.ide.mcu.externaltools.gnu-tools-for-stm32.12.3.rel1.win32_1.0.100.202403111256/tools/bin/../lib/gcc/arm-none-eabi/12.3.1/../../../../arm-none-eabi/lib/thumb/v7-m/nofp\libc_nano.a(libc_a-findfp.o) (_fwalk_sglue)
C:/Program Files/STMicroelectronics/STM32Cube/STM32CubeIDE_1.15.0/STM32CubeIDE/plugins/com.st.stm32cube.ide.mcu.externaltools.gnu-tools-for-stm32.12.3.rel1.win32_1.0.100.202403111256/tools/bin/../lib/gcc/arm-none-eabi/12.3.1/../../../../arm-none-eabi/lib/thumb/v7-m/nofp\libc_nano.a(libc_a-sprintf.o)
                              ./Core/Src/common.o (sprintf)
C:/Program Files/STMicroelectronics/STM32Cube/STM32CubeIDE_1.15.0/STM32CubeIDE/plugins/com.st.stm32cube.ide.mcu.externaltools.gnu-tools-for-stm32.12.3.rel1.win32_1.0.100.202403111256/tools/bin/../lib/gcc/arm-none-eabi/12.3.1/../../../../arm-none-eabi/lib/thumb/v7-m/nofp\libc_nano.a(libc_a-stdio.o)
                              C:/Program Files/STMicroelectronics/STM32Cube/STM32CubeIDE_1.15.0/STM32CubeIDE/plugins/com.st.stm32cube.ide.mcu.externaltools.gnu-tools-for-stm32.12.3.rel1.win32_1.0.100.202403111256/tools/bin/../lib/gcc/arm-none-eabi/12.3.1/../../../../arm-none-eabi/lib/thumb/v7-m/nofp\libc_nano.a(libc_a-findfp.o) (__sread)
C:/Program Files/STMicroelectronics/STM32Cube/STM32CubeIDE_1.15.0/STM32CubeIDE/plugins/com.st.stm32cube.ide.mcu.externaltools.gnu-tools-for-stm32.12.3.rel1.win32_1.0.100.202403111256/tools/bin/../lib/gcc/arm-none-eabi/12.3.1/../../../../arm-none-eabi/lib/thumb/v7-m/nofp\libc_nano.a(libc_a-memset.o)
                              C:/Program Files/STMicroelectronics/STM32Cube/STM32CubeIDE_1.15.0/STM32CubeIDE/plugins/com.st.stm32cube.ide.mcu.externaltools.gnu-tools-for-stm32.12.3.rel1.win32_1.0.100.202403111256/tools/bin/../lib/gcc/arm-none-eabi/12.3.1/../../../../arm-none-eabi/lib/thumb/v7-m/nofp/crt0.o (memset)
C:/Program Files/STMicroelectronics/STM32Cube/STM32CubeIDE_1.15.0/STM32CubeIDE/plugins/com.st.stm32cube.ide.mcu.externaltools.gnu-tools-for-stm32.12.3.rel1.win32_1.0.100.202403111256/tools/bin/../lib/gcc/arm-none-eabi/12.3.1/../../../../arm-none-eabi/lib/thumb/v7-m/nofp\libc_nano.a(libc_a-closer.o)
                              C:/Program Files/STMicroelectronics/STM32Cube/STM32CubeIDE_1.15.0/STM32CubeIDE/plugins/com.st.stm32cube.ide.mcu.externaltools.gnu-tools-for-stm32.12.3.rel1.win32_1.0.100.202403111256/tools/bin/../lib/gcc/arm-none-eabi/12.3.1/../../../../arm-none-eabi/lib/thumb/v7-m/nofp\libc_nano.a(libc_a-stdio.o) (_close_r)
C:/Program Files/STMicroelectronics/STM32Cube/STM32CubeIDE_1.15.0/STM32CubeIDE/plugins/com.st.stm32cube.ide.mcu.externaltools.gnu-tools-for-stm32.12.3.rel1.win32_1.0.100.202403111256/tools/bin/../lib/gcc/arm-none-eabi/12.3.1/../../../../arm-none-eabi/lib/thumb/v7-m/nofp\libc_nano.a(libc_a-reent.o)
[...]
Memory Configuration

Name             Origin             Length             Attributes
RAM              0x20000000         0x00005000         xrw
FLASH            0x08000000         0x00010000         xr
*default*        0x00000000         0xffffffff

Linker script and memory map

LOAD C:/Program Files/STMicroelectronics/STM32Cube/STM32CubeIDE_1.15.0/STM32CubeIDE/plugins/com.st.stm32cube.ide.mcu.externaltools.gnu-tools-for-stm32.12.3.rel1.win32_1.0.100.202403111256/tools/bin/../lib/gcc/arm-none-eabi/12.3.1/thumb/v7-m/nofp/crti.o
LOAD C:/Program Files/STMicroelectronics/STM32Cube/STM32CubeIDE_1.15.0/STM32CubeIDE/plugins/com.st.stm32cube.ide.mcu.externaltools.gnu-tools-for-stm32.12.3.rel1.win32_1.0.100.202403111256/tools/bin/../lib/gcc/arm-none-eabi/12.3.1/thumb/v7-m/nofp/crtbegin.o
LOAD C:/Program Files/STMicroelectronics/STM32Cube/STM32CubeIDE_1.15.0/STM32CubeIDE/plugins/com.st.stm32cube.ide.mcu.externaltools.gnu-tools-for-stm32.12.3.rel1.win32_1.0.100.202403111256/tools/bin/../lib/gcc/arm-none-eabi/12.3.1/../../../../arm-none-eabi/lib/thumb/v7-m/nofp/crt0.o
LOAD ./Core/Src/adc.o
LOAD ./Core/Src/aht20.o
LOAD ./Core/Src/common.o
LOAD ./Core/Src/dma.o
LOAD ./Core/Src/flash.o
LOAD ./Core/Src/gpio.o
LOAD ./Core/Src/i2c.o
LOAD ./Core/Src/main.o
LOAD ./Core/Src/modbus_crc.o
LOAD ./Core/Src/rtc.o
LOAD ./Core/Src/spi.o
LOAD ./Core/Src/stm32f1xx_hal_msp.o
LOAD ./Core/Src/stm32f1xx_it.o
LOAD ./Core/Src/sx1278.o
LOAD ./Core/Src/syscalls.o
LOAD ./Core/Src/sysmem.o
LOAD ./Core/Src/system_stm32f1xx.o
LOAD ./Core/Src/usart.o
LOAD ./Core/Startup/startup_stm32f103c8tx.o
LOAD ./Drivers/STM32F1xx_HAL_Driver/Src/stm32f1xx_hal.o
LOAD ./Drivers/STM32F1xx_HAL_Driver/Src/stm32f1xx_hal_adc.o
LOAD ./Drivers/STM32F1xx_HAL_Driver/Src/stm32f1xx_hal_adc_ex.o
LOAD ./Drivers/STM32F1xx_HAL_Driver/Src/stm32f1xx_hal_cortex.o
LOAD ./Drivers/STM32F1xx_HAL_Driver/Src/stm32f1xx_hal_dma.o
LOAD ./Drivers/STM32F1xx_HAL_Driver/Src/stm32f1xx_hal_exti.o
LOAD ./Drivers/STM32F1xx_HAL_Driver/Src/stm32f1xx_hal_flash.o
LOAD ./Drivers/STM32F1xx_HAL_Driver/Src/stm32f1xx_hal_flash_ex.o
LOAD ./Drivers/STM32F1xx_HAL_Driver/Src/stm32f1xx_hal_gpio.o
LOAD ./Drivers/STM32F1xx_HAL_Driver/Src/stm32f1xx_hal_gpio_ex.o
LOAD ./Drivers/STM32F1xx_HAL_Driver/Src/stm32f1xx_hal_i2c.o
LOAD ./Drivers/STM32F1xx_HAL_Driver/Src/stm32f1xx_hal_pwr.o
LOAD ./Drivers/STM32F1xx_HAL_Driver/Src/stm32f1xx_hal_rcc.o
LOAD ./Drivers/STM32F1xx_HAL_Driver/Src/stm32f1xx_hal_rcc_ex.o
LOAD ./Drivers/STM32F1xx_HAL_Driver/Src/stm32f1xx_hal_rtc.o
LOAD ./Drivers/STM32F1xx_HAL_Driver/Src/stm32f1xx_hal_rtc_ex.o
LOAD ./Drivers/STM32F1xx_HAL_Driver/Src/stm32f1xx_hal_spi.o
LOAD ./Drivers/STM32F1xx_HAL_Driver/Src/stm32f1xx_hal_tim.o
LOAD ./Drivers/STM32F1xx_HAL_Driver/Src/stm32f1xx_hal_tim_ex.o
LOAD ./Drivers/STM32F1xx_HAL_Driver/Src/stm32f1xx_hal_uart.o
START GROUP
LOAD C:/Program Files/STMicroelectronics/STM32Cube/STM32CubeIDE_1.15.0/STM32CubeIDE/plugins/com.st.stm32cube.ide.mcu.externaltools.gnu-tools-for-stm32.12.3.rel1.win32_1.0.100.202403111256/tools/bin/../lib/gcc/arm-none-eabi/12.3.1/../../../../arm-none-eabi/lib/thumb/v7-m/nofp\libc_nano.a
LOAD C:/Program Files/STMicroelectronics/STM32Cube/STM32CubeIDE_1.15.0/STM32CubeIDE/plugins/com.st.stm32cube.ide.mcu.externaltools.gnu-tools-for-stm32.12.3.rel1.win32_1.0.100.202403111256/tools/bin/../lib/gcc/arm-none-eabi/12.3.1/../../../../arm-none-eabi/lib/thumb/v7-m/nofp\libm.a
END GROUP
START GROUP
LOAD C:/Program Files/STMicroelectronics/STM32Cube/STM32CubeIDE_1.15.0/STM32CubeIDE/plugins/com.st.stm32cube.ide.mcu.externaltools.gnu-tools-for-stm32.12.3.rel1.win32_1.0.100.202403111256/tools/bin/../lib/gcc/arm-none-eabi/12.3.1/thumb/v7-m/nofp\libgcc.a
LOAD C:/Program Files/STMicroelectronics/STM32Cube/STM32CubeIDE_1.15.0/STM32CubeIDE/plugins/com.st.stm32cube.ide.mcu.externaltools.gnu-tools-for-stm32.12.3.rel1.win32_1.0.100.202403111256/tools/bin/../lib/gcc/arm-none-eabi/12.3.1/../../../../arm-none-eabi/lib/thumb/v7-m/nofp\libc_nano.a
END GROUP
START GROUP
LOAD C:/Program Files/STMicroelectronics/STM32Cube/STM32CubeIDE_1.15.0/STM32CubeIDE/plugins/com.st.stm32cube.ide.mcu.externaltools.gnu-tools-for-stm32.12.3.rel1.win32_1.0.100.202403111256/tools/bin/../lib/gcc/arm-none-eabi/12.3.1/thumb/v7-m/nofp\libgcc.a
LOAD C:/Program Files/STMicroelectronics/STM32Cube/STM32CubeIDE_1.15.0/STM32CubeIDE/plugins/com.st.stm32cube.ide.mcu.externaltools.gnu-tools-for-stm32.12.3.rel1.win32_1.0.100.202403111256/tools/bin/../lib/gcc/arm-none-eabi/12.3.1/../../../../arm-none-eabi/lib/thumb/v7-m/nofp\libc_nano.a
LOAD C:/Program Files/STMicroelectronics/STM32Cube/STM32CubeIDE_1.15.0/STM32CubeIDE/plugins/com.st.stm32cube.ide.mcu.externaltools.gnu-tools-for-stm32.12.3.rel1.win32_1.0.100.202403111256/tools/bin/../lib/gcc/arm-none-eabi/12.3.1/../../../../arm-none-eabi/lib/thumb/v7-m/nofp\libnosys.a
END GROUP
START GROUP
LOAD C:/Program Files/STMicroelectronics/STM32Cube/STM32CubeIDE_1.15.0/STM32CubeIDE/plugins/com.st.stm32cube.ide.mcu.externaltools.gnu-tools-for-stm32.12.3.rel1.win32_1.0.100.202403111256/tools/bin/../lib/gcc/arm-none-eabi/12.3.1/thumb/v7-m/nofp\libgcc.a
LOAD C:/Program Files/STMicroelectronics/STM32Cube/STM32CubeIDE_1.15.0/STM32CubeIDE/plugins/com.st.stm32cube.ide.mcu.externaltools.gnu-tools-for-stm32.12.3.rel1.win32_1.0.100.202403111256/tools/bin/../lib/gcc/arm-none-eabi/12.3.1/../../../../arm-none-eabi/lib/thumb/v7-m/nofp\libc_nano.a
LOAD C:/Program Files/STMicroelectronics/STM32Cube/STM32CubeIDE_1.15.0/STM32CubeIDE/plugins/com.st.stm32cube.ide.mcu.externaltools.gnu-tools-for-stm32.12.3.rel1.win32_1.0.100.202403111256/tools/bin/../lib/gcc/arm-none-eabi/12.3.1/../../../../arm-none-eabi/lib/thumb/v7-m/nofp\libnosys.a
END GROUP
LOAD C:/Program Files/STMicroelectronics/STM32Cube/STM32CubeIDE_1.15.0/STM32CubeIDE/plugins/com.st.stm32cube.ide.mcu.externaltools.gnu-tools-for-stm32.12.3.rel1.win32_1.0.100.202403111256/tools/bin/../lib/gcc/arm-none-eabi/12.3.1/thumb/v7-m/nofp/crtend.o
LOAD C:/Program Files/STMicroelectronics/STM32Cube/STM32CubeIDE_1.15.0/STM32CubeIDE/plugins/com.st.stm32cube.ide.mcu.externaltools.gnu-tools-for-stm32.12.3.rel1.win32_1.0.100.202403111256/tools/bin/../lib/gcc/arm-none-eabi/12.3.1/thumb/v7-m/nofp/crtn.o
                0x20005000                        _estack = (ORIGIN (RAM) + LENGTH (RAM))
                0x00000200                        _Min_Heap_Size = 0x200
                0x00000400                        _Min_Stack_Size = 0x400

.isr_vector     0x08000000      0x10c
                0x08000000                        . = ALIGN (0x4)
 *(.isr_vector)
 .isr_vector    0x08000000      0x10c ./Core/Startup/startup_stm32f103c8tx.o
                0x08000000                g_pfnVectors
                0x0800010c                        . = ALIGN (0x4)

.text           0x08000110     0x799c
                0x08000110                        . = ALIGN (0x4)
 *(.text)
 .text          0x08000110       0x40 C:/Program Files/STMicroelectronics/STM32Cube/STM32CubeIDE_1.15.0/STM32CubeIDE/plugins/com.st.stm32cube.ide.mcu.externaltools.gnu-tools-for-stm32.12.3.rel1.win32_1.0.100.202403111256/tools/bin/../lib/gcc/arm-none-eabi/12.3.1/thumb/v7-m/nofp/crtbegin.o
 .text          0x08000150       0x10 C:/Program Files/STMicroelectronics/STM32Cube/STM32CubeIDE_1.15.0/STM32CubeIDE/plugins/com.st.stm32cube.ide.mcu.externaltools.gnu-tools-for-stm32.12.3.rel1.win32_1.0.100.202403111256/tools/bin/../lib/gcc/arm-none-eabi/12.3.1/../../../../arm-none-eabi/lib/thumb/v7-m/nofp\libc_nano.a(libc_a-strlen.o)
                0x08000150                strlen
 .text          0x08000160      0x378 C:/Program Files/STMicroelectronics/STM32Cube/STM32CubeIDE_1.15.0/STM32CubeIDE/plugins/com.st.stm32cube.ide.mcu.externaltools.gnu-tools-for-stm32.12.3.rel1.win32_1.0.100.202403111256/tools/bin/../lib/gcc/arm-none-eabi/12.3.1/thumb/v7-m/nofp\libgcc.a(_arm_addsubdf3.o)
                0x08000160                __aeabi_drsub
                0x08000168                __aeabi_dsub
                0x08000168                __subdf3
                0x0800016c                __aeabi_dadd
                0x0800016c                __adddf3
                0x080003e4                __floatunsidf
                0x080003e4                __aeabi_ui2d
                0x08000404                __floatsidf
                0x08000404                __aeabi_i2d
                0x08000428                __aeabi_f2d
                0x08000428                __extendsfdf2
                0x0800046c                __floatundidf
                0x0800046c                __aeabi_ul2d
                0x0800047c                __floatdidf
                0x0800047c                __aeabi_l2d
 .text          0x080004d8      0x424 C:/Program Files/STMicroelectronics/STM32Cube/STM32CubeIDE_1.15.0/STM32CubeIDE/plugins/com.st.stm32cube.ide.mcu.externaltools.gnu-tools-for-stm32.12.3.rel1.win32_1.0.100.202403111256/tools/bin/../lib/gcc/arm-none-eabi/12.3.1/thumb/v7-m/nofp\libgcc.a(_arm_muldivdf3.o)
                0x080004d8                __aeabi_dmul
                0x080004d8                __muldf3
                0x0800072c                __divdf3
                0x0800072c                __aeabi_ddiv
 .text          0x080008fc       0x40 C:/Program Files/STMicroelectronics/STM32Cube/STM32CubeIDE_1.15.0/STM32CubeIDE/plugins/com.st.stm32cube.ide.mcu.externaltools.gnu-tools-for-stm32.12.3.rel1.win32_1.0.100.202403111256/tools/bin/../lib/gcc/arm-none-eabi/12.3.1/thumb/v7-m/nofp\libgcc.a(_arm_fixunsdfsi.o)
                0x080008fc                __aeabi_d2uiz
                0x080008fc                __fixunsdfsi
 .text          0x0800093c       0xa0 C:/Program Files/STMicroelectronics/STM32Cube/STM32CubeIDE_1.15.0/STM32CubeIDE/plugins/com.st.stm32cube.ide.mcu.externaltools.gnu-tools-for-stm32.12.3.rel1.win32_1.0.100.202403111256/tools/bin/../lib/gcc/arm-none-eabi/12.3.1/thumb/v7-m/nofp\libgcc.a(_arm_truncdfsf2.o)
                0x0800093c                __truncdfsf2
                0x0800093c                __aeabi_d2f
 .text          0x080009dc      0x21c C:/Program Files/STMicroelectronics/STM32Cube/STM32CubeIDE_1.15.0/STM32CubeIDE/plugins/com.st.stm32cube.ide.mcu.externaltools.gnu-tools-for-stm32.12.3.rel1.win32_1.0.100.202403111256/tools/bin/../lib/gcc/arm-none-eabi/12.3.1/thumb/v7-m/nofp\libgcc.a(_arm_addsubsf3.o)
                0x080009dc                __aeabi_frsub
                0x080009e4                __subsf3
                0x080009e4                __aeabi_fsub
                0x080009e8                __aeabi_fadd
                0x080009e8                __addsf3
                0x08000b48                __aeabi_ui2f
                0x08000b48                __floatunsisf
                0x08000b50                __aeabi_i2f
                0x08000b50                __floatsisf
                0x08000b6c                __aeabi_ul2f
                0x08000b6c                __floatundisf
                0x08000b7c                __aeabi_l2f
                0x08000b7c                __floatdisf
 .text          0x08000bf8      0x2a0 C:/Program Files/STMicroelectronics/STM32Cube/STM32CubeIDE_1.15.0/STM32CubeIDE/plugins/com.st.stm32cube.ide.mcu.externaltools.gnu-tools-for-stm32.12.3.rel1.win32_1.0.100.202403111256/tools/bin/../lib/gcc/arm-none-eabi/12.3.1/thumb/v7-m/nofp\libgcc.a(_arm_muldivsf3.o)
                0x08000bf8                __mulsf3
                0x08000bf8                __aeabi_fmul
                0x08000d60                __aeabi_fdiv
                0x08000d60                __divsf3
 .text          0x08000e98       0x40 C:/Program Files/STMicroelectronics/STM32Cube/STM32CubeIDE_1.15.0/STM32CubeIDE/plugins/com.st.stm32cube.ide.mcu.externaltools.gnu-tools-for-stm32.12.3.rel1.win32_1.0.100.202403111256/tools/bin/../lib/gcc/arm-none-eabi/12.3.1/thumb/v7-m/nofp\libgcc.a(_arm_fixunssfsi.o)
                0x08000e98                __fixunssfsi
                0x08000e98                __aeabi_f2uiz
 .text          0x08000ed8       0x30 C:/Program Files/STMicroelectronics/STM32Cube/STM32CubeIDE_1.15.0/STM32CubeIDE/plugins/com.st.stm32cube.ide.mcu.externaltools.gnu-tools-for-stm32.12.3.rel1.win32_1.0.100.202403111256/tools/bin/../lib/gcc/arm-none-eabi/12.3.1/thumb/v7-m/nofp\libgcc.a(_aeabi_uldivmod.o)
                0x08000ed8                __aeabi_uldivmod
 .text          0x08000f08      0x2b8 C:/Program Files/STMicroelectronics/STM32Cube/STM32CubeIDE_1.15.0/STM32CubeIDE/plugins/com.st.stm32cube.ide.mcu.externaltools.gnu-tools-for-stm32.12.3.rel1.win32_1.0.100.202403111256/tools/bin/../lib/gcc/arm-none-eabi/12.3.1/thumb/v7-m/nofp\libgcc.a(_udivmoddi4.o)
                0x08000f08                __udivmoddi4
 .text          0x080011c0        0x4 C:/Program Files/STMicroelectronics/STM32Cube/STM32CubeIDE_1.15.0/STM32CubeIDE/plugins/com.st.stm32cube.ide.mcu.externaltools.gnu-tools-for-stm32.12.3.rel1.win32_1.0.100.202403111256/tools/bin/../lib/gcc/arm-none-eabi/12.3.1/thumb/v7-m/nofp\libgcc.a(_dvmd_tls.o)
                0x080011c0                __aeabi_idiv0
                0x080011c0                __aeabi_ldiv0
 *(.text*)
 .text.MX_ADC1_Init
                0x080011c4       0x9c ./Core/Src/adc.o
                0x080011c4                MX_ADC1_Init
 .text.HAL_ADC_MspInit
                0x08001260       0xd0 ./Core/Src/adc.o
                0x08001260                HAL_ADC_MspInit
 .text.LOG      0x08001330       0x54 ./Core/Src/common.o
                0x08001330                LOG
 .text.MX_DMA_Init
                0x08001384       0x3c ./Core/Src/dma.o
                0x08001384                MX_DMA_Init
 .text.MX_GPIO_Init
                0x080013c0      0x15c ./Core/Src/gpio.o
                0x080013c0                MX_GPIO_Init
 .text.modbus_tx_extenso
                0x0800151c       0x88 ./Core/Src/main.o
                0x0800151c                modbus_tx_extenso
 .text.main     0x080015a4       0x84 ./Core/Src/main.o
                0x080015a4                main
 .text.SystemClock_Config
                0x08001628       0xbc ./Core/Src/main.o
                0x08001628                SystemClock_Config
 .text.HAL_UARTEx_RxEventCallback
                0x080016e4       0x70 ./Core/Src/main.o
                0x080016e4                HAL_UARTEx_RxEventCallback
 *fill*         0x08001754        0x4 
 .text.read_ADC
                0x08001758      0x168 ./Core/Src/main.o
                0x08001758                read_ADC
 .text.read_sensor_extenso
                0x080018c0       0xe0 ./Core/Src/main.o
                0x080018c0                read_sensor_extenso
 .text.going_standby
                0x080019a0       0xe4 ./Core/Src/main.o
                0x080019a0                going_standby
 .text.is_OK_2_Talk
                0x08001a84       0xb8 ./Core/Src/main.o
                0x08001a84                is_OK_2_Talk
 .text.Normal_Mode_Handle
                0x08001b3c      0x128 ./Core/Src/main.o
                0x08001b3c                Normal_Mode_Handle
 .text.HAL_GPIO_EXTI_Callback
                0x08001c64       0x44 ./Core/Src/main.o
                0x08001c64                HAL_GPIO_EXTI_Callback
 .text.HAL_RTCEx_RTCEventCallback
                0x08001ca8       0x14 ./Core/Src/main.o
                0x08001ca8                HAL_RTCEx_RTCEventCallback
 .text.Error_Handler
                0x08001cbc        0xc ./Core/Src/main.o
                0x08001cbc                Error_Handler
 .text.crc16    0x08001cc8       0x6c ./Core/Src/modbus_crc.o
                0x08001cc8                crc16
 .text.MX_RTC_Init
                0x08001d34       0x94 ./Core/Src/rtc.o
                0x08001d34                MX_RTC_Init
 .text.HAL_RTC_MspInit
                0x08001dc8       0x58 ./Core/Src/rtc.o
                0x08001dc8                HAL_RTC_MspInit
 .text.MX_SPI1_Init
                0x08001e20       0x6c ./Core/Src/spi.o
                0x08001e20                MX_SPI1_Init
 .text.HAL_SPI_MspInit
                0x08001e8c       0xb4 ./Core/Src/spi.o
                0x08001e8c                HAL_SPI_MspInit
 .text.HAL_SPI_MspDeInit
                0x08001f40       0x3c ./Core/Src/spi.o
                0x08001f40                HAL_SPI_MspDeInit
 .text.HAL_MspInit
                0x08001f7c       0x64 ./Core/Src/stm32f1xx_hal_msp.o
                0x08001f7c                HAL_MspInit
 .text.NMI_Handler
                0x08001fe0        0x8 ./Core/Src/stm32f1xx_it.o
                0x08001fe0                NMI_Handler
 .text.HardFault_Handler
                0x08001fe8        0x8 ./Core/Src/stm32f1xx_it.o
                0x08001fe8                HardFault_Handler
 .text.MemManage_Handler
                0x08001ff0        0x8 ./Core/Src/stm32f1xx_it.o
                0x08001ff0                MemManage_Handler
 .text.BusFault_Handler
                0x08001ff8        0x8 ./Core/Src/stm32f1xx_it.o
                0x08001ff8                BusFault_Handler
 .text.UsageFault_Handler
                0x08002000        0x8 ./Core/Src/stm32f1xx_it.o
                0x08002000                UsageFault_Handler
 .text.SVC_Handler
                0x08002008        0xc ./Core/Src/stm32f1xx_it.o
                0x08002008                SVC_Handler
 .text.DebugMon_Handler
                0x08002014        0xc ./Core/Src/stm32f1xx_it.o
                0x08002014                DebugMon_Handler
 .text.PendSV_Handler
                0x08002020        0xc ./Core/Src/stm32f1xx_it.o
                0x08002020                PendSV_Handler
 .text.SysTick_Handler
                0x0800202c        0xc ./Core/Src/stm32f1xx_it.o
                0x0800202c                SysTick_Handler
 .text.RTC_IRQHandler
                0x08002038       0x14 ./Core/Src/stm32f1xx_it.o
                0x08002038                RTC_IRQHandler
 .text.EXTI1_IRQHandler
                0x0800204c        0xe ./Core/Src/stm32f1xx_it.o
                0x0800204c                EXTI1_IRQHandler
 *fill*         0x0800205a        0x2 
 .text.DMA1_Channel1_IRQHandler
                0x0800205c       0x14 ./Core/Src/stm32f1xx_it.o
                0x0800205c                DMA1_Channel1_IRQHandler
 .text.EXTI9_5_IRQHandler
                0x08002070        0xe ./Core/Src/stm32f1xx_it.o
                0x08002070                EXTI9_5_IRQHandler
 *fill*         0x0800207e        0x2 
 .text.USART1_IRQHandler
                0x08002080       0x14 ./Core/Src/stm32f1xx_it.o
                0x08002080                USART1_IRQHandler
 .text.sx1278_read_reg
                0x08002094       0x80 ./Core/Src/sx1278.o
                0x08002094                sx1278_read_reg
 .text.sx1278_write_reg
                0x08002114       0x7c ./Core/Src/sx1278.o
                0x08002114                sx1278_write_reg
 .text.sx1278_reset
                0x08002190       0x3c ./Core/Src/sx1278.o
                0x08002190                sx1278_reset
 .text.sx1278_sleep
                0x080021cc       0x10 ./Core/Src/sx1278.o
                0x080021cc                sx1278_sleep
 .text.sx1278_standby
                0x080021dc       0x10 ./Core/Src/sx1278.o
                0x080021dc                sx1278_standby
 .text.sx1278_tx
                0x080021ec       0x10 ./Core/Src/sx1278.o
                0x080021ec                sx1278_tx
 .text.sx1278_cad
                0x080021fc       0x16 ./Core/Src/sx1278.o
                0x080021fc                sx1278_cad
 .text.sx1278_set_tx_power
                0x08002212       0x22 ./Core/Src/sx1278.o
                0x08002212                sx1278_set_tx_power
 .text.sx1278_set_LNA_gain
                0x08002234       0x64 ./Core/Src/sx1278.o
                0x08002234                sx1278_set_LNA_gain
 .text.sx1278_set_freq
                0x08002298       0x84 ./Core/Src/sx1278.o
                0x08002298                sx1278_set_freq
 .text.sx1278_set_bandwidth
                0x0800231c       0xcc ./Core/Src/sx1278.o
                0x0800231c                sx1278_set_bandwidth
 .text.sx1278_set_sf
                0x080023e8       0x80 ./Core/Src/sx1278.o
                0x080023e8                sx1278_set_sf
 .text.sx1278_set_cr
                0x08002468       0x5c ./Core/Src/sx1278.o
                0x08002468                sx1278_set_cr
 .text.sx1278_set_header
                0x080024c4       0x54 ./Core/Src/sx1278.o
                0x080024c4                sx1278_set_header
 .text.sx1278_set_crc
                0x08002518       0x46 ./Core/Src/sx1278.o
                0x08002518                sx1278_set_crc
 .text.sx1278_set_preamble
                0x0800255e       0x2a ./Core/Src/sx1278.o
                0x0800255e                sx1278_set_preamble
 .text.sx1278_set_irq
                0x08002588       0x1c ./Core/Src/sx1278.o
                0x08002588                sx1278_set_irq
 *fill*         0x080025a4        0x4 
 .text.sx1278_init
                0x080025a8       0x90 ./Core/Src/sx1278.o
                0x080025a8                sx1278_init
 .text.sx1278_send_data
                0x08002638       0xb0 ./Core/Src/sx1278.o
                0x08002638                sx1278_send_data
 .text._sbrk    0x080026e8       0x6c ./Core/Src/sysmem.o
                0x080026e8                _sbrk
 .text.SystemInit
                0x08002754        0xc ./Core/Src/system_stm32f1xx.o
                0x08002754                SystemInit
 .text.MX_USART1_UART_Init
                0x08002760       0x54 ./Core/Src/usart.o
                0x08002760                MX_USART1_UART_Init
 .text.MX_USART2_UART_Init
                0x080027b4       0x54 ./Core/Src/usart.o
                0x080027b4                MX_USART2_UART_Init
 .text.HAL_UART_MspInit
                0x08002808      0x118 ./Core/Src/usart.o
                0x08002808                HAL_UART_MspInit
 .text.HAL_UART_MspDeInit
                0x08002920       0x68 ./Core/Src/usart.o
                0x08002920                HAL_UART_MspDeInit
 .text.Reset_Handler
                0x08002988       0x48 ./Core/Startup/startup_stm32f103c8tx.o
                0x08002988                Reset_Handler
 .text.Default_Handler
                0x080029d0        0x2 ./Core/Startup/startup_stm32f103c8tx.o
                0x080029d0                RTC_Alarm_IRQHandler
                0x080029d0                EXTI2_IRQHandler
                0x080029d0                TIM1_CC_IRQHandler
                0x080029d0                PVD_IRQHandler
                0x080029d0                EXTI3_IRQHandler
                0x080029d0                EXTI0_IRQHandler
                0x080029d0                I2C2_EV_IRQHandler
                0x080029d0                ADC1_2_IRQHandler
                0x080029d0                SPI1_IRQHandler
                0x080029d0                TAMPER_IRQHandler
                0x080029d0                DMA1_Channel4_IRQHandler
                0x080029d0                USART3_IRQHandler
                0x080029d0                DMA1_Channel7_IRQHandler
                0x080029d0                CAN1_RX1_IRQHandler
                0x080029d0                TIM4_IRQHandler
                0x080029d0                I2C1_EV_IRQHandler
                0x080029d0                DMA1_Channel6_IRQHandler
                0x080029d0                TIM3_IRQHandler
                0x080029d0                RCC_IRQHandler
                0x080029d0                TIM1_TRG_COM_IRQHandler
                0x080029d0                Default_Handler
                0x080029d0                EXTI15_10_IRQHandler
                0x080029d0                SPI2_IRQHandler
                0x080029d0                DMA1_Channel5_IRQHandler
                0x080029d0                EXTI4_IRQHandler
                0x080029d0                USB_LP_CAN1_RX0_IRQHandler
                0x080029d0                USB_HP_CAN1_TX_IRQHandler
                0x080029d0                DMA1_Channel3_IRQHandler
                0x080029d0                TIM1_UP_IRQHandler
                0x080029d0                WWDG_IRQHandler
                0x080029d0                TIM2_IRQHandler
                0x080029d0                TIM1_BRK_IRQHandler
                0x080029d0                USART2_IRQHandler
                0x080029d0                I2C2_ER_IRQHandler
                0x080029d0                DMA1_Channel2_IRQHandler
                0x080029d0                CAN1_SCE_IRQHandler
                0x080029d0                FLASH_IRQHandler
                0x080029d0                I2C1_ER_IRQHandler
                0x080029d0                USBWakeUp_IRQHandler
 *fill*         0x080029d2        0x2 
 .text.HAL_Init
                0x080029d4       0x2c ./Drivers/STM32F1xx_HAL_Driver/Src/stm32f1xx_hal.o
                0x080029d4                HAL_Init
 .text.HAL_InitTick
                0x08002a00       0x60 ./Drivers/STM32F1xx_HAL_Driver/Src/stm32f1xx_hal.o
                0x08002a00                HAL_InitTick
 .text.HAL_IncTick
                0x08002a60       0x24 ./Drivers/STM32F1xx_HAL_Driver/Src/stm32f1xx_hal.o
                0x08002a60                HAL_IncTick
 .text.HAL_GetTick
                0x08002a84       0x14 ./Drivers/STM32F1xx_HAL_Driver/Src/stm32f1xx_hal.o
                0x08002a84                HAL_GetTick
 .text.HAL_Delay
                0x08002a98       0x48 ./Drivers/STM32F1xx_HAL_Driver/Src/stm32f1xx_hal.o
                0x08002a98                HAL_Delay
 .text.HAL_ADC_Init
                0x08002ae0      0x1b0 ./Drivers/STM32F1xx_HAL_Driver/Src/stm32f1xx_hal_adc.o
                0x08002ae0                HAL_ADC_Init
 .text.HAL_ADC_Start_DMA
                0x08002c90      0x1bc ./Drivers/STM32F1xx_HAL_Driver/Src/stm32f1xx_hal_adc.o
                0x08002c90                HAL_ADC_Start_DMA
 .text.HAL_ADC_Stop_DMA
                0x08002e4c       0x98 ./Drivers/STM32F1xx_HAL_Driver/Src/stm32f1xx_hal_adc.o
                0x08002e4c                HAL_ADC_Stop_DMA
 .text.HAL_ADC_ConvCpltCallback
                0x08002ee4       0x12 ./Drivers/STM32F1xx_HAL_Driver/Src/stm32f1xx_hal_adc.o
                0x08002ee4                HAL_ADC_ConvCpltCallback
 .text.HAL_ADC_ConvHalfCpltCallback
                0x08002ef6       0x12 ./Drivers/STM32F1xx_HAL_Driver/Src/stm32f1xx_hal_adc.o
                0x08002ef6                HAL_ADC_ConvHalfCpltCallback
 .text.HAL_ADC_ErrorCallback
                0x08002f08       0x12 ./Drivers/STM32F1xx_HAL_Driver/Src/stm32f1xx_hal_adc.o
                0x08002f08                HAL_ADC_ErrorCallback
 *fill*         0x08002f1a        0x2 
 .text.HAL_ADC_ConfigChannel
                0x08002f1c      0x1f0 ./Drivers/STM32F1xx_HAL_Driver/Src/stm32f1xx_hal_adc.o
                0x08002f1c                HAL_ADC_ConfigChannel
 .text.ADC_Enable
                0x0800310c       0xb4 ./Drivers/STM32F1xx_HAL_Driver/Src/stm32f1xx_hal_adc.o
                0x0800310c                ADC_Enable
 .text.ADC_ConversionStop_Disable
                0x080031c0       0x82 ./Drivers/STM32F1xx_HAL_Driver/Src/stm32f1xx_hal_adc.o
                0x080031c0                ADC_ConversionStop_Disable
 .text.ADC_DMAConvCplt
                0x08003242       0x7c ./Drivers/STM32F1xx_HAL_Driver/Src/stm32f1xx_hal_adc.o
                0x08003242                ADC_DMAConvCplt
 .text.ADC_DMAHalfConvCplt
                0x080032be       0x1c ./Drivers/STM32F1xx_HAL_Driver/Src/stm32f1xx_hal_adc.o
                0x080032be                ADC_DMAHalfConvCplt
 .text.ADC_DMAError
                0x080032da       0x34 ./Drivers/STM32F1xx_HAL_Driver/Src/stm32f1xx_hal_adc.o
                0x080032da                ADC_DMAError
 *fill*         0x0800330e        0x2 
 .text.__NVIC_SetPriorityGrouping
                0x08003310       0x48 ./Drivers/STM32F1xx_HAL_Driver/Src/stm32f1xx_hal_cortex.o
 .text.__NVIC_GetPriorityGrouping
                0x08003358       0x1c ./Drivers/STM32F1xx_HAL_Driver/Src/stm32f1xx_hal_cortex.o
 .text.__NVIC_EnableIRQ
                0x08003374       0x38 ./Drivers/STM32F1xx_HAL_Driver/Src/stm32f1xx_hal_cortex.o
 .text.__NVIC_DisableIRQ
                0x080033ac       0x48 ./Drivers/STM32F1xx_HAL_Driver/Src/stm32f1xx_hal_cortex.o
 .text.__NVIC_SetPriority
                0x080033f4       0x54 ./Drivers/STM32F1xx_HAL_Driver/Src/stm32f1xx_hal_cortex.o
 .text.NVIC_EncodePriority
                0x08003448       0x64 ./Drivers/STM32F1xx_HAL_Driver/Src/stm32f1xx_hal_cortex.o
 .text.__NVIC_SystemReset
                0x080034ac       0x2c ./Drivers/STM32F1xx_HAL_Driver/Src/stm32f1xx_hal_cortex.o
 .text.SysTick_Config
                0x080034d8       0x44 ./Drivers/STM32F1xx_HAL_Driver/Src/stm32f1xx_hal_cortex.o
 .text.HAL_NVIC_SetPriorityGrouping
                0x0800351c       0x16 ./Drivers/STM32F1xx_HAL_Driver/Src/stm32f1xx_hal_cortex.o
                0x0800351c                HAL_NVIC_SetPriorityGrouping
 .text.HAL_NVIC_SetPriority
                0x08003532       0x38 ./Drivers/STM32F1xx_HAL_Driver/Src/stm32f1xx_hal_cortex.o
                0x08003532                HAL_NVIC_SetPriority
 .text.HAL_NVIC_EnableIRQ
                0x0800356a       0x1c ./Drivers/STM32F1xx_HAL_Driver/Src/stm32f1xx_hal_cortex.o
                0x0800356a                HAL_NVIC_EnableIRQ
 .text.HAL_NVIC_DisableIRQ
                0x08003586       0x1c ./Drivers/STM32F1xx_HAL_Driver/Src/stm32f1xx_hal_cortex.o
                0x08003586                HAL_NVIC_DisableIRQ
 .text.HAL_NVIC_SystemReset
                0x080035a2        0x8 ./Drivers/STM32F1xx_HAL_Driver/Src/stm32f1xx_hal_cortex.o
                0x080035a2                HAL_NVIC_SystemReset
 .text.HAL_SYSTICK_Config
                0x080035aa       0x18 ./Drivers/STM32F1xx_HAL_Driver/Src/stm32f1xx_hal_cortex.o
                0x080035aa                HAL_SYSTICK_Config
 *fill*         0x080035c2        0x2 
 .text.HAL_DMA_Init
                0x080035c4       0xb4 ./Drivers/STM32F1xx_HAL_Driver/Src/stm32f1xx_hal_dma.o
                0x080035c4                HAL_DMA_Init
 .text.HAL_DMA_Start_IT
                0x08003678       0xc0 ./Drivers/STM32F1xx_HAL_Driver/Src/stm32f1xx_hal_dma.o
                0x08003678                HAL_DMA_Start_IT
 .text.HAL_DMA_Abort
                0x08003738       0x76 ./Drivers/STM32F1xx_HAL_Driver/Src/stm32f1xx_hal_dma.o
                0x08003738                HAL_DMA_Abort
 *fill*         0x080037ae        0x2 
 .text.HAL_DMA_Abort_IT
                0x080037b0       0xf0 ./Drivers/STM32F1xx_HAL_Driver/Src/stm32f1xx_hal_dma.o
                0x080037b0                HAL_DMA_Abort_IT
 .text.HAL_DMA_IRQHandler
                0x080038a0      0x20c ./Drivers/STM32F1xx_HAL_Driver/Src/stm32f1xx_hal_dma.o
                0x080038a0                HAL_DMA_IRQHandler
 .text.DMA_SetConfig
                0x08003aac       0x5a ./Drivers/STM32F1xx_HAL_Driver/Src/stm32f1xx_hal_dma.o
 *fill*         0x08003b06        0x2 
 .text.HAL_GPIO_Init
                0x08003b08      0x308 ./Drivers/STM32F1xx_HAL_Driver/Src/stm32f1xx_hal_gpio.o
                0x08003b08                HAL_GPIO_Init
 .text.HAL_GPIO_DeInit
                0x08003e10      0x178 ./Drivers/STM32F1xx_HAL_Driver/Src/stm32f1xx_hal_gpio.o
                0x08003e10                HAL_GPIO_DeInit
 .text.HAL_GPIO_ReadPin
                0x08003f88       0x2e ./Drivers/STM32F1xx_HAL_Driver/Src/stm32f1xx_hal_gpio.o
                0x08003f88                HAL_GPIO_ReadPin
 .text.HAL_GPIO_WritePin
                0x08003fb6       0x30 ./Drivers/STM32F1xx_HAL_Driver/Src/stm32f1xx_hal_gpio.o
                0x08003fb6                HAL_GPIO_WritePin
 *fill*         0x08003fe6        0x2 
 .text.HAL_GPIO_EXTI_IRQHandler
                0x08003fe8       0x30 ./Drivers/STM32F1xx_HAL_Driver/Src/stm32f1xx_hal_gpio.o
                0x08003fe8                HAL_GPIO_EXTI_IRQHandler
 .text.HAL_PWR_EnableBkUpAccess
                0x08004018       0x18 ./Drivers/STM32F1xx_HAL_Driver/Src/stm32f1xx_hal_pwr.o
                0x08004018                HAL_PWR_EnableBkUpAccess
 .text.HAL_RCC_OscConfig
                0x08004030      0x504 ./Drivers/STM32F1xx_HAL_Driver/Src/stm32f1xx_hal_rcc.o
                0x08004030                HAL_RCC_OscConfig
 .text.HAL_RCC_ClockConfig
                0x08004534      0x1d4 ./Drivers/STM32F1xx_HAL_Driver/Src/stm32f1xx_hal_rcc.o
                0x08004534                HAL_RCC_ClockConfig
 .text.HAL_RCC_GetSysClockFreq
                0x08004708       0xa8 ./Drivers/STM32F1xx_HAL_Driver/Src/stm32f1xx_hal_rcc.o
                0x08004708                HAL_RCC_GetSysClockFreq
 .text.HAL_RCC_GetHCLKFreq
                0x080047b0       0x14 ./Drivers/STM32F1xx_HAL_Driver/Src/stm32f1xx_hal_rcc.o
                0x080047b0                HAL_RCC_GetHCLKFreq
 .text.HAL_RCC_GetPCLK1Freq
                0x080047c4       0x28 ./Drivers/STM32F1xx_HAL_Driver/Src/stm32f1xx_hal_rcc.o
                0x080047c4                HAL_RCC_GetPCLK1Freq
 .text.HAL_RCC_GetPCLK2Freq
                0x080047ec       0x28 ./Drivers/STM32F1xx_HAL_Driver/Src/stm32f1xx_hal_rcc.o
                0x080047ec                HAL_RCC_GetPCLK2Freq
 .text.RCC_Delay
                0x08004814       0x3c ./Drivers/STM32F1xx_HAL_Driver/Src/stm32f1xx_hal_rcc.o
 .text.HAL_RCCEx_PeriphCLKConfig
                0x08004850      0x16c ./Drivers/STM32F1xx_HAL_Driver/Src/stm32f1xx_hal_rcc_ex.o
                0x08004850                HAL_RCCEx_PeriphCLKConfig
 .text.HAL_RCCEx_GetPeriphCLKFreq
                0x080049bc      0x16c ./Drivers/STM32F1xx_HAL_Driver/Src/stm32f1xx_hal_rcc_ex.o
                0x080049bc                HAL_RCCEx_GetPeriphCLKFreq
 .text.HAL_RTC_Init
                0x08004b28      0x118 ./Drivers/STM32F1xx_HAL_Driver/Src/stm32f1xx_hal_rtc.o
                0x08004b28                HAL_RTC_Init
 .text.HAL_RTC_SetTime
                0x08004c40      0x12e ./Drivers/STM32F1xx_HAL_Driver/Src/stm32f1xx_hal_rtc.o
                0x08004c40                HAL_RTC_SetTime
 *fill*         0x08004d6e        0x2 
 .text.HAL_RTC_GetTime
                0x08004d70      0x1b0 ./Drivers/STM32F1xx_HAL_Driver/Src/stm32f1xx_hal_rtc.o
                0x08004d70                HAL_RTC_GetTime
 .text.HAL_RTC_SetDate
                0x08004f20      0x16c ./Drivers/STM32F1xx_HAL_Driver/Src/stm32f1xx_hal_rtc.o
                0x08004f20                HAL_RTC_SetDate
 .text.HAL_RTC_SetAlarm_IT
                0x0800508c      0x170 ./Drivers/STM32F1xx_HAL_Driver/Src/stm32f1xx_hal_rtc.o
                0x0800508c                HAL_RTC_SetAlarm_IT
 .text.HAL_RTC_WaitForSynchro
                0x080051fc       0x5a ./Drivers/STM32F1xx_HAL_Driver/Src/stm32f1xx_hal_rtc.o
                0x080051fc                HAL_RTC_WaitForSynchro
 .text.RTC_ReadTimeCounter
                0x08005256       0x60 ./Drivers/STM32F1xx_HAL_Driver/Src/stm32f1xx_hal_rtc.o
 .text.RTC_WriteTimeCounter
                0x080052b6       0x4e ./Drivers/STM32F1xx_HAL_Driver/Src/stm32f1xx_hal_rtc.o
 .text.RTC_ReadAlarmCounter
                0x08005304       0x32 ./Drivers/STM32F1xx_HAL_Driver/Src/stm32f1xx_hal_rtc.o
 .text.RTC_WriteAlarmCounter
                0x08005336       0x4e ./Drivers/STM32F1xx_HAL_Driver/Src/stm32f1xx_hal_rtc.o
 .text.RTC_EnterInitMode
                0x08005384       0x50 ./Drivers/STM32F1xx_HAL_Driver/Src/stm32f1xx_hal_rtc.o
 .text.RTC_ExitInitMode
                0x080053d4       0x50 ./Drivers/STM32F1xx_HAL_Driver/Src/stm32f1xx_hal_rtc.o
 .text.RTC_ByteToBcd2
                0x08005424       0x3a ./Drivers/STM32F1xx_HAL_Driver/Src/stm32f1xx_hal_rtc.o
 .text.RTC_Bcd2ToByte
                0x0800545e       0x3a ./Drivers/STM32F1xx_HAL_Driver/Src/stm32f1xx_hal_rtc.o
 .text.RTC_DateUpdate
                0x08005498      0x152 ./Drivers/STM32F1xx_HAL_Driver/Src/stm32f1xx_hal_rtc.o
 *fill*         0x080055ea        0x2 
 .text.RTC_IsLeapYear
                0x080055ec       0x64 ./Drivers/STM32F1xx_HAL_Driver/Src/stm32f1xx_hal_rtc.o
 .text.RTC_WeekDayNum
                0x08005650       0xf0 ./Drivers/STM32F1xx_HAL_Driver/Src/stm32f1xx_hal_rtc.o
 .text.HAL_RTCEx_RTCIRQHandler
                0x08005740       0x6e ./Drivers/STM32F1xx_HAL_Driver/Src/stm32f1xx_hal_rtc_ex.o
                0x08005740                HAL_RTCEx_RTCIRQHandler
 .text.HAL_RTCEx_RTCEventErrorCallback
                0x080057ae       0x12 ./Drivers/STM32F1xx_HAL_Driver/Src/stm32f1xx_hal_rtc_ex.o
                0x080057ae                HAL_RTCEx_RTCEventErrorCallback
 .text.HAL_RTCEx_BKUPRead
                0x080057c0       0x38 ./Drivers/STM32F1xx_HAL_Driver/Src/stm32f1xx_hal_rtc_ex.o
                0x080057c0                HAL_RTCEx_BKUPRead
 .text.HAL_SPI_Init
                0x080057f8      0x108 ./Drivers/STM32F1xx_HAL_Driver/Src/stm32f1xx_hal_spi.o
                0x080057f8                HAL_SPI_Init
 .text.HAL_SPI_DeInit
                0x08005900       0x50 ./Drivers/STM32F1xx_HAL_Driver/Src/stm32f1xx_hal_spi.o
                0x08005900                HAL_SPI_DeInit
 .text.HAL_SPI_Transmit
                0x08005950      0x288 ./Drivers/STM32F1xx_HAL_Driver/Src/stm32f1xx_hal_spi.o
                0x08005950                HAL_SPI_Transmit
 .text.HAL_SPI_Receive
                0x08005bd8      0x232 ./Drivers/STM32F1xx_HAL_Driver/Src/stm32f1xx_hal_spi.o
                0x08005bd8                HAL_SPI_Receive
 .text.HAL_SPI_TransmitReceive
                0x08005e0a      0x352 ./Drivers/STM32F1xx_HAL_Driver/Src/stm32f1xx_hal_spi.o
                0x08005e0a                HAL_SPI_TransmitReceive
 .text.HAL_SPI_GetState
                0x0800615c       0x1a ./Drivers/STM32F1xx_HAL_Driver/Src/stm32f1xx_hal_spi.o
                0x0800615c                HAL_SPI_GetState
 *fill*         0x08006176        0x2 
 .text.SPI_WaitFlagStateUntilTimeout
                0x08006178      0x110 ./Drivers/STM32F1xx_HAL_Driver/Src/stm32f1xx_hal_spi.o
 .text.SPI_EndRxTransaction
                0x08006288       0xa4 ./Drivers/STM32F1xx_HAL_Driver/Src/stm32f1xx_hal_spi.o
 .text.SPI_EndRxTxTransaction
                0x0800632c       0x62 ./Drivers/STM32F1xx_HAL_Driver/Src/stm32f1xx_hal_spi.o
 .text.HAL_UART_Init
                0x0800638e       0xa0 ./Drivers/STM32F1xx_HAL_Driver/Src/stm32f1xx_hal_uart.o
                0x0800638e                HAL_UART_Init
 .text.HAL_UART_DeInit
                0x0800642e       0x64 ./Drivers/STM32F1xx_HAL_Driver/Src/stm32f1xx_hal_uart.o
                0x0800642e                HAL_UART_DeInit
 .text.HAL_UART_Transmit
                0x08006492      0x116 ./Drivers/STM32F1xx_HAL_Driver/Src/stm32f1xx_hal_uart.o
                0x08006492                HAL_UART_Transmit
 .text.HAL_UARTEx_ReceiveToIdle_IT
                0x080065a8       0xba ./Drivers/STM32F1xx_HAL_Driver/Src/stm32f1xx_hal_uart.o
                0x080065a8                HAL_UARTEx_ReceiveToIdle_IT
 *fill*         0x08006662        0x2 
 .text.HAL_UART_IRQHandler
                0x08006664      0x524 ./Drivers/STM32F1xx_HAL_Driver/Src/stm32f1xx_hal_uart.o
                0x08006664                HAL_UART_IRQHandler
 .text.HAL_UART_TxCpltCallback
                0x08006b88       0x12 ./Drivers/STM32F1xx_HAL_Driver/Src/stm32f1xx_hal_uart.o
                0x08006b88                HAL_UART_TxCpltCallback
 .text.HAL_UART_RxCpltCallback
                0x08006b9a       0x12 ./Drivers/STM32F1xx_HAL_Driver/Src/stm32f1xx_hal_uart.o
                0x08006b9a                HAL_UART_RxCpltCallback
 .text.HAL_UART_ErrorCallback
                0x08006bac       0x12 ./Drivers/STM32F1xx_HAL_Driver/Src/stm32f1xx_hal_uart.o
                0x08006bac                HAL_UART_ErrorCallback
 .text.UART_WaitOnFlagUntilTimeout
                0x08006bbe       0xb2 ./Drivers/STM32F1xx_HAL_Driver/Src/stm32f1xx_hal_uart.o
 .text.UART_Start_Receive_IT
                0x08006c70       0x72 ./Drivers/STM32F1xx_HAL_Driver/Src/stm32f1xx_hal_uart.o
                0x08006c70                UART_Start_Receive_IT
 .text.UART_EndRxTransfer
                0x08006ce2       0xc4 ./Drivers/STM32F1xx_HAL_Driver/Src/stm32f1xx_hal_uart.o
 .text.UART_DMAAbortOnError
                0x08006da6       0x28 ./Drivers/STM32F1xx_HAL_Driver/Src/stm32f1xx_hal_uart.o
 .text.UART_Transmit_IT
                0x08006dce       0x9e ./Drivers/STM32F1xx_HAL_Driver/Src/stm32f1xx_hal_uart.o
 .text.UART_EndTransmit_IT
                0x08006e6c       0x30 ./Drivers/STM32F1xx_HAL_Driver/Src/stm32f1xx_hal_uart.o
 .text.UART_Receive_IT
                0x08006e9c      0x17c ./Drivers/STM32F1xx_HAL_Driver/Src/stm32f1xx_hal_uart.o
 .text.UART_SetConfig
                0x08007018      0x11c ./Drivers/STM32F1xx_HAL_Driver/Src/stm32f1xx_hal_uart.o
 .text.sprintf  0x08007134       0x40 C:/Program Files/STMicroelectronics/STM32Cube/STM32CubeIDE_1.15.0/STM32CubeIDE/plugins/com.st.stm32cube.ide.mcu.externaltools.gnu-tools-for-stm32.12.3.rel1.win32_1.0.100.202403111256/tools/bin/../lib/gcc/arm-none-eabi/12.3.1/../../../../arm-none-eabi/lib/thumb/v7-m/nofp\libc_nano.a(libc_a-sprintf.o)
                0x08007134                siprintf
                0x08007134                sprintf
 .text.memset   0x08007174       0x10 C:/Program Files/STMicroelectronics/STM32Cube/STM32CubeIDE_1.15.0/STM32CubeIDE/plugins/com.st.stm32cube.ide.mcu.externaltools.gnu-tools-for-stm32.12.3.rel1.win32_1.0.100.202403111256/tools/bin/../lib/gcc/arm-none-eabi/12.3.1/../../../../arm-none-eabi/lib/thumb/v7-m/nofp\libc_nano.a(libc_a-memset.o)
                0x08007174                memset
 .text.__errno  0x08007184        0xc C:/Program Files/STMicroelectronics/STM32Cube/STM32CubeIDE_1.15.0/STM32CubeIDE/plugins/com.st.stm32cube.ide.mcu.externaltools.gnu-tools-for-stm32.12.3.rel1.win32_1.0.100.202403111256/tools/bin/../lib/gcc/arm-none-eabi/12.3.1/../../../../arm-none-eabi/lib/thumb/v7-m/nofp\libc_nano.a(libc_a-errno.o)
                0x08007184                __errno
 .text.__libc_init_array
                0x08007190       0x48 C:/Program Files/STMicroelectronics/STM32Cube/STM32CubeIDE_1.15.0/STM32CubeIDE/plugins/com.st.stm32cube.ide.mcu.externaltools.gnu-tools-for-stm32.12.3.rel1.win32_1.0.100.202403111256/tools/bin/../lib/gcc/arm-none-eabi/12.3.1/../../../../arm-none-eabi/lib/thumb/v7-m/nofp\libc_nano.a(libc_a-init.o)
                0x08007190                __libc_init_array
 .text.__retarget_lock_acquire_recursive
                0x080071d8        0x2 C:/Program Files/STMicroelectronics/STM32Cube/STM32CubeIDE_1.15.0/STM32CubeIDE/plugins/com.st.stm32cube.ide.mcu.externaltools.gnu-tools-for-stm32.12.3.rel1.win32_1.0.100.202403111256/tools/bin/../lib/gcc/arm-none-eabi/12.3.1/../../../../arm-none-eabi/lib/thumb/v7-m/nofp\libc_nano.a(libc_a-lock.o)
                0x080071d8                __retarget_lock_acquire_recursive
 .text.__retarget_lock_release_recursive
                0x080071da        0x2 C:/Program Files/STMicroelectronics/STM32Cube/STM32CubeIDE_1.15.0/STM32CubeIDE/plugins/com.st.stm32cube.ide.mcu.externaltools.gnu-tools-for-stm32.12.3.rel1.win32_1.0.100.202403111256/tools/bin/../lib/gcc/arm-none-eabi/12.3.1/../../../../arm-none-eabi/lib/thumb/v7-m/nofp\libc_nano.a(libc_a-lock.o)
                0x080071da                __retarget_lock_release_recursive
 .text.memcpy   0x080071dc       0x1c C:/Program Files/STMicroelectronics/STM32Cube/STM32CubeIDE_1.15.0/STM32CubeIDE/plugins/com.st.stm32cube.ide.mcu.externaltools.gnu-tools-for-stm32.12.3.rel1.win32_1.0.100.202403111256/tools/bin/../lib/gcc/arm-none-eabi/12.3.1/../../../../arm-none-eabi/lib/thumb/v7-m/nofp\libc_nano.a(libc_a-memcpy-stub.o)
                0x080071dc                memcpy
 .text._free_r  0x080071f8       0x90 C:/Program Files/STMicroelectronics/STM32Cube/STM32CubeIDE_1.15.0/STM32CubeIDE/plugins/com.st.stm32cube.ide.mcu.externaltools.gnu-tools-for-stm32.12.3.rel1.win32_1.0.100.202403111256/tools/bin/../lib/gcc/arm-none-eabi/12.3.1/../../../../arm-none-eabi/lib/thumb/v7-m/nofp\libc_nano.a(libc_a-freer.o)
                0x080071f8                _free_r
 .text.sbrk_aligned
                0x08007288       0x44 C:/Program Files/STMicroelectronics/STM32Cube/STM32CubeIDE_1.15.0/STM32CubeIDE/plugins/com.st.stm32cube.ide.mcu.externaltools.gnu-tools-for-stm32.12.3.rel1.win32_1.0.100.202403111256/tools/bin/../lib/gcc/arm-none-eabi/12.3.1/../../../../arm-none-eabi/lib/thumb/v7-m/nofp\libc_nano.a(libc_a-mallocr.o)
 .text._malloc_r
                0x080072cc      0x100 C:/Program Files/STMicroelectronics/STM32Cube/STM32CubeIDE_1.15.0/STM32CubeIDE/plugins/com.st.stm32cube.ide.mcu.externaltools.gnu-tools-for-stm32.12.3.rel1.win32_1.0.100.202403111256/tools/bin/../lib/gcc/arm-none-eabi/12.3.1/../../../../arm-none-eabi/lib/thumb/v7-m/nofp\libc_nano.a(libc_a-mallocr.o)
                0x080072cc                _malloc_r
 .text.__malloc_lock
                0x080073cc        0xc C:/Program Files/STMicroelectronics/STM32Cube/STM32CubeIDE_1.15.0/STM32CubeIDE/plugins/com.st.stm32cube.ide.mcu.externaltools.gnu-tools-for-stm32.12.3.rel1.win32_1.0.100.202403111256/tools/bin/../lib/gcc/arm-none-eabi/12.3.1/../../../../arm-none-eabi/lib/thumb/v7-m/nofp\libc_nano.a(libc_a-mlock.o)
                0x080073cc                __malloc_lock
 .text.__malloc_unlock
                0x080073d8        0xc C:/Program Files/STMicroelectronics/STM32Cube/STM32CubeIDE_1.15.0/STM32CubeIDE/plugins/com.st.stm32cube.ide.mcu.externaltools.gnu-tools-for-stm32.12.3.rel1.win32_1.0.100.202403111256/tools/bin/../lib/gcc/arm-none-eabi/12.3.1/../../../../arm-none-eabi/lib/thumb/v7-m/nofp\libc_nano.a(libc_a-mlock.o)
                0x080073d8                __malloc_unlock
 .text.__ssputs_r
                0x080073e4       0xb6 C:/Program Files/STMicroelectronics/STM32Cube/STM32CubeIDE_1.15.0/STM32CubeIDE/plugins/com.st.stm32cube.ide.mcu.externaltools.gnu-tools-for-stm32.12.3.rel1.win32_1.0.100.202403111256/tools/bin/../lib/gcc/arm-none-eabi/12.3.1/../../../../arm-none-eabi/lib/thumb/v7-m/nofp\libc_nano.a(libc_a-nano-svfprintf.o)
                0x080073e4                __ssputs_r
 *fill*         0x0800749a        0x2 
 .text._svfprintf_r
                0x0800749c      0x1f8 C:/Program Files/STMicroelectronics/STM32Cube/STM32CubeIDE_1.15.0/STM32CubeIDE/plugins/com.st.stm32cube.ide.mcu.externaltools.gnu-tools-for-stm32.12.3.rel1.win32_1.0.100.202403111256/tools/bin/../lib/gcc/arm-none-eabi/12.3.1/../../../../arm-none-eabi/lib/thumb/v7-m/nofp\libc_nano.a(libc_a-nano-svfprintf.o)
                0x0800749c                _svfiprintf_r
                0x0800749c                _svfprintf_r
 .text._printf_common
                0x08007694       0xe4 C:/Program Files/STMicroelectronics/STM32Cube/STM32CubeIDE_1.15.0/STM32CubeIDE/plugins/com.st.stm32cube.ide.mcu.externaltools.gnu-tools-for-stm32.12.3.rel1.win32_1.0.100.202403111256/tools/bin/../lib/gcc/arm-none-eabi/12.3.1/../../../../arm-none-eabi/lib/thumb/v7-m/nofp\libc_nano.a(libc_a-nano-vfprintf_i.o)
                0x08007694                _printf_common
 .text._printf_i
                0x08007778      0x240 C:/Program Files/STMicroelectronics/STM32Cube/STM32CubeIDE_1.15.0/STM32CubeIDE/plugins/com.st.stm32cube.ide.mcu.externaltools.gnu-tools-for-stm32.12.3.rel1.win32_1.0.100.202403111256/tools/bin/../lib/gcc/arm-none-eabi/12.3.1/../../../../arm-none-eabi/lib/thumb/v7-m/nofp\libc_nano.a(libc_a-nano-vfprintf_i.o)
                0x08007778                _printf_i
 .text.memmove  0x080079b8       0x34 C:/Program Files/STMicroelectronics/STM32Cube/STM32CubeIDE_1.15.0/STM32CubeIDE/plugins/com.st.stm32cube.ide.mcu.externaltools.gnu-tools-for-stm32.12.3.rel1.win32_1.0.100.202403111256/tools/bin/../lib/gcc/arm-none-eabi/12.3.1/../../../../arm-none-eabi/lib/thumb/v7-m/nofp\libc_nano.a(libc_a-memmove.o)
                0x080079b8                memmove
 .text._sbrk_r  0x080079ec       0x20 C:/Program Files/STMicroelectronics/STM32Cube/STM32CubeIDE_1.15.0/STM32CubeIDE/plugins/com.st.stm32cube.ide.mcu.externaltools.gnu-tools-for-stm32.12.3.rel1.win32_1.0.100.202403111256/tools/bin/../lib/gcc/arm-none-eabi/12.3.1/../../../../arm-none-eabi/lib/thumb/v7-m/nofp\libc_nano.a(libc_a-sbrkr.o)
                0x080079ec                _sbrk_r
 .text.memchr   0x08007a0c       0x1c C:/Program Files/STMicroelectronics/STM32Cube/STM32CubeIDE_1.15.0/STM32CubeIDE/plugins/com.st.stm32cube.ide.mcu.externaltools.gnu-tools-for-stm32.12.3.rel1.win32_1.0.100.202403111256/tools/bin/../lib/gcc/arm-none-eabi/12.3.1/../../../../arm-none-eabi/lib/thumb/v7-m/nofp\libc_nano.a(libc_a-memchr-stub.o)
                0x08007a0c                memchr
 .text._realloc_r
                0x08007a28       0x5c C:/Program Files/STMicroelectronics/STM32Cube/STM32CubeIDE_1.15.0/STM32CubeIDE/plugins/com.st.stm32cube.ide.mcu.externaltools.gnu-tools-for-stm32.12.3.rel1.win32_1.0.100.202403111256/tools/bin/../lib/gcc/arm-none-eabi/12.3.1/../../../../arm-none-eabi/lib/thumb/v7-m/nofp\libc_nano.a(libc_a-reallocr.o)
                0x08007a28                _realloc_r
 .text._malloc_usable_size_r
                0x08007a84       0x10 C:/Program Files/STMicroelectronics/STM32Cube/STM32CubeIDE_1.15.0/STM32CubeIDE/plugins/com.st.stm32cube.ide.mcu.externaltools.gnu-tools-for-stm32.12.3.rel1.win32_1.0.100.202403111256/tools/bin/../lib/gcc/arm-none-eabi/12.3.1/../../../../arm-none-eabi/lib/thumb/v7-m/nofp\libc_nano.a(libc_a-msizer.o)
                0x08007a84                _malloc_usable_size_r
 *(.glue_7)
 .glue_7        0x08007a94        0x0 linker stubs
 *(.glue_7t)
 .glue_7t       0x08007a94        0x0 linker stubs
 *(.eh_frame)
 .eh_frame      0x08007a94        0x0 C:/Program Files/STMicroelectronics/STM32Cube/STM32CubeIDE_1.15.0/STM32CubeIDE/plugins/com.st.stm32cube.ide.mcu.externaltools.gnu-tools-for-stm32.12.3.rel1.win32_1.0.100.202403111256/tools/bin/../lib/gcc/arm-none-eabi/12.3.1/thumb/v7-m/nofp/crtbegin.o
 *(.init)
 .init          0x08007a94        0x4 C:/Program Files/STMicroelectronics/STM32Cube/STM32CubeIDE_1.15.0/STM32CubeIDE/plugins/com.st.stm32cube.ide.mcu.externaltools.gnu-tools-for-stm32.12.3.rel1.win32_1.0.100.202403111256/tools/bin/../lib/gcc/arm-none-eabi/12.3.1/thumb/v7-m/nofp/crti.o
                0x08007a94                _init
 .init          0x08007a98        0x8 C:/Program Files/STMicroelectronics/STM32Cube/STM32CubeIDE_1.15.0/STM32CubeIDE/plugins/com.st.stm32cube.ide.mcu.externaltools.gnu-tools-for-stm32.12.3.rel1.win32_1.0.100.202403111256/tools/bin/../lib/gcc/arm-none-eabi/12.3.1/thumb/v7-m/nofp/crtn.o
 *(.fini)
 .fini          0x08007aa0        0x4 C:/Program Files/STMicroelectronics/STM32Cube/STM32CubeIDE_1.15.0/STM32CubeIDE/plugins/com.st.stm32cube.ide.mcu.externaltools.gnu-tools-for-stm32.12.3.rel1.win32_1.0.100.202403111256/tools/bin/../lib/gcc/arm-none-eabi/12.3.1/thumb/v7-m/nofp/crti.o
                0x08007aa0                _fini
 .fini          0x08007aa4        0x8 C:/Program Files/STMicroelectronics/STM32Cube/STM32CubeIDE_1.15.0/STM32CubeIDE/plugins/com.st.stm32cube.ide.mcu.externaltools.gnu-tools-for-stm32.12.3.rel1.win32_1.0.100.202403111256/tools/bin/../lib/gcc/arm-none-eabi/12.3.1/thumb/v7-m/nofp/crtn.o
                0x08007aac                        . = ALIGN (0x4)
                0x08007aac                        _etext = .

.vfp11_veneer   0x08007aac        0x0
 .vfp11_veneer  0x08007aac        0x0 linker stubs

.v4_bx          0x08007aac        0x0
 .v4_bx         0x08007aac        0x0 linker stubs

.iplt           0x08007aac        0x0
 .iplt          0x08007aac        0x0 C:/Program Files/STMicroelectronics/STM32Cube/STM32CubeIDE_1.15.0/STM32CubeIDE/plugins/com.st.stm32cube.ide.mcu.externaltools.gnu-tools-for-stm32.12.3.rel1.win32_1.0.100.202403111256/tools/bin/../lib/gcc/arm-none-eabi/12.3.1/thumb/v7-m/nofp/crtbegin.o

.rodata         0x08007aac      0x33c
                0x08007aac                        . = ALIGN (0x4)
 *(.rodata)
 .rodata        0x08007aac       0x10 ./Core/Src/common.o
 .rodata        0x08007abc       0xb5 ./Core/Src/sx1278.o
 *(.rodata*)
 *fill*         0x08007b71        0x3 
 .rodata.table_crc_hi
                0x08007b74      0x100 ./Core/Src/modbus_crc.o
 .rodata.table_crc_lo
                0x08007c74      0x100 ./Core/Src/modbus_crc.o
 .rodata.AHBPrescTable
                0x08007d74       0x10 ./Core/Src/system_stm32f1xx.o
                0x08007d74                AHBPrescTable
 .rodata.APBPrescTable
                0x08007d84        0x8 ./Core/Src/system_stm32f1xx.o
                0x08007d84                APBPrescTable
 .rodata.aPLLMULFactorTable.1
                0x08007d8c       0x10 ./Drivers/STM32F1xx_HAL_Driver/Src/stm32f1xx_hal_rcc.o
 .rodata.aPredivFactorTable.0
                0x08007d9c        0x2 ./Drivers/STM32F1xx_HAL_Driver/Src/stm32f1xx_hal_rcc.o
 *fill*         0x08007d9e        0x2 
 .rodata.aPLLMULFactorTable.1
                0x08007da0       0x10 ./Drivers/STM32F1xx_HAL_Driver/Src/stm32f1xx_hal_rcc_ex.o
 .rodata.aPredivFactorTable.0
                0x08007db0        0x2 ./Drivers/STM32F1xx_HAL_Driver/Src/stm32f1xx_hal_rcc_ex.o
 .rodata._svfprintf_r.str1.1
                0x08007db2       0x11 C:/Program Files/STMicroelectronics/STM32Cube/STM32CubeIDE_1.15.0/STM32CubeIDE/plugins/com.st.stm32cube.ide.mcu.externaltools.gnu-tools-for-stm32.12.3.rel1.win32_1.0.100.202403111256/tools/bin/../lib/gcc/arm-none-eabi/12.3.1/../../../../arm-none-eabi/lib/thumb/v7-m/nofp\libc_nano.a(libc_a-nano-svfprintf.o)
 .rodata._printf_i.str1.1
                0x08007dc3       0x22 C:/Program Files/STMicroelectronics/STM32Cube/STM32CubeIDE_1.15.0/STM32CubeIDE/plugins/com.st.stm32cube.ide.mcu.externaltools.gnu-tools-for-stm32.12.3.rel1.win32_1.0.100.202403111256/tools/bin/../lib/gcc/arm-none-eabi/12.3.1/../../../../arm-none-eabi/lib/thumb/v7-m/nofp\libc_nano.a(libc_a-nano-vfprintf_i.o)
                0x08007de8                        . = ALIGN (0x4)
 *fill*         0x08007de5        0x3 

.ARM.extab      0x08007de8        0x0
                0x08007de8                        . = ALIGN (0x4)
 *(.ARM.extab* .gnu.linkonce.armextab.*)
                0x08007de8                        . = ALIGN (0x4)

.ARM            0x08007de8        0x8
                0x08007de8                        . = ALIGN (0x4)
                0x08007de8                        __exidx_start = .
 *(.ARM.exidx*)
 .ARM.exidx     0x08007de8        0x8 C:/Program Files/STMicroelectronics/STM32Cube/STM32CubeIDE_1.15.0/STM32CubeIDE/plugins/com.st.stm32cube.ide.mcu.externaltools.gnu-tools-for-stm32.12.3.rel1.win32_1.0.100.202403111256/tools/bin/../lib/gcc/arm-none-eabi/12.3.1/../../../../arm-none-eabi/lib/thumb/v7-m/nofp\libc_nano.a(libc_a-strlen.o)
 .ARM.exidx     0x08007df0        0x0 C:/Program Files/STMicroelectronics/STM32Cube/STM32CubeIDE_1.15.0/STM32CubeIDE/plugins/com.st.stm32cube.ide.mcu.externaltools.gnu-tools-for-stm32.12.3.rel1.win32_1.0.100.202403111256/tools/bin/../lib/gcc/arm-none-eabi/12.3.1/thumb/v7-m/nofp\libgcc.a(_udivmoddi4.o)
                                  0x8 (size before relaxing)
                0x08007df0                        __exidx_end = .
                0x08007df0                        . = ALIGN (0x4)

.preinit_array  0x08007df0        0x0
                0x08007df0                        . = ALIGN (0x4)
                0x08007df0                        PROVIDE (__preinit_array_start = .)
 *(.preinit_array*)
                0x08007df0                        PROVIDE (__preinit_array_end = .)
                0x08007df0                        . = ALIGN (0x4)

.init_array     0x08007df0        0x4
                0x08007df0                        . = ALIGN (0x4)
                0x08007df0                        PROVIDE (__init_array_start = .)
 *(SORT_BY_NAME(.init_array.*))
 *(.init_array*)
 .init_array    0x08007df0        0x4 C:/Program Files/STMicroelectronics/STM32Cube/STM32CubeIDE_1.15.0/STM32CubeIDE/plugins/com.st.stm32cube.ide.mcu.externaltools.gnu-tools-for-stm32.12.3.rel1.win32_1.0.100.202403111256/tools/bin/../lib/gcc/arm-none-eabi/12.3.1/thumb/v7-m/nofp/crtbegin.o
                0x08007df4                        PROVIDE (__init_array_end = .)
                0x08007df4                        . = ALIGN (0x4)

.fini_array     0x08007df4        0x4
                0x08007df4                        . = ALIGN (0x4)
                [!provide]                        PROVIDE (__fini_array_start = .)
 *(SORT_BY_NAME(.fini_array.*))
 *(.fini_array*)
 .fini_array    0x08007df4        0x4 C:/Program Files/STMicroelectronics/STM32Cube/STM32CubeIDE_1.15.0/STM32CubeIDE/plugins/com.st.stm32cube.ide.mcu.externaltools.gnu-tools-for-stm32.12.3.rel1.win32_1.0.100.202403111256/tools/bin/../lib/gcc/arm-none-eabi/12.3.1/thumb/v7-m/nofp/crtbegin.o
                [!provide]                        PROVIDE (__fini_array_end = .)
                0x08007df8                        . = ALIGN (0x4)
                0x08007df8                        _sidata = LOADADDR (.data)

.rel.dyn        0x08007df8        0x0
 .rel.iplt      0x08007df8        0x0 C:/Program Files/STMicroelectronics/STM32Cube/STM32CubeIDE_1.15.0/STM32CubeIDE/plugins/com.st.stm32cube.ide.mcu.externaltools.gnu-tools-for-stm32.12.3.rel1.win32_1.0.100.202403111256/tools/bin/../lib/gcc/arm-none-eabi/12.3.1/thumb/v7-m/nofp/crtbegin.o

.data           0x20000000       0x60 load address 0x08007df8
                0x20000000                        . = ALIGN (0x4)
                0x20000000                        _sdata = .
 *(.data)
 *(.data*)
 .data.TAG      0x20000000        0x4 ./Core/Src/sx1278.o
 .data.SystemCoreClock
                0x20000004        0x4 ./Core/Src/system_stm32f1xx.o
                0x20000004                SystemCoreClock
 .data.uwTickPrio
                0x20000008        0x4 ./Drivers/STM32F1xx_HAL_Driver/Src/stm32f1xx_hal.o
                0x20000008                uwTickPrio
 .data.uwTickFreq
                0x2000000c        0x1 ./Drivers/STM32F1xx_HAL_Driver/Src/stm32f1xx_hal.o
                0x2000000c                uwTickFreq
 *fill*         0x2000000d        0x3 
 .data._impure_ptr
                0x20000010        0x4 C:/Program Files/STMicroelectronics/STM32Cube/STM32CubeIDE_1.15.0/STM32CubeIDE/plugins/com.st.stm32cube.ide.mcu.externaltools.gnu-tools-for-stm32.12.3.rel1.win32_1.0.100.202403111256/tools/bin/../lib/gcc/arm-none-eabi/12.3.1/../../../../arm-none-eabi/lib/thumb/v7-m/nofp\libc_nano.a(libc_a-impure.o)
                0x20000010                _impure_ptr
 .data._impure_data
                0x20000014       0x4c C:/Program Files/STMicroelectronics/STM32Cube/STM32CubeIDE_1.15.0/STM32CubeIDE/plugins/com.st.stm32cube.ide.mcu.externaltools.gnu-tools-for-stm32.12.3.rel1.win32_1.0.100.202403111256/tools/bin/../lib/gcc/arm-none-eabi/12.3.1/../../../../arm-none-eabi/lib/thumb/v7-m/nofp\libc_nano.a(libc_a-impure.o)
                0x20000014                _impure_data
 *(.RamFunc)
 *(.RamFunc*)
                0x20000060                        . = ALIGN (0x4)
                0x20000060                        _edata = .

.igot.plt       0x20000060        0x0 load address 0x08007e58
 .igot.plt      0x20000060        0x0 C:/Program Files/STMicroelectronics/STM32Cube/STM32CubeIDE_1.15.0/STM32CubeIDE/plugins/com.st.stm32cube.ide.mcu.externaltools.gnu-tools-for-stm32.12.3.rel1.win32_1.0.100.202403111256/tools/bin/../lib/gcc/arm-none-eabi/12.3.1/thumb/v7-m/nofp/crtbegin.o
                0x20000060                        . = ALIGN (0x4)

.bss            0x20000060      0x390 load address 0x08007e58
                0x20000060                        _sbss = .
                0x20000060                        __bss_start__ = _sbss
 *(.bss)
 .bss           0x20000060       0x1c C:/Program Files/STMicroelectronics/STM32Cube/STM32CubeIDE_1.15.0/STM32CubeIDE/plugins/com.st.stm32cube.ide.mcu.externaltools.gnu-tools-for-stm32.12.3.rel1.win32_1.0.100.202403111256/tools/bin/../lib/gcc/arm-none-eabi/12.3.1/thumb/v7-m/nofp/crtbegin.o
 *(.bss*)
 .bss.hadc1     0x2000007c       0x30 ./Core/Src/adc.o
                0x2000007c                hadc1
 .bss.hdma_adc1
                0x200000ac       0x44 ./Core/Src/adc.o
                0x200000ac                hdma_adc1
 .bss.test_bat_f
                0x200000f0        0x8 ./Core/Src/main.o
                0x200000f0                test_bat_f
 .bss.test_lm   0x200000f8        0x8 ./Core/Src/main.o
                0x200000f8                test_lm
 .bss.adc       0x20000100        0x4 ./Core/Src/main.o
                0x20000100                adc
 .bss.myExtenso
                0x20000104        0xc ./Core/Src/main.o
 .bss.myStatus  0x20000110        0x1 ./Core/Src/main.o
 *fill*         0x20000111        0x3 
 .bss.payload   0x20000114       0x64 ./Core/Src/main.o
 .bss.is_LoRa_EXTI
                0x20000178        0x1 ./Core/Src/main.o
 .bss.nTry      0x20000179        0x1 ./Core/Src/main.o
 *fill*         0x2000017a        0x2 
 .bss.uart1_tx_data
                0x2000017c        0x8 ./Core/Src/main.o
                0x2000017c                uart1_tx_data
 .bss.uart1_rx_data
                0x20000184        0xf ./Core/Src/main.o
                0x20000184                uart1_rx_data
 *fill*         0x20000193        0x1 
 .bss.recv_data
                0x20000194        0x4 ./Core/Src/main.o
                0x20000194                recv_data
 .bss.encod     0x20000198        0x4 ./Core/Src/main.o
                0x20000198                encod
 .bss.range_milimeter
                0x2000019c        0x4 ./Core/Src/main.o
                0x2000019c                range_milimeter
 .bss.hrtc      0x200001a0       0x14 ./Core/Src/rtc.o
                0x200001a0                hrtc
 .bss.hspi1     0x200001b4       0x58 ./Core/Src/spi.o
                0x200001b4                hspi1
 .bss.ver       0x2000020c        0x1 ./Core/Src/sx1278.o
                0x2000020c                ver
 *fill*         0x2000020d        0x3 
 .bss.__sbrk_heap_end
                0x20000210        0x4 ./Core/Src/sysmem.o
 .bss.huart1    0x20000214       0x48 ./Core/Src/usart.o
                0x20000214                huart1
 .bss.huart2    0x2000025c       0x48 ./Core/Src/usart.o
                0x2000025c                huart2
 .bss.uwTick    0x200002a4        0x4 ./Drivers/STM32F1xx_HAL_Driver/Src/stm32f1xx_hal.o
                0x200002a4                uwTick
 .bss.__sf      0x200002a8      0x138 C:/Program Files/STMicroelectronics/STM32Cube/STM32CubeIDE_1.15.0/STM32CubeIDE/plugins/com.st.stm32cube.ide.mcu.externaltools.gnu-tools-for-stm32.12.3.rel1.win32_1.0.100.202403111256/tools/bin/../lib/gcc/arm-none-eabi/12.3.1/../../../../arm-none-eabi/lib/thumb/v7-m/nofp\libc_nano.a(libc_a-findfp.o)
                0x200002a8                __sf
 .bss.errno     0x200003e0        0x4 C:/Program Files/STMicroelectronics/STM32Cube/STM32CubeIDE_1.15.0/STM32CubeIDE/plugins/com.st.stm32cube.ide.mcu.externaltools.gnu-tools-for-stm32.12.3.rel1.win32_1.0.100.202403111256/tools/bin/../lib/gcc/arm-none-eabi/12.3.1/../../../../arm-none-eabi/lib/thumb/v7-m/nofp\libc_nano.a(libc_a-reent.o)
                0x200003e0                errno
 .bss.__lock___malloc_recursive_mutex
                0x200003e4        0x1 C:/Program Files/STMicroelectronics/STM32Cube/STM32CubeIDE_1.15.0/STM32CubeIDE/plugins/com.st.stm32cube.ide.mcu.externaltools.gnu-tools-for-stm32.12.3.rel1.win32_1.0.100.202403111256/tools/bin/../lib/gcc/arm-none-eabi/12.3.1/../../../../arm-none-eabi/lib/thumb/v7-m/nofp\libc_nano.a(libc_a-lock.o)
                0x200003e4                __lock___malloc_recursive_mutex
 *fill*         0x200003e5        0x3 
 .bss.__malloc_sbrk_start
                0x200003e8        0x4 C:/Program Files/STMicroelectronics/STM32Cube/STM32CubeIDE_1.15.0/STM32CubeIDE/plugins/com.st.stm32cube.ide.mcu.externaltools.gnu-tools-for-stm32.12.3.rel1.win32_1.0.100.202403111256/tools/bin/../lib/gcc/arm-none-eabi/12.3.1/../../../../arm-none-eabi/lib/thumb/v7-m/nofp\libc_nano.a(libc_a-mallocr.o)
                0x200003e8                __malloc_sbrk_start
 .bss.__malloc_free_list
                0x200003ec        0x4 C:/Program Files/STMicroelectronics/STM32Cube/STM32CubeIDE_1.15.0/STM32CubeIDE/plugins/com.st.stm32cube.ide.mcu.externaltools.gnu-tools-for-stm32.12.3.rel1.win32_1.0.100.202403111256/tools/bin/../lib/gcc/arm-none-eabi/12.3.1/../../../../arm-none-eabi/lib/thumb/v7-m/nofp\libc_nano.a(libc_a-mallocr.o)
                0x200003ec                __malloc_free_list
 *(COMMON)
                0x200003f0                        . = ALIGN (0x4)
                0x200003f0                        _ebss = .
                0x200003f0                        __bss_end__ = _ebss

._user_heap_stack
                0x200003f0      0x600 load address 0x08007e58
                0x200003f0                        . = ALIGN (0x8)
                [!provide]                        PROVIDE (end = .)
                0x200003f0                        PROVIDE (_end = .)
                0x200005f0                        . = (. + _Min_Heap_Size)
 *fill*         0x200003f0      0x200 
                0x200009f0                        . = (. + _Min_Stack_Size)
 *fill*         0x200005f0      0x400 
                0x200009f0                        . = ALIGN (0x8)

/DISCARD/
 libc.a(*)
 libm.a(*)
 libgcc.a(*)

.ARM.attributes
                0x00000000       0x29
 *(.ARM.attributes)
 .ARM.attributes
                0x00000000       0x1d C:/Program Files/STMicroelectronics/STM32Cube/STM32CubeIDE_1.15.0/STM32CubeIDE/plugins/com.st.stm32cube.ide.mcu.externaltools.gnu-tools-for-stm32.12.3.rel1.win32_1.0.100.202403111256/tools/bin/../lib/gcc/arm-none-eabi/12.3.1/thumb/v7-m/nofp/crti.o
 .ARM.attributes
                0x0000001d       0x2d C:/Program Files/STMicroelectronics/STM32Cube/STM32CubeIDE_1.15.0/STM32CubeIDE/plugins/com.st.stm32cube.ide.mcu.externaltools.gnu-tools-for-stm32.12.3.rel1.win32_1.0.100.202403111256/tools/bin/../lib/gcc/arm-none-eabi/12.3.1/thumb/v7-m/nofp/crtbegin.o
 .ARM.attributes
                0x0000004a       0x2d ./Core/Src/adc.o
 .ARM.attributes
                0x00000077       0x2d ./Core/Src/common.o
 .ARM.attributes
                0x000000a4       0x2d ./Core/Src/dma.o
 .ARM.attributes
                0x000000d1       0x2d ./Core/Src/gpio.o
 .ARM.attributes
                0x000000fe       0x2d ./Core/Src/main.o
 .ARM.attributes
                0x0000012b       0x2d ./Core/Src/modbus_crc.o
 .ARM.attributes
                0x00000158       0x2d ./Core/Src/rtc.o
 .ARM.attributes
                0x00000185       0x2d ./Core/Src/spi.o
 .ARM.attributes
                0x000001b2       0x2d ./Core/Src/stm32f1xx_hal_msp.o
 .ARM.attributes
                0x000001df       0x2d ./Core/Src/stm32f1xx_it.o
 .ARM.attributes
                0x0000020c       0x2d ./Core/Src/sx1278.o
 .ARM.attributes
                0x00000239       0x2d ./Core/Src/sysmem.o
 .ARM.attributes
                0x00000266       0x2d ./Core/Src/system_stm32f1xx.o
 .ARM.attributes
                0x00000293       0x2d ./Core/Src/usart.o
 .ARM.attributes
                0x000002c0       0x21 ./Core/Startup/startup_stm32f103c8tx.o
 .ARM.attributes
                0x000002e1       0x2d ./Drivers/STM32F1xx_HAL_Driver/Src/stm32f1xx_hal.o
 .ARM.attributes
                0x0000030e       0x2d ./Drivers/STM32F1xx_HAL_Driver/Src/stm32f1xx_hal_adc.o
 .ARM.attributes
                0x0000033b       0x2d ./Drivers/STM32F1xx_HAL_Driver/Src/stm32f1xx_hal_cortex.o
 .ARM.attributes
                0x00000368       0x2d ./Drivers/STM32F1xx_HAL_Driver/Src/stm32f1xx_hal_dma.o
 .ARM.attributes
                0x00000395       0x2d ./Drivers/STM32F1xx_HAL_Driver/Src/stm32f1xx_hal_gpio.o
 .ARM.attributes
                0x000003c2       0x2d ./Drivers/STM32F1xx_HAL_Driver/Src/stm32f1xx_hal_pwr.o
 .ARM.attributes
                0x000003ef       0x2d ./Drivers/STM32F1xx_HAL_Driver/Src/stm32f1xx_hal_rcc.o
 .ARM.attributes
                0x0000041c       0x2d ./Drivers/STM32F1xx_HAL_Driver/Src/stm32f1xx_hal_rcc_ex.o
 .ARM.attributes
                0x00000449       0x2d ./Drivers/STM32F1xx_HAL_Driver/Src/stm32f1xx_hal_rtc.o
 .ARM.attributes
                0x00000476       0x2d ./Drivers/STM32F1xx_HAL_Driver/Src/stm32f1xx_hal_rtc_ex.o
 .ARM.attributes
                0x000004a3       0x2d ./Drivers/STM32F1xx_HAL_Driver/Src/stm32f1xx_hal_spi.o
 .ARM.attributes
                0x000004d0       0x2d ./Drivers/STM32F1xx_HAL_Driver/Src/stm32f1xx_hal_uart.o
 .ARM.attributes
                0x000004fd       0x2d C:/Program Files/STMicroelectronics/STM32Cube/STM32CubeIDE_1.15.0/STM32CubeIDE/plugins/com.st.stm32cube.ide.mcu.externaltools.gnu-tools-for-stm32.12.3.rel1.win32_1.0.100.202403111256/tools/bin/../lib/gcc/arm-none-eabi/12.3.1/../../../../arm-none-eabi/lib/thumb/v7-m/nofp\libc_nano.a(libc_a-findfp.o)
 .ARM.attributes
                0x0000052a       0x2d C:/Program Files/STMicroelectronics/STM32Cube/STM32CubeIDE_1.15.0/STM32CubeIDE/plugins/com.st.stm32cube.ide.mcu.externaltools.gnu-tools-for-stm32.12.3.rel1.win32_1.0.100.202403111256/tools/bin/../lib/gcc/arm-none-eabi/12.3.1/../../../../arm-none-eabi/lib/thumb/v7-m/nofp\libc_nano.a(libc_a-sprintf.o)
 .ARM.attributes
                0x00000557       0x2d C:/Program Files/STMicroelectronics/STM32Cube/STM32CubeIDE_1.15.0/STM32CubeIDE/plugins/com.st.stm32cube.ide.mcu.externaltools.gnu-tools-for-stm32.12.3.rel1.win32_1.0.100.202403111256/tools/bin/../lib/gcc/arm-none-eabi/12.3.1/../../../../arm-none-eabi/lib/thumb/v7-m/nofp\libc_nano.a(libc_a-memset.o)
 .ARM.attributes
                0x00000584       0x2d C:/Program Files/STMicroelectronics/STM32Cube/STM32CubeIDE_1.15.0/STM32CubeIDE/plugins/com.st.stm32cube.ide.mcu.externaltools.gnu-tools-for-stm32.12.3.rel1.win32_1.0.100.202403111256/tools/bin/../lib/gcc/arm-none-eabi/12.3.1/../../../../arm-none-eabi/lib/thumb/v7-m/nofp\libc_nano.a(libc_a-reent.o)
 .ARM.attributes
                0x000005b1       0x2d C:/Program Files/STMicroelectronics/STM32Cube/STM32CubeIDE_1.15.0/STM32CubeIDE/plugins/com.st.stm32cube.ide.mcu.externaltools.gnu-tools-for-stm32.12.3.rel1.win32_1.0.100.202403111256/tools/bin/../lib/gcc/arm-none-eabi/12.3.1/../../../../arm-none-eabi/lib/thumb/v7-m/nofp\libc_nano.a(libc_a-impure.o)
 .ARM.attributes
                0x000005de       0x2d C:/Program Files/STMicroelectronics/STM32Cube/STM32CubeIDE_1.15.0/STM32CubeIDE/plugins/com.st.stm32cube.ide.mcu.externaltools.gnu-tools-for-stm32.12.3.rel1.win32_1.0.100.202403111256/tools/bin/../lib/gcc/arm-none-eabi/12.3.1/../../../../arm-none-eabi/lib/thumb/v7-m/nofp\libc_nano.a(libc_a-errno.o)
 .ARM.attributes
                0x0000060b       0x2d C:/Program Files/STMicroelectronics/STM32Cube/STM32CubeIDE_1.15.0/STM32CubeIDE/plugins/com.st.stm32cube.ide.mcu.externaltools.gnu-tools-for-stm32.12.3.rel1.win32_1.0.100.202403111256/tools/bin/../lib/gcc/arm-none-eabi/12.3.1/../../../../arm-none-eabi/lib/thumb/v7-m/nofp\libc_nano.a(libc_a-init.o)
 .ARM.attributes
                0x00000638       0x2d C:/Program Files/STMicroelectronics/STM32Cube/STM32CubeIDE_1.15.0/STM32CubeIDE/plugins/com.st.stm32cube.ide.mcu.externaltools.gnu-tools-for-stm32.12.3.rel1.win32_1.0.100.202403111256/tools/bin/../lib/gcc/arm-none-eabi/12.3.1/../../../../arm-none-eabi/lib/thumb/v7-m/nofp\libc_nano.a(libc_a-lock.o)
 .ARM.attributes
                0x00000665       0x2d C:/Program Files/STMicroelectronics/STM32Cube/STM32CubeIDE_1.15.0/STM32CubeIDE/plugins/com.st.stm32cube.ide.mcu.externaltools.gnu-tools-for-stm32.12.3.rel1.win32_1.0.100.202403111256/tools/bin/../lib/gcc/arm-none-eabi/12.3.1/../../../../arm-none-eabi/lib/thumb/v7-m/nofp\libc_nano.a(libc_a-memcpy-stub.o)
 .ARM.attributes
                0x00000692       0x17 C:/Program Files/STMicroelectronics/STM32Cube/STM32CubeIDE_1.15.0/STM32CubeIDE/plugins/com.st.stm32cube.ide.mcu.externaltools.gnu-tools-for-stm32.12.3.rel1.win32_1.0.100.202403111256/tools/bin/../lib/gcc/arm-none-eabi/12.3.1/../../../../arm-none-eabi/lib/thumb/v7-m/nofp\libc_nano.a(libc_a-strlen.o)
 .ARM.attributes
                0x000006a9       0x2d C:/Program Files/STMicroelectronics/STM32Cube/STM32CubeIDE_1.15.0/STM32CubeIDE/plugins/com.st.stm32cube.ide.mcu.externaltools.gnu-tools-for-stm32.12.3.rel1.win32_1.0.100.202403111256/tools/bin/../lib/gcc/arm-none-eabi/12.3.1/../../../../arm-none-eabi/lib/thumb/v7-m/nofp\libc_nano.a(libc_a-freer.o)
 .ARM.attributes
                0x000006d6       0x2d C:/Program Files/STMicroelectronics/STM32Cube/STM32CubeIDE_1.15.0/STM32CubeIDE/plugins/com.st.stm32cube.ide.mcu.externaltools.gnu-tools-for-stm32.12.3.rel1.win32_1.0.100.202403111256/tools/bin/../lib/gcc/arm-none-eabi/12.3.1/../../../../arm-none-eabi/lib/thumb/v7-m/nofp\libc_nano.a(libc_a-mallocr.o)
 .ARM.attributes
                0x00000703       0x2d C:/Program Files/STMicroelectronics/STM32Cube/STM32CubeIDE_1.15.0/STM32CubeIDE/plugins/com.st.stm32cube.ide.mcu.externaltools.gnu-tools-for-stm32.12.3.rel1.win32_1.0.100.202403111256/tools/bin/../lib/gcc/arm-none-eabi/12.3.1/../../../../arm-none-eabi/lib/thumb/v7-m/nofp\libc_nano.a(libc_a-mlock.o)
 .ARM.attributes
                0x00000730       0x2d C:/Program Files/STMicroelectronics/STM32Cube/STM32CubeIDE_1.15.0/STM32CubeIDE/plugins/com.st.stm32cube.ide.mcu.externaltools.gnu-tools-for-stm32.12.3.rel1.win32_1.0.100.202403111256/tools/bin/../lib/gcc/arm-none-eabi/12.3.1/../../../../arm-none-eabi/lib/thumb/v7-m/nofp\libc_nano.a(libc_a-nano-svfprintf.o)
 .ARM.attributes
                0x0000075d       0x2d C:/Program Files/STMicroelectronics/STM32Cube/STM32CubeIDE_1.15.0/STM32CubeIDE/plugins/com.st.stm32cube.ide.mcu.externaltools.gnu-tools-for-stm32.12.3.rel1.win32_1.0.100.202403111256/tools/bin/../lib/gcc/arm-none-eabi/12.3.1/../../../../arm-none-eabi/lib/thumb/v7-m/nofp\libc_nano.a(libc_a-nano-vfprintf_i.o)
 .ARM.attributes
                0x0000078a       0x2d C:/Program Files/STMicroelectronics/STM32Cube/STM32CubeIDE_1.15.0/STM32CubeIDE/plugins/com.st.stm32cube.ide.mcu.externaltools.gnu-tools-for-stm32.12.3.rel1.win32_1.0.100.202403111256/tools/bin/../lib/gcc/arm-none-eabi/12.3.1/../../../../arm-none-eabi/lib/thumb/v7-m/nofp\libc_nano.a(libc_a-memmove.o)
 .ARM.attributes
                0x000007b7       0x2d C:/Program Files/STMicroelectronics/STM32Cube/STM32CubeIDE_1.15.0/STM32CubeIDE/plugins/com.st.stm32cube.ide.mcu.externaltools.gnu-tools-for-stm32.12.3.rel1.win32_1.0.100.202403111256/tools/bin/../lib/gcc/arm-none-eabi/12.3.1/../../../../arm-none-eabi/lib/thumb/v7-m/nofp\libc_nano.a(libc_a-sbrkr.o)
 .ARM.attributes
                0x000007e4       0x2d C:/Program Files/STMicroelectronics/STM32Cube/STM32CubeIDE_1.15.0/STM32CubeIDE/plugins/com.st.stm32cube.ide.mcu.externaltools.gnu-tools-for-stm32.12.3.rel1.win32_1.0.100.202403111256/tools/bin/../lib/gcc/arm-none-eabi/12.3.1/../../../../arm-none-eabi/lib/thumb/v7-m/nofp\libc_nano.a(libc_a-memchr-stub.o)
 .ARM.attributes
                0x00000811       0x2d C:/Program Files/STMicroelectronics/STM32Cube/STM32CubeIDE_1.15.0/STM32CubeIDE/plugins/com.st.stm32cube.ide.mcu.externaltools.gnu-tools-for-stm32.12.3.rel1.win32_1.0.100.202403111256/tools/bin/../lib/gcc/arm-none-eabi/12.3.1/../../../../arm-none-eabi/lib/thumb/v7-m/nofp\libc_nano.a(libc_a-reallocr.o)
 .ARM.attributes
                0x0000083e       0x2d C:/Program Files/STMicroelectronics/STM32Cube/STM32CubeIDE_1.15.0/STM32CubeIDE/plugins/com.st.stm32cube.ide.mcu.externaltools.gnu-tools-for-stm32.12.3.rel1.win32_1.0.100.202403111256/tools/bin/../lib/gcc/arm-none-eabi/12.3.1/../../../../arm-none-eabi/lib/thumb/v7-m/nofp\libc_nano.a(libc_a-msizer.o)
 .ARM.attributes
                0x0000086b       0x1d C:/Program Files/STMicroelectronics/STM32Cube/STM32CubeIDE_1.15.0/STM32CubeIDE/plugins/com.st.stm32cube.ide.mcu.externaltools.gnu-tools-for-stm32.12.3.rel1.win32_1.0.100.202403111256/tools/bin/../lib/gcc/arm-none-eabi/12.3.1/thumb/v7-m/nofp\libgcc.a(_arm_addsubdf3.o)
 .ARM.attributes
                0x00000888       0x1d C:/Program Files/STMicroelectronics/STM32Cube/STM32CubeIDE_1.15.0/STM32CubeIDE/plugins/com.st.stm32cube.ide.mcu.externaltools.gnu-tools-for-stm32.12.3.rel1.win32_1.0.100.202403111256/tools/bin/../lib/gcc/arm-none-eabi/12.3.1/thumb/v7-m/nofp\libgcc.a(_arm_muldivdf3.o)
 .ARM.attributes
                0x000008a5       0x1d C:/Program Files/STMicroelectronics/STM32Cube/STM32CubeIDE_1.15.0/STM32CubeIDE/plugins/com.st.stm32cube.ide.mcu.externaltools.gnu-tools-for-stm32.12.3.rel1.win32_1.0.100.202403111256/tools/bin/../lib/gcc/arm-none-eabi/12.3.1/thumb/v7-m/nofp\libgcc.a(_arm_fixunsdfsi.o)
 .ARM.attributes
                0x000008c2       0x1d C:/Program Files/STMicroelectronics/STM32Cube/STM32CubeIDE_1.15.0/STM32CubeIDE/plugins/com.st.stm32cube.ide.mcu.externaltools.gnu-tools-for-stm32.12.3.rel1.win32_1.0.100.202403111256/tools/bin/../lib/gcc/arm-none-eabi/12.3.1/thumb/v7-m/nofp\libgcc.a(_arm_truncdfsf2.o)
 .ARM.attributes
                0x000008df       0x1d C:/Program Files/STMicroelectronics/STM32Cube/STM32CubeIDE_1.15.0/STM32CubeIDE/plugins/com.st.stm32cube.ide.mcu.externaltools.gnu-tools-for-stm32.12.3.rel1.win32_1.0.100.202403111256/tools/bin/../lib/gcc/arm-none-eabi/12.3.1/thumb/v7-m/nofp\libgcc.a(_arm_addsubsf3.o)
 .ARM.attributes
                0x000008fc       0x1d C:/Program Files/STMicroelectronics/STM32Cube/STM32CubeIDE_1.15.0/STM32CubeIDE/plugins/com.st.stm32cube.ide.mcu.externaltools.gnu-tools-for-stm32.12.3.rel1.win32_1.0.100.202403111256/tools/bin/../lib/gcc/arm-none-eabi/12.3.1/thumb/v7-m/nofp\libgcc.a(_arm_muldivsf3.o)
 .ARM.attributes
                0x00000919       0x1d C:/Program Files/STMicroelectronics/STM32Cube/STM32CubeIDE_1.15.0/STM32CubeIDE/plugins/com.st.stm32cube.ide.mcu.externaltools.gnu-tools-for-stm32.12.3.rel1.win32_1.0.100.202403111256/tools/bin/../lib/gcc/arm-none-eabi/12.3.1/thumb/v7-m/nofp\libgcc.a(_arm_fixunssfsi.o)
 .ARM.attributes
                0x00000936       0x1d C:/Program Files/STMicroelectronics/STM32Cube/STM32CubeIDE_1.15.0/STM32CubeIDE/plugins/com.st.stm32cube.ide.mcu.externaltools.gnu-tools-for-stm32.12.3.rel1.win32_1.0.100.202403111256/tools/bin/../lib/gcc/arm-none-eabi/12.3.1/thumb/v7-m/nofp\libgcc.a(_aeabi_uldivmod.o)
 .ARM.attributes
                0x00000953       0x2d C:/Program Files/STMicroelectronics/STM32Cube/STM32CubeIDE_1.15.0/STM32CubeIDE/plugins/com.st.stm32cube.ide.mcu.externaltools.gnu-tools-for-stm32.12.3.rel1.win32_1.0.100.202403111256/tools/bin/../lib/gcc/arm-none-eabi/12.3.1/thumb/v7-m/nofp\libgcc.a(_udivmoddi4.o)
 .ARM.attributes
                0x00000980       0x1d C:/Program Files/STMicroelectronics/STM32Cube/STM32CubeIDE_1.15.0/STM32CubeIDE/plugins/com.st.stm32cube.ide.mcu.externaltools.gnu-tools-for-stm32.12.3.rel1.win32_1.0.100.202403111256/tools/bin/../lib/gcc/arm-none-eabi/12.3.1/thumb/v7-m/nofp\libgcc.a(_dvmd_tls.o)
 .ARM.attributes
                0x0000099d       0x1d C:/Program Files/STMicroelectronics/STM32Cube/STM32CubeIDE_1.15.0/STM32CubeIDE/plugins/com.st.stm32cube.ide.mcu.externaltools.gnu-tools-for-stm32.12.3.rel1.win32_1.0.100.202403111256/tools/bin/../lib/gcc/arm-none-eabi/12.3.1/thumb/v7-m/nofp/crtn.o
OUTPUT(lora_test.elf elf32-littlearm)
LOAD linker stubs
LOAD C:/Program Files/STMicroelectronics/STM32Cube/STM32CubeIDE_1.15.0/STM32CubeIDE/plugins/com.st.stm32cube.ide.mcu.externaltools.gnu-tools-for-stm32.12.3.rel1.win32_1.0.100.202403111256/tools/bin/../lib/gcc/arm-none-eabi/12.3.1/../../../../arm-none-eabi/lib/thumb/v7-m/nofp\libc.a
LOAD C:/Program Files/STMicroelectronics/STM32Cube/STM32CubeIDE_1.15.0/STM32CubeIDE/plugins/com.st.stm32cube.ide.mcu.externaltools.gnu-tools-for-stm32.12.3.rel1.win32_1.0.100.202403111256/tools/bin/../lib/gcc/arm-none-eabi/12.3.1/../../../../arm-none-eabi/lib/thumb/v7-m/nofp\libm.a
LOAD C:/Program Files/STMicroelectronics/STM32Cube/STM32CubeIDE_1.15.0/STM32CubeIDE/plugins/com.st.stm32cube.ide.mcu.externaltools.gnu-tools-for-stm32.12.3.rel1.win32_1.0.100.202403111256/tools/bin/../lib/gcc/arm-none-eabi/12.3.1/thumb/v7-m/nofp\libgcc.a

.debug_info     0x00000000     0xf962
 .debug_info    0x00000000      0x7fc ./Core/Src/adc.o
 .debug_info    0x000007fc      0x64c ./Core/Src/common.o
 .debug_info    0x00000e48      0x2cf ./Core/Src/dma.o
 .debug_info    0x00001117      0x432 ./Core/Src/gpio.o
 .debug_info    0x00001549     0x1d5c ./Core/Src/main.o
 .debug_info    0x000032a5      0x143 ./Core/Src/modbus_crc.o
 .debug_info    0x000033e8      0x612 ./Core/Src/rtc.o
 .debug_info    0x000039fa      0x853 ./Core/Src/spi.o
 .debug_info    0x0000424d      0x1f1 ./Core/Src/stm32f1xx_hal_msp.o
 .debug_info    0x0000443e      0x81c ./Core/Src/stm32f1xx_it.o
 .debug_info    0x00004c5a      0xd83 ./Core/Src/sx1278.o
 .debug_info    0x000059dd      0x168 ./Core/Src/sysmem.o
 .debug_info    0x00005b45      0x222 ./Core/Src/system_stm32f1xx.o
 .debug_info    0x00005d67      0x982 ./Core/Src/usart.o
 .debug_info    0x000066e9       0x30 ./Core/Startup/startup_stm32f103c8tx.o
 .debug_info    0x00006719      0x704 ./Drivers/STM32F1xx_HAL_Driver/Src/stm32f1xx_hal.o
 .debug_info    0x00006e1d      0xc50 ./Drivers/STM32F1xx_HAL_Driver/Src/stm32f1xx_hal_adc.o
 .debug_info    0x00007a6d      0xa87 ./Drivers/STM32F1xx_HAL_Driver/Src/stm32f1xx_hal_cortex.o
 .debug_info    0x000084f4      0x6d2 ./Drivers/STM32F1xx_HAL_Driver/Src/stm32f1xx_hal_dma.o
 .debug_info    0x00008bc6      0x5ab ./Drivers/STM32F1xx_HAL_Driver/Src/stm32f1xx_hal_gpio.o
 .debug_info    0x00009171      0x628 ./Drivers/STM32F1xx_HAL_Driver/Src/stm32f1xx_hal_pwr.o
 .debug_info    0x00009799      0x7d5 ./Drivers/STM32F1xx_HAL_Driver/Src/stm32f1xx_hal_rcc.o
 .debug_info    0x00009f6e      0x3c0 ./Drivers/STM32F1xx_HAL_Driver/Src/stm32f1xx_hal_rcc_ex.o
 .debug_info    0x0000a32e      0xc73 ./Drivers/STM32F1xx_HAL_Driver/Src/stm32f1xx_hal_rtc.o
 .debug_info    0x0000afa1      0x6a7 ./Drivers/STM32F1xx_HAL_Driver/Src/stm32f1xx_hal_rtc_ex.o
 .debug_info    0x0000b648     0x142d ./Drivers/STM32F1xx_HAL_Driver/Src/stm32f1xx_hal_spi.o
 .debug_info    0x0000ca75     0x2eed ./Drivers/STM32F1xx_HAL_Driver/Src/stm32f1xx_hal_uart.o

.debug_abbrev   0x00000000     0x330b
 .debug_abbrev  0x00000000      0x1f2 ./Core/Src/adc.o
 .debug_abbrev  0x000001f2      0x1ba ./Core/Src/common.o
 .debug_abbrev  0x000003ac       0xfc ./Core/Src/dma.o
 .debug_abbrev  0x000004a8      0x161 ./Core/Src/gpio.o
 .debug_abbrev  0x00000609      0x38a ./Core/Src/main.o
 .debug_abbrev  0x00000993       0xaf ./Core/Src/modbus_crc.o
 .debug_abbrev  0x00000a42      0x1c1 ./Core/Src/rtc.o
 .debug_abbrev  0x00000c03      0x1f8 ./Core/Src/spi.o
 .debug_abbrev  0x00000dfb       0xdb ./Core/Src/stm32f1xx_hal_msp.o
 .debug_abbrev  0x00000ed6      0x1a4 ./Core/Src/stm32f1xx_it.o
 .debug_abbrev  0x0000107a      0x36c ./Core/Src/sx1278.o
 .debug_abbrev  0x000013e6       0xbc ./Core/Src/sysmem.o
 .debug_abbrev  0x000014a2      0x13f ./Core/Src/system_stm32f1xx.o
 .debug_abbrev  0x000015e1      0x20b ./Core/Src/usart.o
 .debug_abbrev  0x000017ec       0x24 ./Core/Startup/startup_stm32f103c8tx.o
 .debug_abbrev  0x00001810      0x201 ./Drivers/STM32F1xx_HAL_Driver/Src/stm32f1xx_hal.o
 .debug_abbrev  0x00001a11      0x225 ./Drivers/STM32F1xx_HAL_Driver/Src/stm32f1xx_hal_adc.o
 .debug_abbrev  0x00001c36      0x2f8 ./Drivers/STM32F1xx_HAL_Driver/Src/stm32f1xx_hal_cortex.o
 .debug_abbrev  0x00001f2e      0x20b ./Drivers/STM32F1xx_HAL_Driver/Src/stm32f1xx_hal_dma.o
 .debug_abbrev  0x00002139      0x1ca ./Drivers/STM32F1xx_HAL_Driver/Src/stm32f1xx_hal_gpio.o
 .debug_abbrev  0x00002303      0x1f6 ./Drivers/STM32F1xx_HAL_Driver/Src/stm32f1xx_hal_pwr.o
 .debug_abbrev  0x000024f9      0x2b3 ./Drivers/STM32F1xx_HAL_Driver/Src/stm32f1xx_hal_rcc.o
 .debug_abbrev  0x000027ac      0x188 ./Drivers/STM32F1xx_HAL_Driver/Src/stm32f1xx_hal_rcc_ex.o
 .debug_abbrev  0x00002934      0x23a ./Drivers/STM32F1xx_HAL_Driver/Src/stm32f1xx_hal_rtc.o
 .debug_abbrev  0x00002b6e      0x22b ./Drivers/STM32F1xx_HAL_Driver/Src/stm32f1xx_hal_rtc_ex.o
 .debug_abbrev  0x00002d99      0x27a ./Drivers/STM32F1xx_HAL_Driver/Src/stm32f1xx_hal_spi.o
 .debug_abbrev  0x00003013      0x2f8 ./Drivers/STM32F1xx_HAL_Driver/Src/stm32f1xx_hal_uart.o

.debug_aranges  0x00000000      0xe70
 .debug_aranges
                0x00000000       0x30 ./Core/Src/adc.o
 .debug_aranges
                0x00000030       0x20 ./Core/Src/common.o
 .debug_aranges
                0x00000050       0x20 ./Core/Src/dma.o
 .debug_aranges
                0x00000070       0x20 ./Core/Src/gpio.o
 .debug_aranges
                0x00000090       0xa0 ./Core/Src/main.o
 .debug_aranges
                0x00000130       0x20 ./Core/Src/modbus_crc.o
 .debug_aranges
                0x00000150       0x30 ./Core/Src/rtc.o
 .debug_aranges
                0x00000180       0x30 ./Core/Src/spi.o
 .debug_aranges
                0x000001b0       0x20 ./Core/Src/stm32f1xx_hal_msp.o
 .debug_aranges
                0x000001d0       0x88 ./Core/Src/stm32f1xx_it.o
 .debug_aranges
                0x00000258      0x108 ./Core/Src/sx1278.o
 .debug_aranges
                0x00000360       0x20 ./Core/Src/sysmem.o
 .debug_aranges
                0x00000380       0x28 ./Core/Src/system_stm32f1xx.o
 .debug_aranges
                0x000003a8       0x38 ./Core/Src/usart.o
 .debug_aranges
                0x000003e0       0x28 ./Core/Startup/startup_stm32f103c8tx.o
 .debug_aranges
                0x00000408       0xe0 ./Drivers/STM32F1xx_HAL_Driver/Src/stm32f1xx_hal.o
 .debug_aranges
                0x000004e8       0xf0 ./Drivers/STM32F1xx_HAL_Driver/Src/stm32f1xx_hal_adc.o
 .debug_aranges
                0x000005d8      0x100 ./Drivers/STM32F1xx_HAL_Driver/Src/stm32f1xx_hal_cortex.o
 .debug_aranges
                0x000006d8       0x80 ./Drivers/STM32F1xx_HAL_Driver/Src/stm32f1xx_hal_dma.o
 .debug_aranges
                0x00000758       0x58 ./Drivers/STM32F1xx_HAL_Driver/Src/stm32f1xx_hal_gpio.o
 .debug_aranges
                0x000007b0       0xa8 ./Drivers/STM32F1xx_HAL_Driver/Src/stm32f1xx_hal_pwr.o
 .debug_aranges
                0x00000858       0x90 ./Drivers/STM32F1xx_HAL_Driver/Src/stm32f1xx_hal_rcc.o
 .debug_aranges
                0x000008e8       0x30 ./Drivers/STM32F1xx_HAL_Driver/Src/stm32f1xx_hal_rcc_ex.o
 .debug_aranges
                0x00000918       0xf8 ./Drivers/STM32F1xx_HAL_Driver/Src/stm32f1xx_hal_rtc.o
 .debug_aranges
                0x00000a10       0x88 ./Drivers/STM32F1xx_HAL_Driver/Src/stm32f1xx_hal_rtc_ex.o
 .debug_aranges
                0x00000a98      0x1d0 ./Drivers/STM32F1xx_HAL_Driver/Src/stm32f1xx_hal_spi.o
 .debug_aranges
                0x00000c68      0x208 ./Drivers/STM32F1xx_HAL_Driver/Src/stm32f1xx_hal_uart.o

.debug_rnglists
                0x00000000      0xae8
 .debug_rnglists
                0x00000000       0x21 ./Core/Src/adc.o
 .debug_rnglists
                0x00000021       0x13 ./Core/Src/common.o
 .debug_rnglists
                0x00000034       0x13 ./Core/Src/dma.o
 .debug_rnglists
                0x00000047       0x14 ./Core/Src/gpio.o
 .debug_rnglists
                0x0000005b       0x7f ./Core/Src/main.o
 .debug_rnglists
                0x000000da       0x13 ./Core/Src/modbus_crc.o
 .debug_rnglists
                0x000000ed       0x20 ./Core/Src/rtc.o
 .debug_rnglists
                0x0000010d       0x20 ./Core/Src/spi.o
 .debug_rnglists
                0x0000012d       0x13 ./Core/Src/stm32f1xx_hal_msp.o
 .debug_rnglists
                0x00000140       0x61 ./Core/Src/stm32f1xx_it.o
 .debug_rnglists
                0x000001a1       0xc9 ./Core/Src/sx1278.o
 .debug_rnglists
                0x0000026a       0x13 ./Core/Src/sysmem.o
 .debug_rnglists
                0x0000027d       0x1a ./Core/Src/system_stm32f1xx.o
 .debug_rnglists
                0x00000297       0x26 ./Core/Src/usart.o
 .debug_rnglists
                0x000002bd       0x19 ./Core/Startup/startup_stm32f103c8tx.o
 .debug_rnglists
                0x000002d6       0xa3 ./Drivers/STM32F1xx_HAL_Driver/Src/stm32f1xx_hal.o
 .debug_rnglists
                0x00000379       0xbc ./Drivers/STM32F1xx_HAL_Driver/Src/stm32f1xx_hal_adc.o
 .debug_rnglists
                0x00000435       0xbb ./Drivers/STM32F1xx_HAL_Driver/Src/stm32f1xx_hal_cortex.o
 .debug_rnglists
                0x000004f0       0x64 ./Drivers/STM32F1xx_HAL_Driver/Src/stm32f1xx_hal_dma.o
 .debug_rnglists
                0x00000554       0x3f ./Drivers/STM32F1xx_HAL_Driver/Src/stm32f1xx_hal_gpio.o
 .debug_rnglists
                0x00000593       0x7a ./Drivers/STM32F1xx_HAL_Driver/Src/stm32f1xx_hal_pwr.o
 .debug_rnglists
                0x0000060d       0x6c ./Drivers/STM32F1xx_HAL_Driver/Src/stm32f1xx_hal_rcc.o
 .debug_rnglists
                0x00000679       0x21 ./Drivers/STM32F1xx_HAL_Driver/Src/stm32f1xx_hal_rcc_ex.o
 .debug_rnglists
                0x0000069a       0xc1 ./Drivers/STM32F1xx_HAL_Driver/Src/stm32f1xx_hal_rtc.o
 .debug_rnglists
                0x0000075b       0x63 ./Drivers/STM32F1xx_HAL_Driver/Src/stm32f1xx_hal_rtc_ex.o
 .debug_rnglists
                0x000007be      0x16e ./Drivers/STM32F1xx_HAL_Driver/Src/stm32f1xx_hal_spi.o
 .debug_rnglists
                0x0000092c      0x1bc ./Drivers/STM32F1xx_HAL_Driver/Src/stm32f1xx_hal_uart.o

.debug_macro    0x00000000    0x1a795
 .debug_macro   0x00000000      0x1e3 ./Core/Src/adc.o
 .debug_macro   0x000001e3      0xaa8 ./Core/Src/adc.o
 .debug_macro   0x00000c8b      0x233 ./Core/Src/adc.o
 .debug_macro   0x00000ebe       0x2e ./Core/Src/adc.o
 .debug_macro   0x00000eec       0x22 ./Core/Src/adc.o
 .debug_macro   0x00000f0e       0x22 ./Core/Src/adc.o
 .debug_macro   0x00000f30       0x8e ./Core/Src/adc.o
 .debug_macro   0x00000fbe       0x51 ./Core/Src/adc.o
 .debug_macro   0x0000100f      0x103 ./Core/Src/adc.o
 .debug_macro   0x00001112       0x6a ./Core/Src/adc.o
 .debug_macro   0x0000117c      0x1df ./Core/Src/adc.o
 .debug_macro   0x0000135b       0x1c ./Core/Src/adc.o
 .debug_macro   0x00001377       0x22 ./Core/Src/adc.o
 .debug_macro   0x00001399       0xbd ./Core/Src/adc.o
 .debug_macro   0x00001456      0xd23 ./Core/Src/adc.o
 .debug_macro   0x00002179     0xe09e ./Core/Src/adc.o
 .debug_macro   0x00010217       0x6d ./Core/Src/adc.o
 .debug_macro   0x00010284     0x34a2 ./Core/Src/adc.o
 .debug_macro   0x00013726      0x189 ./Core/Src/adc.o
 .debug_macro   0x000138af       0x5c ./Core/Src/adc.o
 .debug_macro   0x0001390b      0x5bc ./Core/Src/adc.o
 .debug_macro   0x00013ec7      0x289 ./Core/Src/adc.o
 .debug_macro   0x00014150      0x1cb ./Core/Src/adc.o
 .debug_macro   0x0001431b      0x114 ./Core/Src/adc.o
 .debug_macro   0x0001442f      0x1b2 ./Core/Src/adc.o
 .debug_macro   0x000145e1       0x27 ./Core/Src/adc.o
 .debug_macro   0x00014608      0x136 ./Core/Src/adc.o
 .debug_macro   0x0001473e      0x1bc ./Core/Src/adc.o
 .debug_macro   0x000148fa       0x34 ./Core/Src/adc.o
 .debug_macro   0x0001492e       0x3c ./Core/Src/adc.o
 .debug_macro   0x0001496a       0x57 ./Core/Src/adc.o
 .debug_macro   0x000149c1      0x46a ./Core/Src/adc.o
 .debug_macro   0x00014e2b      0x1b5 ./Core/Src/adc.o
 .debug_macro   0x00014fe0       0x87 ./Core/Src/adc.o
 .debug_macro   0x00015067      0x240 ./Core/Src/adc.o
 .debug_macro   0x000152a7      0x287 ./Core/Src/adc.o
 .debug_macro   0x0001552e      0x140 ./Core/Src/adc.o
 .debug_macro   0x0001566e      0x1ef ./Core/Src/adc.o
 .debug_macro   0x0001585d       0xeb ./Core/Src/adc.o
 .debug_macro   0x00015948      0x217 ./Core/Src/adc.o
 .debug_macro   0x00015b5f      0x28e ./Core/Src/adc.o
 .debug_macro   0x00015ded       0x83 ./Core/Src/adc.o
 .debug_macro   0x00015e70       0x76 ./Core/Src/adc.o
 .debug_macro   0x00015ee6      0x40a ./Core/Src/common.o
 .debug_macro   0x000162f0       0x5b ./Core/Src/common.o
 .debug_macro   0x0001634b       0x24 ./Core/Src/common.o
 .debug_macro   0x0001636f       0x94 ./Core/Src/common.o
 .debug_macro   0x00016403       0x43 ./Core/Src/common.o
 .debug_macro   0x00016446       0x34 ./Core/Src/common.o
 .debug_macro   0x0001647a       0x16 ./Core/Src/common.o
 .debug_macro   0x00016490       0x57 ./Core/Src/common.o
 .debug_macro   0x000164e7       0x9e ./Core/Src/common.o
 .debug_macro   0x00016585      0x369 ./Core/Src/common.o
 .debug_macro   0x000168ee      0x10b ./Core/Src/common.o
 .debug_macro   0x000169f9       0x10 ./Core/Src/common.o
 .debug_macro   0x00016a09       0x16 ./Core/Src/common.o
 .debug_macro   0x00016a1f       0x43 ./Core/Src/common.o
 .debug_macro   0x00016a62       0x34 ./Core/Src/common.o
 .debug_macro   0x00016a96       0x10 ./Core/Src/common.o
 .debug_macro   0x00016aa6       0x58 ./Core/Src/common.o
 .debug_macro   0x00016afe       0x8e ./Core/Src/common.o
 .debug_macro   0x00016b8c       0x1c ./Core/Src/common.o
 .debug_macro   0x00016ba8      0x177 ./Core/Src/common.o
 .debug_macro   0x00016d1f       0x16 ./Core/Src/common.o
 .debug_macro   0x00016d35       0x16 ./Core/Src/common.o
 .debug_macro   0x00016d4b      0x146 ./Core/Src/common.o
 .debug_macro   0x00016e91       0x16 ./Core/Src/common.o
 .debug_macro   0x00016ea7       0x35 ./Core/Src/common.o
 .debug_macro   0x00016edc       0x20 ./Core/Src/common.o
 .debug_macro   0x00016efc       0x16 ./Core/Src/common.o
 .debug_macro   0x00016f12       0x16 ./Core/Src/common.o
 .debug_macro   0x00016f28       0x29 ./Core/Src/common.o
 .debug_macro   0x00016f51      0x19b ./Core/Src/common.o
 .debug_macro   0x000170ec       0x22 ./Core/Src/common.o
 .debug_macro   0x0001710e       0x16 ./Core/Src/common.o
 .debug_macro   0x00017124       0x10 ./Core/Src/common.o
 .debug_macro   0x00017134       0x10 ./Core/Src/common.o
 .debug_macro   0x00017144       0x10 ./Core/Src/common.o
 .debug_macro   0x00017154       0x1c ./Core/Src/common.o
 .debug_macro   0x00017170       0x52 ./Core/Src/common.o
 .debug_macro   0x000171c2       0x22 ./Core/Src/common.o
 .debug_macro   0x000171e4       0x10 ./Core/Src/common.o
 .debug_macro   0x000171f4       0x52 ./Core/Src/common.o
 .debug_macro   0x00017246       0xc1 ./Core/Src/common.o
 .debug_macro   0x00017307       0x1c ./Core/Src/common.o
 .debug_macro   0x00017323       0x3d ./Core/Src/common.o
 .debug_macro   0x00017360       0x35 ./Core/Src/common.o
 .debug_macro   0x00017395       0x56 ./Core/Src/common.o
 .debug_macro   0x000173eb      0x166 ./Core/Src/common.o
 .debug_macro   0x00017551       0x1c ./Core/Src/common.o
 .debug_macro   0x0001756d      0x1e3 ./Core/Src/dma.o
 .debug_macro   0x00017750      0x1e3 ./Core/Src/gpio.o
 .debug_macro   0x00017933      0x486 ./Core/Src/main.o
 .debug_macro   0x00017db9       0x61 ./Core/Src/main.o
 .debug_macro   0x00017e1a       0x63 ./Core/Src/modbus_crc.o
 .debug_macro   0x00017e7d      0x1e3 ./Core/Src/rtc.o
 .debug_macro   0x00018060      0x1e3 ./Core/Src/spi.o
 .debug_macro   0x00018243      0x1d9 ./Core/Src/stm32f1xx_hal_msp.o
 .debug_macro   0x0001841c      0x1e3 ./Core/Src/stm32f1xx_it.o
 .debug_macro   0x000185ff      0x400 ./Core/Src/sx1278.o
 .debug_macro   0x000189ff       0xff ./Core/Src/sysmem.o
 .debug_macro   0x00018afe      0x23c ./Core/Src/sysmem.o
 .debug_macro   0x00018d3a      0x1ca ./Core/Src/system_stm32f1xx.o