Archive member included to satisfy reference by file (symbol)

C:/Program Files/STMicroelectronics/STM32Cube/STM32CubeIDE_1.15.0/STM32CubeIDE/plugins/com.st.stm32cube.ide.mcu.externaltools.gnu-tools-for-stm32.12.3.rel1.win32_1.0.100.202403111256/tools/bin/../lib/gcc/arm-none-eabi/12.3.1/../../../../arm-none-eabi/lib/thumb/v7-m/nofp\libc_nano.a(libc_a-exit.o)
                              C:/Program Files/STMicroelectronics/STM32Cube/STM32CubeIDE_1.15.0/STM32CubeIDE/plugins/com.st.stm32cube.ide.mcu.externaltools.gnu-tools-for-stm32.12.3.rel1.win32_1.0.100.202403111256/tools/bin/../lib/gcc/arm-none-eabi/12.3.1/../../../../arm-none-eabi/lib/thumb/v7-m/nofp/crt0.o (exit)
C:/Program Files/STMicroelectronics/STM32Cube/STM32CubeIDE_1.15.0/STM32CubeIDE/plugins/com.st.stm32cube.ide.mcu.externaltools.gnu-tools-for-stm32.12.3.rel1.win32_1.0.100.202403111256/tools/bin/../lib/gcc/arm-none-eabi/12.3.1/../../../../arm-none-eabi/lib/thumb/v7-m/nofp\libc_nano.a(libc_a-rand.o)
                              ./Core/Src/sx1278.o (srand)
C:/Program Files/STMicroelectronics/STM32Cube/STM32CubeIDE_1.15.0/STM32CubeIDE/plugins/com.st.stm32cube.ide.mcu.externaltools.gnu-tools-for-stm32.12.3.rel1.win32_1.0.100.202403111256/tools/bin/../lib/gcc/arm-none-eabi/12.3.1/../../../../arm-none-eabi/lib/thumb/v7-m/nofp\libc_nano.a(libc_a-findfp.o)
                              C:/Program Files/STMicroelectronics/STM32Cube/STM32CubeIDE_1.15.0/STM32CubeIDE/plugins/com.st.stm32cube.ide.mcu.externaltools.gnu-tools-for-stm32.12.3.rel1.win32_1.0.100.202403111256/tools/bin/../lib/gcc/arm-none-eabi/12.3.1/../../../../arm-none-eabi/lib/thumb/v7-m/nofp\libc_nano.a(libc_a-exit.o) (__stdio_exit_handler)
C:/Program Files/STMicroelectronics/STM32Cube/STM32CubeIDE_1.15.0/STM32CubeIDE/plugins/com.st.stm32cube.ide.mcu.externaltools.gnu-tools-for-stm32.12.3.rel1.win32_1.0.100.202403111256/tools/bin/../lib/gcc/arm-none-eabi/12.3.1/../../../../arm-none-eabi/lib/thumb/v7-m/nofp\libc_nano.a(libc_a-fwalk.o)
                              C:/Program Files/STMicroelectronics/STM32Cube/STM32CubeIDE_1.15.0/STM32CubeIDE/plugins/com.st.stm32cube.ide.mcu.externaltools.gnu-tools-for-stm32.12.3.rel1.win32_1.0.100.202403111256/tools/bin/../lib/gcc/arm-none-eabi/12.3.1/../../../../arm-none-eabi/lib/thumb/v7-m/nofp\libc_nano.a(libc_a-findfp.o) (_fwalk_sglue)
C:/Program Files/STMicroelectronics/STM32Cube/STM32CubeIDE_1.15.0/STM32CubeIDE/plugins/com.st.stm32cube.ide.mcu.externaltools.gnu-tools-for-stm32.12.3.rel1.win32_1.0.100.202403111256/tools/bin/../lib/gcc/arm-none-eabi/12.3.1/../../../../arm-none-eabi/lib/thumb/v7-m/nofp\libc_nano.a(libc_a-sprintf.o)
                              ./Core/Src/common.o (sprintf)
C:/Program Files/STMicroelectronics/STM32Cube/STM32CubeIDE_1.15.0/STM32CubeIDE/plugins/com.st.stm32cube.ide.mcu.externaltools.gnu-tools-for-stm32.12.3.rel1.win32_1.0.100.202403111256/tools/bin/../lib/gcc/arm-none-eabi/12.3.1/../../../../arm-none-eabi/lib/thumb/v7-m/nofp\libc_nano.a(libc_a-stdio.o)
                              C:/Program Files/STMicroelectronics/STM32Cube/STM32CubeIDE_1.15.0/STM32CubeIDE/plugins/com.st.stm32cube.ide.mcu.externaltools.gnu-tools-for-stm32.12.3.rel1.win32_1.0.100.202403111256/tools/bin/../lib/gcc/arm-none-eabi/12.3.1/../../../../arm-none-eabi/lib/thumb/v7-m/nofp\libc_nano.a(libc_a-findfp.o) (__sread)
C:/Program Files/STMicroelectronics/STM32Cube/STM32CubeIDE_1.15.0/STM32CubeIDE/plugins/com.st.stm32cube.ide.mcu.externaltools.gnu-tools-for-stm32.12.3.rel1.win32_1.0.100.202403111256/tools/bin/../lib/gcc/arm-none-eabi/12.3.1/../../../../arm-none-eabi/lib/thumb/v7-m/nofp\libc_nano.a(libc_a-memset.o)
                              C:/Program Files/STMicroelectronics/STM32Cube/STM32CubeIDE_1.15.0/STM32CubeIDE/plugins/com.st.stm32cube.ide.mcu.externaltools.gnu-tools-for-stm32.12.3.rel1.win32_1.0.100.202403111256/tools/bin/../lib/gcc/arm-none-eabi/12.3.1/../../../../arm-none-eabi/lib/thumb/v7-m/nofp/crt0.o (memset)
C:/Program Files/STMicroelectronics/STM32Cube/STM32CubeIDE_1.15.0/STM32CubeIDE/plugins/com.st.stm32cube.ide.mcu.externaltools.gnu-tools-for-stm32.12.3.rel1.win32_1.0.100.202403111256/tools/bin/../lib/gcc/arm-none-eabi/12.3.1/../../../../arm-none-eabi/lib/thumb/v7-m/nofp\libc_nano.a(libc_a-closer.o)
                              C:/Program Files/STMicroelectronics/STM32Cube/STM32CubeIDE_1.15.0/STM32CubeIDE/plugins/com.st.stm32cube.ide.mcu.externaltools.gnu-tools-for-stm32.12.3.rel1.win32_1.0.100.202403111256/tools/bin/../lib/gcc/arm-none-eabi/12.3.1/../../../../arm-none-eabi/lib/thumb/v7-m/nofp\libc_nano.a(libc_a-stdio.o) (_close_r)
C:/Program Files/STMicroelectronics/STM32Cube/STM32CubeIDE_1.15.0/STM32CubeIDE/plugins/com.st.stm32cube.ide.mcu.externaltools.gnu-tools-for-stm32.12.3.rel1.win32_1.0.100.202403111256/tools/bin/../lib/gcc/arm-none-eabi/12.3.1/../../../../arm-none-eabi/lib/thumb/v7-m/nofp\libc_nano.a(libc_a-reent.o)
[...]
Memory Configuration

Name             Origin             Length             Attributes
RAM              0x20000000         0x00005000         xrw
FLASH            0x08000000         0x00010000         xr
*default*        0x00000000         0xffffffff

Linker script and memory map

LOAD C:/Program Files/STMicroelectronics/STM32Cube/STM32CubeIDE_1.15.0/STM32CubeIDE/plugins/com.st.stm32cube.ide.mcu.externaltools.gnu-tools-for-stm32.12.3.rel1.win32_1.0.100.202403111256/tools/bin/../lib/gcc/arm-none-eabi/12.3.1/thumb/v7-m/nofp/crti.o
LOAD C:/Program Files/STMicroelectronics/STM32Cube/STM32CubeIDE_1.15.0/STM32CubeIDE/plugins/com.st.stm32cube.ide.mcu.externaltools.gnu-tools-for-stm32.12.3.rel1.win32_1.0.100.202403111256/tools/bin/../lib/gcc/arm-none-eabi/12.3.1/thumb/v7-m/nofp/crtbegin.o
LOAD C:/Program Files/STMicroelectronics/STM32Cube/STM32CubeIDE_1.15.0/STM32CubeIDE/plugins/com.st.stm32cube.ide.mcu.externaltools.gnu-tools-for-stm32.12.3.rel1.win32_1.0.100.202403111256/tools/bin/../lib/gcc/arm-none-eabi/12.3.1/../../../../arm-none-eabi/lib/thumb/v7-m/nofp/crt0.o
LOAD ./Core/Src/adc.o
LOAD ./Core/Src/aht20.o
LOAD ./Core/Src/common.o
LOAD ./Core/Src/dma.o
LOAD ./Core/Src/flash.o
LOAD ./Core/Src/gpio.o
LOAD ./Core/Src/i2c.o
LOAD ./Core/Src/main.o
LOAD ./Core/Src/modbus_crc.o
LOAD ./Core/Src/rtc.o
LOAD ./Core/Src/spi.o
LOAD ./Core/Src/stm32f1xx_hal_msp.o
LOAD ./Core/Src/stm32f1xx_it.o
LOAD ./Core/Src/sx1278.o
LOAD ./Core/Src/syscalls.o
LOAD ./Core/Src/sysmem.o
LOAD ./Core/Src/system_stm32f1xx.o
LOAD ./Core/Src/usart.o
LOAD ./Core/Startup/startup_stm32f103c8tx.o
LOAD ./Drivers/STM32F1xx_HAL_Driver/Src/stm32f1xx_hal.o
LOAD ./Drivers/STM32F1xx_HAL_Driver/Src/stm32f1xx_hal_adc.o
LOAD ./Drivers/STM32F1xx_HAL_Driver/Src/stm32f1xx_hal_adc_ex.o
LOAD ./Drivers/STM32F1xx_HAL_Driver/Src/stm32f1xx_hal_cortex.o
LOAD ./Drivers/STM32F1xx_HAL_Driver/Src/stm32f1xx_hal_dma.o
LOAD ./Drivers/STM32F1xx_HAL_Driver/Src/stm32f1xx_hal_exti.o
LOAD ./Drivers/STM32F1xx_HAL_Driver/Src/stm32f1xx_hal_flash.o
LOAD ./Drivers/STM32F1xx_HAL_Driver/Src/stm32f1xx_hal_flash_ex.o
LOAD ./Drivers/STM32F1xx_HAL_Driver/Src/stm32f1xx_hal_gpio.o
LOAD ./Drivers/STM32F1xx_HAL_Driver/Src/stm32f1xx_hal_gpio_ex.o
LOAD ./Drivers/STM32F1xx_HAL_Driver/Src/stm32f1xx_hal_i2c.o
LOAD ./Drivers/STM32F1xx_HAL_Driver/Src/stm32f1xx_hal_pwr.o
LOAD ./Drivers/STM32F1xx_HAL_Driver/Src/stm32f1xx_hal_rcc.o
LOAD ./Drivers/STM32F1xx_HAL_Driver/Src/stm32f1xx_hal_rcc_ex.o
LOAD ./Drivers/STM32F1xx_HAL_Driver/Src/stm32f1xx_hal_rtc.o
LOAD ./Drivers/STM32F1xx_HAL_Driver/Src/stm32f1xx_hal_rtc_ex.o
LOAD ./Drivers/STM32F1xx_HAL_Driver/Src/stm32f1xx_hal_spi.o
LOAD ./Drivers/STM32F1xx_HAL_Driver/Src/stm32f1xx_hal_tim.o
LOAD ./Drivers/STM32F1xx_HAL_Driver/Src/stm32f1xx_hal_tim_ex.o
LOAD ./Drivers/STM32F1xx_HAL_Driver/Src/stm32f1xx_hal_uart.o
START GROUP
LOAD C:/Program Files/STMicroelectronics/STM32Cube/STM32CubeIDE_1.15.0/STM32CubeIDE/plugins/com.st.stm32cube.ide.mcu.externaltools.gnu-tools-for-stm32.12.3.rel1.win32_1.0.100.202403111256/tools/bin/../lib/gcc/arm-none-eabi/12.3.1/../../../../arm-none-eabi/lib/thumb/v7-m/nofp\libc_nano.a
LOAD C:/Program Files/STMicroelectronics/STM32Cube/STM32CubeIDE_1.15.0/STM32CubeIDE/plugins/com.st.stm32cube.ide.mcu.externaltools.gnu-tools-for-stm32.12.3.rel1.win32_1.0.100.202403111256/tools/bin/../lib/gcc/arm-none-eabi/12.3.1/../../../../arm-none-eabi/lib/thumb/v7-m/nofp\libm.a
END GROUP
START GROUP
LOAD C:/Program Files/STMicroelectronics/STM32Cube/STM32CubeIDE_1.15.0/STM32CubeIDE/plugins/com.st.stm32cube.ide.mcu.externaltools.gnu-tools-for-stm32.12.3.rel1.win32_1.0.100.202403111256/tools/bin/../lib/gcc/arm-none-eabi/12.3.1/thumb/v7-m/nofp\libgcc.a
LOAD C:/Program Files/STMicroelectronics/STM32Cube/STM32CubeIDE_1.15.0/STM32CubeIDE/plugins/com.st.stm32cube.ide.mcu.externaltools.gnu-tools-for-stm32.12.3.rel1.win32_1.0.100.202403111256/tools/bin/../lib/gcc/arm-none-eabi/12.3.1/../../../../arm-none-eabi/lib/thumb/v7-m/nofp\libc_nano.a
END GROUP
START GROUP
LOAD C:/Program Files/STMicroelectronics/STM32Cube/STM32CubeIDE_1.15.0/STM32CubeIDE/plugins/com.st.stm32cube.ide.mcu.externaltools.gnu-tools-for-stm32.12.3.rel1.win32_1.0.100.202403111256/tools/bin/../lib/gcc/arm-none-eabi/12.3.1/thumb/v7-m/nofp\libgcc.a
LOAD C:/Program Files/STMicroelectronics/STM32Cube/STM32CubeIDE_1.15.0/STM32CubeIDE/plugins/com.st.stm32cube.ide.mcu.externaltools.gnu-tools-for-stm32.12.3.rel1.win32_1.0.100.202403111256/tools/bin/../lib/gcc/arm-none-eabi/12.3.1/../../../../arm-none-eabi/lib/thumb/v7-m/nofp\libc_nano.a
LOAD C:/Program Files/STMicroelectronics/STM32Cube/STM32CubeIDE_1.15.0/STM32CubeIDE/plugins/com.st.stm32cube.ide.mcu.externaltools.gnu-tools-for-stm32.12.3.rel1.win32_1.0.100.202403111256/tools/bin/../lib/gcc/arm-none-eabi/12.3.1/../../../../arm-none-eabi/lib/thumb/v7-m/nofp\libnosys.a
END GROUP
START GROUP
LOAD C:/Program Files/STMicroelectronics/STM32Cube/STM32CubeIDE_1.15.0/STM32CubeIDE/plugins/com.st.stm32cube.ide.mcu.externaltools.gnu-tools-for-stm32.12.3.rel1.win32_1.0.100.202403111256/tools/bin/../lib/gcc/arm-none-eabi/12.3.1/thumb/v7-m/nofp\libgcc.a
LOAD C:/Program Files/STMicroelectronics/STM32Cube/STM32CubeIDE_1.15.0/STM32CubeIDE/plugins/com.st.stm32cube.ide.mcu.externaltools.gnu-tools-for-stm32.12.3.rel1.win32_1.0.100.202403111256/tools/bin/../lib/gcc/arm-none-eabi/12.3.1/../../../../arm-none-eabi/lib/thumb/v7-m/nofp\libc_nano.a
LOAD C:/Program Files/STMicroelectronics/STM32Cube/STM32CubeIDE_1.15.0/STM32CubeIDE/plugins/com.st.stm32cube.ide.mcu.externaltools.gnu-tools-for-stm32.12.3.rel1.win32_1.0.100.202403111256/tools/bin/../lib/gcc/arm-none-eabi/12.3.1/../../../../arm-none-eabi/lib/thumb/v7-m/nofp\libnosys.a
END GROUP
LOAD C:/Program Files/STMicroelectronics/STM32Cube/STM32CubeIDE_1.15.0/STM32CubeIDE/plugins/com.st.stm32cube.ide.mcu.externaltools.gnu-tools-for-stm32.12.3.rel1.win32_1.0.100.202403111256/tools/bin/../lib/gcc/arm-none-eabi/12.3.1/thumb/v7-m/nofp/crtend.o
LOAD C:/Program Files/STMicroelectronics/STM32Cube/STM32CubeIDE_1.15.0/STM32CubeIDE/plugins/com.st.stm32cube.ide.mcu.externaltools.gnu-tools-for-stm32.12.3.rel1.win32_1.0.100.202403111256/tools/bin/../lib/gcc/arm-none-eabi/12.3.1/thumb/v7-m/nofp/crtn.o
                0x20005000                        _estack = (ORIGIN (RAM) + LENGTH (RAM))
                0x00000200                        _Min_Heap_Size = 0x200
                0x00000400                        _Min_Stack_Size = 0x400

.isr_vector     0x08000000      0x10c
                0x08000000                        . = ALIGN (0x4)
 *(.isr_vector)
 .isr_vector    0x08000000      0x10c ./Core/Startup/startup_stm32f103c8tx.o
                0x08000000                g_pfnVectors
                0x0800010c                        . = ALIGN (0x4)

.text           0x08000110     0x8410
                0x08000110                        . = ALIGN (0x4)
 *(.text)
 .text          0x08000110       0x40 C:/Program Files/STMicroelectronics/STM32Cube/STM32CubeIDE_1.15.0/STM32CubeIDE/plugins/com.st.stm32cube.ide.mcu.externaltools.gnu-tools-for-stm32.12.3.rel1.win32_1.0.100.202403111256/tools/bin/../lib/gcc/arm-none-eabi/12.3.1/thumb/v7-m/nofp/crtbegin.o
 .text          0x08000150       0x10 C:/Program Files/STMicroelectronics/STM32Cube/STM32CubeIDE_1.15.0/STM32CubeIDE/plugins/com.st.stm32cube.ide.mcu.externaltools.gnu-tools-for-stm32.12.3.rel1.win32_1.0.100.202403111256/tools/bin/../lib/gcc/arm-none-eabi/12.3.1/../../../../arm-none-eabi/lib/thumb/v7-m/nofp\libc_nano.a(libc_a-strlen.o)
                0x08000150                strlen
 .text          0x08000160      0x378 C:/Program Files/STMicroelectronics/STM32Cube/STM32CubeIDE_1.15.0/STM32CubeIDE/plugins/com.st.stm32cube.ide.mcu.externaltools.gnu-tools-for-stm32.12.3.rel1.win32_1.0.100.202403111256/tools/bin/../lib/gcc/arm-none-eabi/12.3.1/thumb/v7-m/nofp\libgcc.a(_arm_addsubdf3.o)
                0x08000160                __aeabi_drsub
                0x08000168                __aeabi_dsub
                0x08000168                __subdf3
                0x0800016c                __aeabi_dadd
                0x0800016c                __adddf3
                0x080003e4                __floatunsidf
                0x080003e4                __aeabi_ui2d
                0x08000404                __floatsidf
                0x08000404                __aeabi_i2d
                0x08000428                __aeabi_f2d
                0x08000428                __extendsfdf2
                0x0800046c                __floatundidf
                0x0800046c                __aeabi_ul2d
                0x0800047c                __floatdidf
                0x0800047c                __aeabi_l2d
 .text          0x080004d8      0x424 C:/Program Files/STMicroelectronics/STM32Cube/STM32CubeIDE_1.15.0/STM32CubeIDE/plugins/com.st.stm32cube.ide.mcu.externaltools.gnu-tools-for-stm32.12.3.rel1.win32_1.0.100.202403111256/tools/bin/../lib/gcc/arm-none-eabi/12.3.1/thumb/v7-m/nofp\libgcc.a(_arm_muldivdf3.o)
                0x080004d8                __aeabi_dmul
                0x080004d8                __muldf3
                0x0800072c                __divdf3
                0x0800072c                __aeabi_ddiv
 .text          0x080008fc       0x40 C:/Program Files/STMicroelectronics/STM32Cube/STM32CubeIDE_1.15.0/STM32CubeIDE/plugins/com.st.stm32cube.ide.mcu.externaltools.gnu-tools-for-stm32.12.3.rel1.win32_1.0.100.202403111256/tools/bin/../lib/gcc/arm-none-eabi/12.3.1/thumb/v7-m/nofp\libgcc.a(_arm_fixunsdfsi.o)
                0x080008fc                __aeabi_d2uiz
                0x080008fc                __fixunsdfsi
 .text          0x0800093c       0xa0 C:/Program Files/STMicroelectronics/STM32Cube/STM32CubeIDE_1.15.0/STM32CubeIDE/plugins/com.st.stm32cube.ide.mcu.externaltools.gnu-tools-for-stm32.12.3.rel1.win32_1.0.100.202403111256/tools/bin/../lib/gcc/arm-none-eabi/12.3.1/thumb/v7-m/nofp\libgcc.a(_arm_truncdfsf2.o)
                0x0800093c                __truncdfsf2
                0x0800093c                __aeabi_d2f
 .text          0x080009dc      0x21c C:/Program Files/STMicroelectronics/STM32Cube/STM32CubeIDE_1.15.0/STM32CubeIDE/plugins/com.st.stm32cube.ide.mcu.externaltools.gnu-tools-for-stm32.12.3.rel1.win32_1.0.100.202403111256/tools/bin/../lib/gcc/arm-none-eabi/12.3.1/thumb/v7-m/nofp\libgcc.a(_arm_addsubsf3.o)
                0x080009dc                __aeabi_frsub
                0x080009e4                __subsf3
                0x080009e4                __aeabi_fsub
                0x080009e8                __aeabi_fadd
                0x080009e8                __addsf3
                0x08000b48                __aeabi_ui2f
                0x08000b48                __floatunsisf
                0x08000b50                __aeabi_i2f
                0x08000b50                __floatsisf
                0x08000b6c                __aeabi_ul2f
                0x08000b6c                __floatundisf
                0x08000b7c                __aeabi_l2f
                0x08000b7c                __floatdisf
 .text          0x08000bf8      0x2a0 C:/Program Files/STMicroelectronics/STM32Cube/STM32CubeIDE_1.15.0/STM32CubeIDE/plugins/com.st.stm32cube.ide.mcu.externaltools.gnu-tools-for-stm32.12.3.rel1.win32_1.0.100.202403111256/tools/bin/../lib/gcc/arm-none-eabi/12.3.1/thumb/v7-m/nofp\libgcc.a(_arm_muldivsf3.o)
                0x08000bf8                __mulsf3
                0x08000bf8                __aeabi_fmul
                0x08000d60                __aeabi_fdiv
                0x08000d60                __divsf3
 .text          0x08000e98       0x40 C:/Program Files/STMicroelectronics/STM32Cube/STM32CubeIDE_1.15.0/STM32CubeIDE/plugins/com.st.stm32cube.ide.mcu.externaltools.gnu-tools-for-stm32.12.3.rel1.win32_1.0.100.202403111256/tools/bin/../lib/gcc/arm-none-eabi/12.3.1/thumb/v7-m/nofp\libgcc.a(_arm_fixunssfsi.o)
                0x08000e98                __fixunssfsi
                0x08000e98                __aeabi_f2uiz
 .text          0x08000ed8       0x30 C:/Program Files/STMicroelectronics/STM32Cube/STM32CubeIDE_1.15.0/STM32CubeIDE/plugins/com.st.stm32cube.ide.mcu.externaltools.gnu-tools-for-stm32.12.3.rel1.win32_1.0.100.202403111256/tools/bin/../lib/gcc/arm-none-eabi/12.3.1/thumb/v7-m/nofp\libgcc.a(_aeabi_uldivmod.o)
                0x08000ed8                __aeabi_uldivmod
 .text          0x08000f08      0x2b8 C:/Program Files/STMicroelectronics/STM32Cube/STM32CubeIDE_1.15.0/STM32CubeIDE/plugins/com.st.stm32cube.ide.mcu.externaltools.gnu-tools-for-stm32.12.3.rel1.win32_1.0.100.202403111256/tools/bin/../lib/gcc/arm-none-eabi/12.3.1/thumb/v7-m/nofp\libgcc.a(_udivmoddi4.o)
                0x08000f08                __udivmoddi4
 .text          0x080011c0        0x4 C:/Program Files/STMicroelectronics/STM32Cube/STM32CubeIDE_1.15.0/STM32CubeIDE/plugins/com.st.stm32cube.ide.mcu.externaltools.gnu-tools-for-stm32.12.3.rel1.win32_1.0.100.202403111256/tools/bin/../lib/gcc/arm-none-eabi/12.3.1/thumb/v7-m/nofp\libgcc.a(_dvmd_tls.o)
                0x080011c0                __aeabi_idiv0
                0x080011c0                __aeabi_ldiv0
 *(.text*)
 .text.MX_ADC1_Init
                0x080011c4       0x9c ./Core/Src/adc.o
                0x080011c4                MX_ADC1_Init
 .text.HAL_ADC_MspInit
                0x08001260       0xd0 ./Core/Src/adc.o
                0x08001260                HAL_ADC_MspInit
 .text.LOG      0x08001330       0x54 ./Core/Src/common.o
                0x08001330                LOG
 .text.MX_DMA_Init
                0x08001384       0x3c ./Core/Src/dma.o
                0x08001384                MX_DMA_Init
 .text.GetPage  0x080013c0       0x22 ./Core/Src/flash.o
 *fill*         0x080013e2        0x2 
 .text.Flash_Write_Data
                0x080013e4       0xb8 ./Core/Src/flash.o
                0x080013e4                Flash_Write_Data
 .text.MX_GPIO_Init
                0x0800149c      0x15c ./Core/Src/gpio.o
                0x0800149c                MX_GPIO_Init
 .text.modbus_tx_extenso
                0x080015f8       0x88 ./Core/Src/main.o
                0x080015f8                modbus_tx_extenso
 .text.main     0x08001680       0xfc ./Core/Src/main.o
                0x08001680                main
 .text.SystemClock_Config
                0x0800177c       0xbc ./Core/Src/main.o
                0x0800177c                SystemClock_Config
 .text.HAL_UARTEx_RxEventCallback
                0x08001838       0x70 ./Core/Src/main.o
                0x08001838                HAL_UARTEx_RxEventCallback
 .text.read_ADC
                0x080018a8      0x168 ./Core/Src/main.o
                0x080018a8                read_ADC
 .text.read_sensor_extenso
                0x08001a10       0xc4 ./Core/Src/main.o
                0x08001a10                read_sensor_extenso
 .text.going_standby
                0x08001ad4       0xe4 ./Core/Src/main.o
                0x08001ad4                going_standby
 .text.is_OK_2_Talk
                0x08001bb8       0xb8 ./Core/Src/main.o
                0x08001bb8                is_OK_2_Talk
 .text.Link_Mode_Handle
                0x08001c70       0xf0 ./Core/Src/main.o
                0x08001c70                Link_Mode_Handle
 .text.Normal_Mode_Handle
                0x08001d60      0x17c ./Core/Src/main.o
                0x08001d60                Normal_Mode_Handle
 .text.Response_Handle
                0x08001edc      0x214 ./Core/Src/main.o
                0x08001edc                Response_Handle
 .text.HAL_GPIO_EXTI_Callback
                0x080020f0       0x44 ./Core/Src/main.o
                0x080020f0                HAL_GPIO_EXTI_Callback
 .text.HAL_RTCEx_RTCEventCallback
                0x08002134       0x14 ./Core/Src/main.o
                0x08002134                HAL_RTCEx_RTCEventCallback
 .text.Error_Handler
                0x08002148        0xc ./Core/Src/main.o
                0x08002148                Error_Handler
 .text.crc16    0x08002154       0x6c ./Core/Src/modbus_crc.o
                0x08002154                crc16
 .text.MX_RTC_Init
                0x080021c0       0x94 ./Core/Src/rtc.o
                0x080021c0                MX_RTC_Init
 .text.HAL_RTC_MspInit
                0x08002254       0x58 ./Core/Src/rtc.o
                0x08002254                HAL_RTC_MspInit
 .text.MX_SPI1_Init
                0x080022ac       0x6c ./Core/Src/spi.o
                0x080022ac                MX_SPI1_Init
 .text.HAL_SPI_MspInit
                0x08002318       0xb4 ./Core/Src/spi.o
                0x08002318                HAL_SPI_MspInit
 .text.HAL_SPI_MspDeInit
                0x080023cc       0x3c ./Core/Src/spi.o
                0x080023cc                HAL_SPI_MspDeInit
 .text.HAL_MspInit
                0x08002408       0x64 ./Core/Src/stm32f1xx_hal_msp.o
                0x08002408                HAL_MspInit
 .text.NMI_Handler
                0x0800246c        0x8 ./Core/Src/stm32f1xx_it.o
                0x0800246c                NMI_Handler
 .text.HardFault_Handler
                0x08002474        0x8 ./Core/Src/stm32f1xx_it.o
                0x08002474                HardFault_Handler
 .text.MemManage_Handler
                0x0800247c        0x8 ./Core/Src/stm32f1xx_it.o
                0x0800247c                MemManage_Handler
 .text.BusFault_Handler
                0x08002484        0x8 ./Core/Src/stm32f1xx_it.o
                0x08002484                BusFault_Handler
 .text.UsageFault_Handler
                0x0800248c        0x8 ./Core/Src/stm32f1xx_it.o
                0x0800248c                UsageFault_Handler
 .text.SVC_Handler
                0x08002494        0xc ./Core/Src/stm32f1xx_it.o
                0x08002494                SVC_Handler
 .text.DebugMon_Handler
                0x080024a0        0xc ./Core/Src/stm32f1xx_it.o
                0x080024a0                DebugMon_Handler
 .text.PendSV_Handler
                0x080024ac        0xc ./Core/Src/stm32f1xx_it.o
                0x080024ac                PendSV_Handler
 .text.SysTick_Handler
                0x080024b8        0xc ./Core/Src/stm32f1xx_it.o
                0x080024b8                SysTick_Handler
 .text.RTC_IRQHandler
                0x080024c4       0x14 ./Core/Src/stm32f1xx_it.o
                0x080024c4                RTC_IRQHandler
 .text.EXTI1_IRQHandler
                0x080024d8        0xe ./Core/Src/stm32f1xx_it.o
                0x080024d8                EXTI1_IRQHandler
 *fill*         0x080024e6        0x2 
 .text.DMA1_Channel1_IRQHandler
                0x080024e8       0x14 ./Core/Src/stm32f1xx_it.o
                0x080024e8                DMA1_Channel1_IRQHandler
 .text.EXTI9_5_IRQHandler
                0x080024fc        0xe ./Core/Src/stm32f1xx_it.o
                0x080024fc                EXTI9_5_IRQHandler
 *fill*         0x0800250a        0x2 
 .text.USART1_IRQHandler
                0x0800250c       0x14 ./Core/Src/stm32f1xx_it.o
                0x0800250c                USART1_IRQHandler
 .text.sx1278_read_reg
                0x08002520       0x80 ./Core/Src/sx1278.o
                0x08002520                sx1278_read_reg
 .text.sx1278_write_reg
                0x080025a0       0x7c ./Core/Src/sx1278.o
                0x080025a0                sx1278_write_reg
 .text.sx1278_reset
                0x0800261c       0x3c ./Core/Src/sx1278.o
                0x0800261c                sx1278_reset
 .text.sx1278_sleep
                0x08002658       0x10 ./Core/Src/sx1278.o
                0x08002658                sx1278_sleep
 .text.sx1278_standby
                0x08002668       0x10 ./Core/Src/sx1278.o
                0x08002668                sx1278_standby
 .text.sx1278_rx_contiuous
                0x08002678       0x10 ./Core/Src/sx1278.o
                0x08002678                sx1278_rx_contiuous
 .text.sx1278_tx
                0x08002688       0x10 ./Core/Src/sx1278.o
                0x08002688                sx1278_tx
 .text.sx1278_cad
                0x08002698       0x16 ./Core/Src/sx1278.o
                0x08002698                sx1278_cad
 .text.sx1278_set_tx_power
                0x080026ae       0x22 ./Core/Src/sx1278.o
                0x080026ae                sx1278_set_tx_power
 .text.sx1278_set_LNA_gain
                0x080026d0       0x64 ./Core/Src/sx1278.o
                0x080026d0                sx1278_set_LNA_gain
 .text.sx1278_set_freq
                0x08002734       0x84 ./Core/Src/sx1278.o
                0x08002734                sx1278_set_freq
 .text.sx1278_set_bandwidth
                0x080027b8       0xcc ./Core/Src/sx1278.o
                0x080027b8                sx1278_set_bandwidth
 .text.sx1278_set_sf
                0x08002884       0x80 ./Core/Src/sx1278.o
                0x08002884                sx1278_set_sf
 .text.sx1278_set_cr
                0x08002904       0x5c ./Core/Src/sx1278.o
                0x08002904                sx1278_set_cr
 .text.sx1278_set_header
                0x08002960       0x54 ./Core/Src/sx1278.o
                0x08002960                sx1278_set_header
 .text.sx1278_set_crc
                0x080029b4       0x46 ./Core/Src/sx1278.o
                0x080029b4                sx1278_set_crc
 .text.sx1278_set_preamble
                0x080029fa       0x2a ./Core/Src/sx1278.o
                0x080029fa                sx1278_set_preamble
 .text.sx1278_get_rssi
                0x08002a24       0x12 ./Core/Src/sx1278.o
                0x08002a24                sx1278_get_rssi
 *fill*         0x08002a36        0x2 
 .text.sx1278_get_snr
                0x08002a38       0x34 ./Core/Src/sx1278.o
                0x08002a38                sx1278_get_snr
 .text.sx1278_set_irq
                0x08002a6c       0x1c ./Core/Src/sx1278.o
                0x08002a6c                sx1278_set_irq
 .text.sx1278_init
                0x08002a88       0x90 ./Core/Src/sx1278.o
                0x08002a88                sx1278_init
 .text.sx1278_send_data
                0x08002b18       0xb0 ./Core/Src/sx1278.o
                0x08002b18                sx1278_send_data
 .text.sx1278_start_recv_data
                0x08002bc8       0x44 ./Core/Src/sx1278.o
                0x08002bc8                sx1278_start_recv_data
 .text.sx1278_recv_data
                0x08002c0c      0x108 ./Core/Src/sx1278.o
                0x08002c0c                sx1278_recv_data
 .text._sbrk    0x08002d14       0x6c ./Core/Src/sysmem.o
                0x08002d14                _sbrk
 .text.SystemInit
                0x08002d80        0xc ./Core/Src/system_stm32f1xx.o
                0x08002d80                SystemInit
 .text.MX_USART1_UART_Init
                0x08002d8c       0x54 ./Core/Src/usart.o
                0x08002d8c                MX_USART1_UART_Init
 .text.MX_USART2_UART_Init
                0x08002de0       0x54 ./Core/Src/usart.o
                0x08002de0                MX_USART2_UART_Init
 .text.HAL_UART_MspInit
                0x08002e34      0x118 ./Core/Src/usart.o
                0x08002e34                HAL_UART_MspInit
 .text.HAL_UART_MspDeInit
                0x08002f4c       0x68 ./Core/Src/usart.o
                0x08002f4c                HAL_UART_MspDeInit
 .text.Reset_Handler
                0x08002fb4       0x48 ./Core/Startup/startup_stm32f103c8tx.o
                0x08002fb4                Reset_Handler
 .text.Default_Handler
                0x08002ffc        0x2 ./Core/Startup/startup_stm32f103c8tx.o
                0x08002ffc                RTC_Alarm_IRQHandler
                0x08002ffc                EXTI2_IRQHandler
                0x08002ffc                TIM1_CC_IRQHandler
                0x08002ffc                PVD_IRQHandler
                0x08002ffc                EXTI3_IRQHandler
                0x08002ffc                EXTI0_IRQHandler
                0x08002ffc                I2C2_EV_IRQHandler
                0x08002ffc                ADC1_2_IRQHandler
                0x08002ffc                SPI1_IRQHandler
                0x08002ffc                TAMPER_IRQHandler
                0x08002ffc                DMA1_Channel4_IRQHandler
                0x08002ffc                USART3_IRQHandler
                0x08002ffc                DMA1_Channel7_IRQHandler
                0x08002ffc                CAN1_RX1_IRQHandler
                0x08002ffc                TIM4_IRQHandler
                0x08002ffc                I2C1_EV_IRQHandler
                0x08002ffc                DMA1_Channel6_IRQHandler
                0x08002ffc                TIM3_IRQHandler
                0x08002ffc                RCC_IRQHandler
                0x08002ffc                TIM1_TRG_COM_IRQHandler
                0x08002ffc                Default_Handler
                0x08002ffc                EXTI15_10_IRQHandler
                0x08002ffc                SPI2_IRQHandler
                0x08002ffc                DMA1_Channel5_IRQHandler
                0x08002ffc                EXTI4_IRQHandler
                0x08002ffc                USB_LP_CAN1_RX0_IRQHandler
                0x08002ffc                USB_HP_CAN1_TX_IRQHandler
                0x08002ffc                DMA1_Channel3_IRQHandler
                0x08002ffc                TIM1_UP_IRQHandler
                0x08002ffc                WWDG_IRQHandler
                0x08002ffc                TIM2_IRQHandler
                0x08002ffc                TIM1_BRK_IRQHandler
                0x08002ffc                USART2_IRQHandler
                0x08002ffc                I2C2_ER_IRQHandler
                0x08002ffc                DMA1_Channel2_IRQHandler
                0x08002ffc                CAN1_SCE_IRQHandler
                0x08002ffc                FLASH_IRQHandler
                0x08002ffc                I2C1_ER_IRQHandler
                0x08002ffc                USBWakeUp_IRQHandler
 *fill*         0x08002ffe        0x2 
 .text.HAL_Init
                0x08003000       0x2c ./Drivers/STM32F1xx_HAL_Driver/Src/stm32f1xx_hal.o
                0x08003000                HAL_Init
 .text.HAL_InitTick
                0x0800302c       0x60 ./Drivers/STM32F1xx_HAL_Driver/Src/stm32f1xx_hal.o
                0x0800302c                HAL_InitTick
 .text.HAL_IncTick
                0x0800308c       0x24 ./Drivers/STM32F1xx_HAL_Driver/Src/stm32f1xx_hal.o
                0x0800308c                HAL_IncTick
 .text.HAL_GetTick
                0x080030b0       0x14 ./Drivers/STM32F1xx_HAL_Driver/Src/stm32f1xx_hal.o
                0x080030b0                HAL_GetTick
 .text.HAL_Delay
                0x080030c4       0x48 ./Drivers/STM32F1xx_HAL_Driver/Src/stm32f1xx_hal.o
                0x080030c4                HAL_Delay
 .text.HAL_ADC_Init
                0x0800310c      0x1b0 ./Drivers/STM32F1xx_HAL_Driver/Src/stm32f1xx_hal_adc.o
                0x0800310c                HAL_ADC_Init
 .text.HAL_ADC_Start_DMA
                0x080032bc      0x1bc ./Drivers/STM32F1xx_HAL_Driver/Src/stm32f1xx_hal_adc.o
                0x080032bc                HAL_ADC_Start_DMA
 .text.HAL_ADC_Stop_DMA
                0x08003478       0x98 ./Drivers/STM32F1xx_HAL_Driver/Src/stm32f1xx_hal_adc.o
                0x08003478                HAL_ADC_Stop_DMA
 .text.HAL_ADC_ConvCpltCallback
                0x08003510       0x12 ./Drivers/STM32F1xx_HAL_Driver/Src/stm32f1xx_hal_adc.o
                0x08003510                HAL_ADC_ConvCpltCallback
 .text.HAL_ADC_ConvHalfCpltCallback
                0x08003522       0x12 ./Drivers/STM32F1xx_HAL_Driver/Src/stm32f1xx_hal_adc.o
                0x08003522                HAL_ADC_ConvHalfCpltCallback
 .text.HAL_ADC_ErrorCallback
                0x08003534       0x12 ./Drivers/STM32F1xx_HAL_Driver/Src/stm32f1xx_hal_adc.o
                0x08003534                HAL_ADC_ErrorCallback
 *fill*         0x08003546        0x2 
 .text.HAL_ADC_ConfigChannel
                0x08003548      0x1f0 ./Drivers/STM32F1xx_HAL_Driver/Src/stm32f1xx_hal_adc.o
                0x08003548                HAL_ADC_ConfigChannel
 .text.ADC_Enable
                0x08003738       0xb4 ./Drivers/STM32F1xx_HAL_Driver/Src/stm32f1xx_hal_adc.o
                0x08003738                ADC_Enable
 .text.ADC_ConversionStop_Disable
                0x080037ec       0x82 ./Drivers/STM32F1xx_HAL_Driver/Src/stm32f1xx_hal_adc.o
                0x080037ec                ADC_ConversionStop_Disable
 .text.ADC_DMAConvCplt
                0x0800386e       0x7c ./Drivers/STM32F1xx_HAL_Driver/Src/stm32f1xx_hal_adc.o
                0x0800386e                ADC_DMAConvCplt
 .text.ADC_DMAHalfConvCplt
                0x080038ea       0x1c ./Drivers/STM32F1xx_HAL_Driver/Src/stm32f1xx_hal_adc.o
                0x080038ea                ADC_DMAHalfConvCplt
 .text.ADC_DMAError
                0x08003906       0x34 ./Drivers/STM32F1xx_HAL_Driver/Src/stm32f1xx_hal_adc.o
                0x08003906                ADC_DMAError
 *fill*         0x0800393a        0x2 
 .text.__NVIC_SetPriorityGrouping
                0x0800393c       0x48 ./Drivers/STM32F1xx_HAL_Driver/Src/stm32f1xx_hal_cortex.o
 .text.__NVIC_GetPriorityGrouping
                0x08003984       0x1c ./Drivers/STM32F1xx_HAL_Driver/Src/stm32f1xx_hal_cortex.o
 .text.__NVIC_EnableIRQ
                0x080039a0       0x38 ./Drivers/STM32F1xx_HAL_Driver/Src/stm32f1xx_hal_cortex.o
 .text.__NVIC_DisableIRQ
                0x080039d8       0x48 ./Drivers/STM32F1xx_HAL_Driver/Src/stm32f1xx_hal_cortex.o
 .text.__NVIC_SetPriority
                0x08003a20       0x54 ./Drivers/STM32F1xx_HAL_Driver/Src/stm32f1xx_hal_cortex.o
 .text.NVIC_EncodePriority
                0x08003a74       0x64 ./Drivers/STM32F1xx_HAL_Driver/Src/stm32f1xx_hal_cortex.o
 .text.__NVIC_SystemReset
                0x08003ad8       0x2c ./Drivers/STM32F1xx_HAL_Driver/Src/stm32f1xx_hal_cortex.o
 .text.SysTick_Config
                0x08003b04       0x44 ./Drivers/STM32F1xx_HAL_Driver/Src/stm32f1xx_hal_cortex.o
 .text.HAL_NVIC_SetPriorityGrouping
                0x08003b48       0x16 ./Drivers/STM32F1xx_HAL_Driver/Src/stm32f1xx_hal_cortex.o
                0x08003b48                HAL_NVIC_SetPriorityGrouping
 .text.HAL_NVIC_SetPriority
                0x08003b5e       0x38 ./Drivers/STM32F1xx_HAL_Driver/Src/stm32f1xx_hal_cortex.o
                0x08003b5e                HAL_NVIC_SetPriority
 .text.HAL_NVIC_EnableIRQ
                0x08003b96       0x1c ./Drivers/STM32F1xx_HAL_Driver/Src/stm32f1xx_hal_cortex.o
                0x08003b96                HAL_NVIC_EnableIRQ
 .text.HAL_NVIC_DisableIRQ
                0x08003bb2       0x1c ./Drivers/STM32F1xx_HAL_Driver/Src/stm32f1xx_hal_cortex.o
                0x08003bb2                HAL_NVIC_DisableIRQ
 .text.HAL_NVIC_SystemReset
                0x08003bce        0x8 ./Drivers/STM32F1xx_HAL_Driver/Src/stm32f1xx_hal_cortex.o
                0x08003bce                HAL_NVIC_SystemReset
 .text.HAL_SYSTICK_Config
                0x08003bd6       0x18 ./Drivers/STM32F1xx_HAL_Driver/Src/stm32f1xx_hal_cortex.o
                0x08003bd6                HAL_SYSTICK_Config
 *fill*         0x08003bee        0x2 
 .text.HAL_DMA_Init
                0x08003bf0       0xb4 ./Drivers/STM32F1xx_HAL_Driver/Src/stm32f1xx_hal_dma.o
                0x08003bf0                HAL_DMA_Init
 .text.HAL_DMA_Start_IT
                0x08003ca4       0xc0 ./Drivers/STM32F1xx_HAL_Driver/Src/stm32f1xx_hal_dma.o
                0x08003ca4                HAL_DMA_Start_IT
 .text.HAL_DMA_Abort
                0x08003d64       0x76 ./Drivers/STM32F1xx_HAL_Driver/Src/stm32f1xx_hal_dma.o
                0x08003d64                HAL_DMA_Abort
 *fill*         0x08003dda        0x2 
 .text.HAL_DMA_Abort_IT
                0x08003ddc       0xf0 ./Drivers/STM32F1xx_HAL_Driver/Src/stm32f1xx_hal_dma.o
                0x08003ddc                HAL_DMA_Abort_IT
 .text.HAL_DMA_IRQHandler
                0x08003ecc      0x20c ./Drivers/STM32F1xx_HAL_Driver/Src/stm32f1xx_hal_dma.o
                0x08003ecc                HAL_DMA_IRQHandler
 .text.DMA_SetConfig
                0x080040d8       0x5a ./Drivers/STM32F1xx_HAL_Driver/Src/stm32f1xx_hal_dma.o
 *fill*         0x08004132        0x2 
 .text.HAL_FLASH_Program
                0x08004134       0xe0 ./Drivers/STM32F1xx_HAL_Driver/Src/stm32f1xx_hal_flash.o
                0x08004134                HAL_FLASH_Program
 .text.HAL_FLASH_Unlock
                0x08004214       0x4c ./Drivers/STM32F1xx_HAL_Driver/Src/stm32f1xx_hal_flash.o
                0x08004214                HAL_FLASH_Unlock
 .text.HAL_FLASH_Lock
                0x08004260       0x20 ./Drivers/STM32F1xx_HAL_Driver/Src/stm32f1xx_hal_flash.o
                0x08004260                HAL_FLASH_Lock
 .text.HAL_FLASH_GetError
                0x08004280       0x14 ./Drivers/STM32F1xx_HAL_Driver/Src/stm32f1xx_hal_flash.o
                0x08004280                HAL_FLASH_GetError
 .text.FLASH_Program_HalfWord
                0x08004294       0x38 ./Drivers/STM32F1xx_HAL_Driver/Src/stm32f1xx_hal_flash.o
 .text.FLASH_WaitForLastOperation
                0x080042cc       0x8c ./Drivers/STM32F1xx_HAL_Driver/Src/stm32f1xx_hal_flash.o
                0x080042cc                FLASH_WaitForLastOperation
 .text.FLASH_SetErrorCode
                0x08004358       0xa0 ./Drivers/STM32F1xx_HAL_Driver/Src/stm32f1xx_hal_flash.o
 .text.HAL_FLASHEx_Erase
                0x080043f8       0xd8 ./Drivers/STM32F1xx_HAL_Driver/Src/stm32f1xx_hal_flash_ex.o
                0x080043f8                HAL_FLASHEx_Erase
 .text.FLASH_MassErase
                0x080044d0       0x38 ./Drivers/STM32F1xx_HAL_Driver/Src/stm32f1xx_hal_flash_ex.o
 .text.FLASH_PageErase
                0x08004508       0x40 ./Drivers/STM32F1xx_HAL_Driver/Src/stm32f1xx_hal_flash_ex.o
                0x08004508                FLASH_PageErase
 .text.HAL_GPIO_Init
                0x08004548      0x308 ./Drivers/STM32F1xx_HAL_Driver/Src/stm32f1xx_hal_gpio.o
                0x08004548                HAL_GPIO_Init
 .text.HAL_GPIO_DeInit
                0x08004850      0x178 ./Drivers/STM32F1xx_HAL_Driver/Src/stm32f1xx_hal_gpio.o
                0x08004850                HAL_GPIO_DeInit
 .text.HAL_GPIO_ReadPin
                0x080049c8       0x2e ./Drivers/STM32F1xx_HAL_Driver/Src/stm32f1xx_hal_gpio.o
                0x080049c8                HAL_GPIO_ReadPin
 .text.HAL_GPIO_WritePin
                0x080049f6       0x30 ./Drivers/STM32F1xx_HAL_Driver/Src/stm32f1xx_hal_gpio.o
                0x080049f6                HAL_GPIO_WritePin
 *fill*         0x08004a26        0x2 
 .text.HAL_GPIO_EXTI_IRQHandler
                0x08004a28       0x30 ./Drivers/STM32F1xx_HAL_Driver/Src/stm32f1xx_hal_gpio.o
                0x08004a28                HAL_GPIO_EXTI_IRQHandler
 .text.HAL_PWR_EnableBkUpAccess
                0x08004a58       0x18 ./Drivers/STM32F1xx_HAL_Driver/Src/stm32f1xx_hal_pwr.o
                0x08004a58                HAL_PWR_EnableBkUpAccess
 .text.HAL_RCC_OscConfig
                0x08004a70      0x504 ./Drivers/STM32F1xx_HAL_Driver/Src/stm32f1xx_hal_rcc.o
                0x08004a70                HAL_RCC_OscConfig
 .text.HAL_RCC_ClockConfig
                0x08004f74      0x1d4 ./Drivers/STM32F1xx_HAL_Driver/Src/stm32f1xx_hal_rcc.o
                0x08004f74                HAL_RCC_ClockConfig
 .text.HAL_RCC_GetSysClockFreq
                0x08005148       0xa8 ./Drivers/STM32F1xx_HAL_Driver/Src/stm32f1xx_hal_rcc.o
                0x08005148                HAL_RCC_GetSysClockFreq
 .text.HAL_RCC_GetHCLKFreq
                0x080051f0       0x14 ./Drivers/STM32F1xx_HAL_Driver/Src/stm32f1xx_hal_rcc.o
                0x080051f0                HAL_RCC_GetHCLKFreq
 .text.HAL_RCC_GetPCLK1Freq
                0x08005204       0x28 ./Drivers/STM32F1xx_HAL_Driver/Src/stm32f1xx_hal_rcc.o
                0x08005204                HAL_RCC_GetPCLK1Freq
 .text.HAL_RCC_GetPCLK2Freq
                0x0800522c       0x28 ./Drivers/STM32F1xx_HAL_Driver/Src/stm32f1xx_hal_rcc.o
                0x0800522c                HAL_RCC_GetPCLK2Freq
 .text.RCC_Delay
                0x08005254       0x3c ./Drivers/STM32F1xx_HAL_Driver/Src/stm32f1xx_hal_rcc.o
 .text.HAL_RCCEx_PeriphCLKConfig
                0x08005290      0x16c ./Drivers/STM32F1xx_HAL_Driver/Src/stm32f1xx_hal_rcc_ex.o
                0x08005290                HAL_RCCEx_PeriphCLKConfig
 .text.HAL_RCCEx_GetPeriphCLKFreq
                0x080053fc      0x16c ./Drivers/STM32F1xx_HAL_Driver/Src/stm32f1xx_hal_rcc_ex.o
                0x080053fc                HAL_RCCEx_GetPeriphCLKFreq
 .text.HAL_RTC_Init
                0x08005568      0x118 ./Drivers/STM32F1xx_HAL_Driver/Src/stm32f1xx_hal_rtc.o
                0x08005568                HAL_RTC_Init
 .text.HAL_RTC_SetTime
                0x08005680      0x12e ./Drivers/STM32F1xx_HAL_Driver/Src/stm32f1xx_hal_rtc.o
                0x08005680                HAL_RTC_SetTime
 *fill*         0x080057ae        0x2 
 .text.HAL_RTC_GetTime
                0x080057b0      0x1b0 ./Drivers/STM32F1xx_HAL_Driver/Src/stm32f1xx_hal_rtc.o
                0x080057b0                HAL_RTC_GetTime
 .text.HAL_RTC_SetDate
                0x08005960      0x16c ./Drivers/STM32F1xx_HAL_Driver/Src/stm32f1xx_hal_rtc.o
                0x08005960                HAL_RTC_SetDate
 .text.HAL_RTC_SetAlarm_IT
                0x08005acc      0x170 ./Drivers/STM32F1xx_HAL_Driver/Src/stm32f1xx_hal_rtc.o
                0x08005acc                HAL_RTC_SetAlarm_IT
 .text.HAL_RTC_WaitForSynchro
                0x08005c3c       0x5a ./Drivers/STM32F1xx_HAL_Driver/Src/stm32f1xx_hal_rtc.o
                0x08005c3c                HAL_RTC_WaitForSynchro
 .text.RTC_ReadTimeCounter
                0x08005c96       0x60 ./Drivers/STM32F1xx_HAL_Driver/Src/stm32f1xx_hal_rtc.o
 .text.RTC_WriteTimeCounter
                0x08005cf6       0x4e ./Drivers/STM32F1xx_HAL_Driver/Src/stm32f1xx_hal_rtc.o
 .text.RTC_ReadAlarmCounter
                0x08005d44       0x32 ./Drivers/STM32F1xx_HAL_Driver/Src/stm32f1xx_hal_rtc.o
 .text.RTC_WriteAlarmCounter
                0x08005d76       0x4e ./Drivers/STM32F1xx_HAL_Driver/Src/stm32f1xx_hal_rtc.o
 .text.RTC_EnterInitMode
                0x08005dc4       0x50 ./Drivers/STM32F1xx_HAL_Driver/Src/stm32f1xx_hal_rtc.o
 .text.RTC_ExitInitMode
                0x08005e14       0x50 ./Drivers/STM32F1xx_HAL_Driver/Src/stm32f1xx_hal_rtc.o
 .text.RTC_ByteToBcd2
                0x08005e64       0x3a ./Drivers/STM32F1xx_HAL_Driver/Src/stm32f1xx_hal_rtc.o
 .text.RTC_Bcd2ToByte
                0x08005e9e       0x3a ./Drivers/STM32F1xx_HAL_Driver/Src/stm32f1xx_hal_rtc.o
 .text.RTC_DateUpdate
                0x08005ed8      0x152 ./Drivers/STM32F1xx_HAL_Driver/Src/stm32f1xx_hal_rtc.o
 *fill*         0x0800602a        0x2 
 .text.RTC_IsLeapYear
                0x0800602c       0x64 ./Drivers/STM32F1xx_HAL_Driver/Src/stm32f1xx_hal_rtc.o
 .text.RTC_WeekDayNum
                0x08006090       0xf0 ./Drivers/STM32F1xx_HAL_Driver/Src/stm32f1xx_hal_rtc.o
 .text.HAL_RTCEx_RTCIRQHandler
                0x08006180       0x6e ./Drivers/STM32F1xx_HAL_Driver/Src/stm32f1xx_hal_rtc_ex.o
                0x08006180                HAL_RTCEx_RTCIRQHandler
 .text.HAL_RTCEx_RTCEventErrorCallback
                0x080061ee       0x12 ./Drivers/STM32F1xx_HAL_Driver/Src/stm32f1xx_hal_rtc_ex.o
                0x080061ee                HAL_RTCEx_RTCEventErrorCallback
 .text.HAL_RTCEx_BKUPWrite
                0x08006200       0x34 ./Drivers/STM32F1xx_HAL_Driver/Src/stm32f1xx_hal_rtc_ex.o
                0x08006200                HAL_RTCEx_BKUPWrite
 .text.HAL_RTCEx_BKUPRead
                0x08006234       0x38 ./Drivers/STM32F1xx_HAL_Driver/Src/stm32f1xx_hal_rtc_ex.o
                0x08006234                HAL_RTCEx_BKUPRead
 .text.HAL_SPI_Init
                0x0800626c      0x108 ./Drivers/STM32F1xx_HAL_Driver/Src/stm32f1xx_hal_spi.o
                0x0800626c                HAL_SPI_Init
 .text.HAL_SPI_DeInit
                0x08006374       0x50 ./Drivers/STM32F1xx_HAL_Driver/Src/stm32f1xx_hal_spi.o
                0x08006374                HAL_SPI_DeInit
 .text.HAL_SPI_Transmit
                0x080063c4      0x288 ./Drivers/STM32F1xx_HAL_Driver/Src/stm32f1xx_hal_spi.o
                0x080063c4                HAL_SPI_Transmit
 .text.HAL_SPI_Receive
                0x0800664c      0x232 ./Drivers/STM32F1xx_HAL_Driver/Src/stm32f1xx_hal_spi.o
                0x0800664c                HAL_SPI_Receive
 .text.HAL_SPI_TransmitReceive
                0x0800687e      0x352 ./Drivers/STM32F1xx_HAL_Driver/Src/stm32f1xx_hal_spi.o
                0x0800687e                HAL_SPI_TransmitReceive
 .text.HAL_SPI_GetState
                0x08006bd0       0x1a ./Drivers/STM32F1xx_HAL_Driver/Src/stm32f1xx_hal_spi.o
                0x08006bd0                HAL_SPI_GetState
 *fill*         0x08006bea        0x2 
 .text.SPI_WaitFlagStateUntilTimeout
                0x08006bec      0x110 ./Drivers/STM32F1xx_HAL_Driver/Src/stm32f1xx_hal_spi.o
 .text.SPI_EndRxTransaction
                0x08006cfc       0xa4 ./Drivers/STM32F1xx_HAL_Driver/Src/stm32f1xx_hal_spi.o
 .text.SPI_EndRxTxTransaction
                0x08006da0       0x62 ./Drivers/STM32F1xx_HAL_Driver/Src/stm32f1xx_hal_spi.o
 .text.HAL_UART_Init
                0x08006e02       0xa0 ./Drivers/STM32F1xx_HAL_Driver/Src/stm32f1xx_hal_uart.o
                0x08006e02                HAL_UART_Init
 .text.HAL_UART_DeInit
                0x08006ea2       0x64 ./Drivers/STM32F1xx_HAL_Driver/Src/stm32f1xx_hal_uart.o
                0x08006ea2                HAL_UART_DeInit
 .text.HAL_UART_Transmit
                0x08006f06      0x116 ./Drivers/STM32F1xx_HAL_Driver/Src/stm32f1xx_hal_uart.o
                0x08006f06                HAL_UART_Transmit
 .text.HAL_UARTEx_ReceiveToIdle_IT
                0x0800701c       0xba ./Drivers/STM32F1xx_HAL_Driver/Src/stm32f1xx_hal_uart.o
                0x0800701c                HAL_UARTEx_ReceiveToIdle_IT
 *fill*         0x080070d6        0x2 
 .text.HAL_UART_IRQHandler
                0x080070d8      0x524 ./Drivers/STM32F1xx_HAL_Driver/Src/stm32f1xx_hal_uart.o
                0x080070d8                HAL_UART_IRQHandler
 .text.HAL_UART_TxCpltCallback
                0x080075fc       0x12 ./Drivers/STM32F1xx_HAL_Driver/Src/stm32f1xx_hal_uart.o
                0x080075fc                HAL_UART_TxCpltCallback
 .text.HAL_UART_RxCpltCallback
                0x0800760e       0x12 ./Drivers/STM32F1xx_HAL_Driver/Src/stm32f1xx_hal_uart.o
                0x0800760e                HAL_UART_RxCpltCallback
 .text.HAL_UART_ErrorCallback
                0x08007620       0x12 ./Drivers/STM32F1xx_HAL_Driver/Src/stm32f1xx_hal_uart.o
                0x08007620                HAL_UART_ErrorCallback
 .text.UART_WaitOnFlagUntilTimeout
                0x08007632       0xb2 ./Drivers/STM32F1xx_HAL_Driver/Src/stm32f1xx_hal_uart.o
 .text.UART_Start_Receive_IT
                0x080076e4       0x72 ./Drivers/STM32F1xx_HAL_Driver/Src/stm32f1xx_hal_uart.o
                0x080076e4                UART_Start_Receive_IT
 .text.UART_EndRxTransfer
                0x08007756       0xc4 ./Drivers/STM32F1xx_HAL_Driver/Src/stm32f1xx_hal_uart.o
 .text.UART_DMAAbortOnError
                0x0800781a       0x28 ./Drivers/STM32F1xx_HAL_Driver/Src/stm32f1xx_hal_uart.o
 .text.UART_Transmit_IT
                0x08007842       0x9e ./Drivers/STM32F1xx_HAL_Driver/Src/stm32f1xx_hal_uart.o
 .text.UART_EndTransmit_IT
                0x080078e0       0x30 ./Drivers/STM32F1xx_HAL_Driver/Src/stm32f1xx_hal_uart.o
 .text.UART_Receive_IT
                0x08007910      0x17c ./Drivers/STM32F1xx_HAL_Driver/Src/stm32f1xx_hal_uart.o
 .text.UART_SetConfig
                0x08007a8c      0x11c ./Drivers/STM32F1xx_HAL_Driver/Src/stm32f1xx_hal_uart.o
 .text.sprintf  0x08007ba8       0x40 C:/Program Files/STMicroelectronics/STM32Cube/STM32CubeIDE_1.15.0/STM32CubeIDE/plugins/com.st.stm32cube.ide.mcu.externaltools.gnu-tools-for-stm32.12.3.rel1.win32_1.0.100.202403111256/tools/bin/../lib/gcc/arm-none-eabi/12.3.1/../../../../arm-none-eabi/lib/thumb/v7-m/nofp\libc_nano.a(libc_a-sprintf.o)
                0x08007ba8                siprintf
                0x08007ba8                sprintf
 .text.memset   0x08007be8       0x10 C:/Program Files/STMicroelectronics/STM32Cube/STM32CubeIDE_1.15.0/STM32CubeIDE/plugins/com.st.stm32cube.ide.mcu.externaltools.gnu-tools-for-stm32.12.3.rel1.win32_1.0.100.202403111256/tools/bin/../lib/gcc/arm-none-eabi/12.3.1/../../../../arm-none-eabi/lib/thumb/v7-m/nofp\libc_nano.a(libc_a-memset.o)
                0x08007be8                memset
 .text.__errno  0x08007bf8        0xc C:/Program Files/STMicroelectronics/STM32Cube/STM32CubeIDE_1.15.0/STM32CubeIDE/plugins/com.st.stm32cube.ide.mcu.externaltools.gnu-tools-for-stm32.12.3.rel1.win32_1.0.100.202403111256/tools/bin/../lib/gcc/arm-none-eabi/12.3.1/../../../../arm-none-eabi/lib/thumb/v7-m/nofp\libc_nano.a(libc_a-errno.o)
                0x08007bf8                __errno
 .text.__libc_init_array
                0x08007c04       0x48 C:/Program Files/STMicroelectronics/STM32Cube/STM32CubeIDE_1.15.0/STM32CubeIDE/plugins/com.st.stm32cube.ide.mcu.externaltools.gnu-tools-for-stm32.12.3.rel1.win32_1.0.100.202403111256/tools/bin/../lib/gcc/arm-none-eabi/12.3.1/../../../../arm-none-eabi/lib/thumb/v7-m/nofp\libc_nano.a(libc_a-init.o)
                0x08007c04                __libc_init_array
 .text.__retarget_lock_acquire_recursive
                0x08007c4c        0x2 C:/Program Files/STMicroelectronics/STM32Cube/STM32CubeIDE_1.15.0/STM32CubeIDE/plugins/com.st.stm32cube.ide.mcu.externaltools.gnu-tools-for-stm32.12.3.rel1.win32_1.0.100.202403111256/tools/bin/../lib/gcc/arm-none-eabi/12.3.1/../../../../arm-none-eabi/lib/thumb/v7-m/nofp\libc_nano.a(libc_a-lock.o)
                0x08007c4c                __retarget_lock_acquire_recursive
 .text.__retarget_lock_release_recursive
                0x08007c4e        0x2 C:/Program Files/STMicroelectronics/STM32Cube/STM32CubeIDE_1.15.0/STM32CubeIDE/plugins/com.st.stm32cube.ide.mcu.externaltools.gnu-tools-for-stm32.12.3.rel1.win32_1.0.100.202403111256/tools/bin/../lib/gcc/arm-none-eabi/12.3.1/../../../../arm-none-eabi/lib/thumb/v7-m/nofp\libc_nano.a(libc_a-lock.o)
                0x08007c4e                __retarget_lock_release_recursive
 .text.memcpy   0x08007c50       0x1c C:/Program Files/STMicroelectronics/STM32Cube/STM32CubeIDE_1.15.0/STM32CubeIDE/plugins/com.st.stm32cube.ide.mcu.externaltools.gnu-tools-for-stm32.12.3.rel1.win32_1.0.100.202403111256/tools/bin/../lib/gcc/arm-none-eabi/12.3.1/../../../../arm-none-eabi/lib/thumb/v7-m/nofp\libc_nano.a(libc_a-memcpy-stub.o)
                0x08007c50                memcpy
 .text._free_r  0x08007c6c       0x90 C:/Program Files/STMicroelectronics/STM32Cube/STM32CubeIDE_1.15.0/STM32CubeIDE/plugins/com.st.stm32cube.ide.mcu.externaltools.gnu-tools-for-stm32.12.3.rel1.win32_1.0.100.202403111256/tools/bin/../lib/gcc/arm-none-eabi/12.3.1/../../../../arm-none-eabi/lib/thumb/v7-m/nofp\libc_nano.a(libc_a-freer.o)
                0x08007c6c                _free_r
 .text.sbrk_aligned
                0x08007cfc       0x44 C:/Program Files/STMicroelectronics/STM32Cube/STM32CubeIDE_1.15.0/STM32CubeIDE/plugins/com.st.stm32cube.ide.mcu.externaltools.gnu-tools-for-stm32.12.3.rel1.win32_1.0.100.202403111256/tools/bin/../lib/gcc/arm-none-eabi/12.3.1/../../../../arm-none-eabi/lib/thumb/v7-m/nofp\libc_nano.a(libc_a-mallocr.o)
 .text._malloc_r
                0x08007d40      0x100 C:/Program Files/STMicroelectronics/STM32Cube/STM32CubeIDE_1.15.0/STM32CubeIDE/plugins/com.st.stm32cube.ide.mcu.externaltools.gnu-tools-for-stm32.12.3.rel1.win32_1.0.100.202403111256/tools/bin/../lib/gcc/arm-none-eabi/12.3.1/../../../../arm-none-eabi/lib/thumb/v7-m/nofp\libc_nano.a(libc_a-mallocr.o)
                0x08007d40                _malloc_r
 .text.__malloc_lock
                0x08007e40        0xc C:/Program Files/STMicroelectronics/STM32Cube/STM32CubeIDE_1.15.0/STM32CubeIDE/plugins/com.st.stm32cube.ide.mcu.externaltools.gnu-tools-for-stm32.12.3.rel1.win32_1.0.100.202403111256/tools/bin/../lib/gcc/arm-none-eabi/12.3.1/../../../../arm-none-eabi/lib/thumb/v7-m/nofp\libc_nano.a(libc_a-mlock.o)
                0x08007e40                __malloc_lock
 .text.__malloc_unlock
                0x08007e4c        0xc C:/Program Files/STMicroelectronics/STM32Cube/STM32CubeIDE_1.15.0/STM32CubeIDE/plugins/com.st.stm32cube.ide.mcu.externaltools.gnu-tools-for-stm32.12.3.rel1.win32_1.0.100.202403111256/tools/bin/../lib/gcc/arm-none-eabi/12.3.1/../../../../arm-none-eabi/lib/thumb/v7-m/nofp\libc_nano.a(libc_a-mlock.o)
                0x08007e4c                __malloc_unlock
 .text.__ssputs_r
                0x08007e58       0xb6 C:/Program Files/STMicroelectronics/STM32Cube/STM32CubeIDE_1.15.0/STM32CubeIDE/plugins/com.st.stm32cube.ide.mcu.externaltools.gnu-tools-for-stm32.12.3.rel1.win32_1.0.100.202403111256/tools/bin/../lib/gcc/arm-none-eabi/12.3.1/../../../../arm-none-eabi/lib/thumb/v7-m/nofp\libc_nano.a(libc_a-nano-svfprintf.o)
                0x08007e58                __ssputs_r
 *fill*         0x08007f0e        0x2 
 .text._svfprintf_r
                0x08007f10      0x1f8 C:/Program Files/STMicroelectronics/STM32Cube/STM32CubeIDE_1.15.0/STM32CubeIDE/plugins/com.st.stm32cube.ide.mcu.externaltools.gnu-tools-for-stm32.12.3.rel1.win32_1.0.100.202403111256/tools/bin/../lib/gcc/arm-none-eabi/12.3.1/../../../../arm-none-eabi/lib/thumb/v7-m/nofp\libc_nano.a(libc_a-nano-svfprintf.o)
                0x08007f10                _svfiprintf_r
                0x08007f10                _svfprintf_r
 .text._printf_common
                0x08008108       0xe4 C:/Program Files/STMicroelectronics/STM32Cube/STM32CubeIDE_1.15.0/STM32CubeIDE/plugins/com.st.stm32cube.ide.mcu.externaltools.gnu-tools-for-stm32.12.3.rel1.win32_1.0.100.202403111256/tools/bin/../lib/gcc/arm-none-eabi/12.3.1/../../../../arm-none-eabi/lib/thumb/v7-m/nofp\libc_nano.a(libc_a-nano-vfprintf_i.o)
                0x08008108                _printf_common
 .text._printf_i
                0x080081ec      0x240 C:/Program Files/STMicroelectronics/STM32Cube/STM32CubeIDE_1.15.0/STM32CubeIDE/plugins/com.st.stm32cube.ide.mcu.externaltools.gnu-tools-for-stm32.12.3.rel1.win32_1.0.100.202403111256/tools/bin/../lib/gcc/arm-none-eabi/12.3.1/../../../../arm-none-eabi/lib/thumb/v7-m/nofp\libc_nano.a(libc_a-nano-vfprintf_i.o)
                0x080081ec                _printf_i
 .text.memmove  0x0800842c       0x34 C:/Program Files/STMicroelectronics/STM32Cube/STM32CubeIDE_1.15.0/STM32CubeIDE/plugins/com.st.stm32cube.ide.mcu.externaltools.gnu-tools-for-stm32.12.3.rel1.win32_1.0.100.202403111256/tools/bin/../lib/gcc/arm-none-eabi/12.3.1/../../../../arm-none-eabi/lib/thumb/v7-m/nofp\libc_nano.a(libc_a-memmove.o)
                0x0800842c                memmove
 .text._sbrk_r  0x08008460       0x20 C:/Program Files/STMicroelectronics/STM32Cube/STM32CubeIDE_1.15.0/STM32CubeIDE/plugins/com.st.stm32cube.ide.mcu.externaltools.gnu-tools-for-stm32.12.3.rel1.win32_1.0.100.202403111256/tools/bin/../lib/gcc/arm-none-eabi/12.3.1/../../../../arm-none-eabi/lib/thumb/v7-m/nofp\libc_nano.a(libc_a-sbrkr.o)
                0x08008460                _sbrk_r
 .text.memchr   0x08008480       0x1c C:/Program Files/STMicroelectronics/STM32Cube/STM32CubeIDE_1.15.0/STM32CubeIDE/plugins/com.st.stm32cube.ide.mcu.externaltools.gnu-tools-for-stm32.12.3.rel1.win32_1.0.100.202403111256/tools/bin/../lib/gcc/arm-none-eabi/12.3.1/../../../../arm-none-eabi/lib/thumb/v7-m/nofp\libc_nano.a(libc_a-memchr-stub.o)
                0x08008480                memchr
 .text._realloc_r
                0x0800849c       0x5c C:/Program Files/STMicroelectronics/STM32Cube/STM32CubeIDE_1.15.0/STM32CubeIDE/plugins/com.st.stm32cube.ide.mcu.externaltools.gnu-tools-for-stm32.12.3.rel1.win32_1.0.100.202403111256/tools/bin/../lib/gcc/arm-none-eabi/12.3.1/../../../../arm-none-eabi/lib/thumb/v7-m/nofp\libc_nano.a(libc_a-reallocr.o)
                0x0800849c                _realloc_r
 .text._malloc_usable_size_r
                0x080084f8       0x10 C:/Program Files/STMicroelectronics/STM32Cube/STM32CubeIDE_1.15.0/STM32CubeIDE/plugins/com.st.stm32cube.ide.mcu.externaltools.gnu-tools-for-stm32.12.3.rel1.win32_1.0.100.202403111256/tools/bin/../lib/gcc/arm-none-eabi/12.3.1/../../../../arm-none-eabi/lib/thumb/v7-m/nofp\libc_nano.a(libc_a-msizer.o)
                0x080084f8                _malloc_usable_size_r
 *(.glue_7)
 .glue_7        0x08008508        0x0 linker stubs
 *(.glue_7t)
 .glue_7t       0x08008508        0x0 linker stubs
 *(.eh_frame)
 .eh_frame      0x08008508        0x0 C:/Program Files/STMicroelectronics/STM32Cube/STM32CubeIDE_1.15.0/STM32CubeIDE/plugins/com.st.stm32cube.ide.mcu.externaltools.gnu-tools-for-stm32.12.3.rel1.win32_1.0.100.202403111256/tools/bin/../lib/gcc/arm-none-eabi/12.3.1/thumb/v7-m/nofp/crtbegin.o
 *(.init)
 .init          0x08008508        0x4 C:/Program Files/STMicroelectronics/STM32Cube/STM32CubeIDE_1.15.0/STM32CubeIDE/plugins/com.st.stm32cube.ide.mcu.externaltools.gnu-tools-for-stm32.12.3.rel1.win32_1.0.100.202403111256/tools/bin/../lib/gcc/arm-none-eabi/12.3.1/thumb/v7-m/nofp/crti.o
                0x08008508                _init
 .init          0x0800850c        0x8 C:/Program Files/STMicroelectronics/STM32Cube/STM32CubeIDE_1.15.0/STM32CubeIDE/plugins/com.st.stm32cube.ide.mcu.externaltools.gnu-tools-for-stm32.12.3.rel1.win32_1.0.100.202403111256/tools/bin/../lib/gcc/arm-none-eabi/12.3.1/thumb/v7-m/nofp/crtn.o
 *(.fini)
 .fini          0x08008514        0x4 C:/Program Files/STMicroelectronics/STM32Cube/STM32CubeIDE_1.15.0/STM32CubeIDE/plugins/com.st.stm32cube.ide.mcu.externaltools.gnu-tools-for-stm32.12.3.rel1.win32_1.0.100.202403111256/tools/bin/../lib/gcc/arm-none-eabi/12.3.1/thumb/v7-m/nofp/crti.o
                0x08008514                _fini
 .fini          0x08008518        0x8 C:/Program Files/STMicroelectronics/STM32Cube/STM32CubeIDE_1.15.0/STM32CubeIDE/plugins/com.st.stm32cube.ide.mcu.externaltools.gnu-tools-for-stm32.12.3.rel1.win32_1.0.100.202403111256/tools/bin/../lib/gcc/arm-none-eabi/12.3.1/thumb/v7-m/nofp/crtn.o
                0x08008520                        . = ALIGN (0x4)
                0x08008520                        _etext = .

.vfp11_veneer   0x08008520        0x0
 .vfp11_veneer  0x08008520        0x0 linker stubs

.v4_bx          0x08008520        0x0
 .v4_bx         0x08008520        0x0 linker stubs

.iplt           0x08008520        0x0
 .iplt          0x08008520        0x0 C:/Program Files/STMicroelectronics/STM32Cube/STM32CubeIDE_1.15.0/STM32CubeIDE/plugins/com.st.stm32cube.ide.mcu.externaltools.gnu-tools-for-stm32.12.3.rel1.win32_1.0.100.202403111256/tools/bin/../lib/gcc/arm-none-eabi/12.3.1/thumb/v7-m/nofp/crtbegin.o

.rodata         0x08008520      0x33c
                0x08008520                        . = ALIGN (0x4)
 *(.rodata)
 .rodata        0x08008520       0x10 ./Core/Src/common.o
 .rodata        0x08008530       0xb5 ./Core/Src/sx1278.o
 *(.rodata*)
 *fill*         0x080085e5        0x3 
 .rodata.table_crc_hi
                0x080085e8      0x100 ./Core/Src/modbus_crc.o
 .rodata.table_crc_lo
                0x080086e8      0x100 ./Core/Src/modbus_crc.o
 .rodata.AHBPrescTable
                0x080087e8       0x10 ./Core/Src/system_stm32f1xx.o
                0x080087e8                AHBPrescTable
 .rodata.APBPrescTable
                0x080087f8        0x8 ./Core/Src/system_stm32f1xx.o
                0x080087f8                APBPrescTable
 .rodata.aPLLMULFactorTable.1
                0x08008800       0x10 ./Drivers/STM32F1xx_HAL_Driver/Src/stm32f1xx_hal_rcc.o
 .rodata.aPredivFactorTable.0
                0x08008810        0x2 ./Drivers/STM32F1xx_HAL_Driver/Src/stm32f1xx_hal_rcc.o
 *fill*         0x08008812        0x2 
 .rodata.aPLLMULFactorTable.1
                0x08008814       0x10 ./Drivers/STM32F1xx_HAL_Driver/Src/stm32f1xx_hal_rcc_ex.o
 .rodata.aPredivFactorTable.0
                0x08008824        0x2 ./Drivers/STM32F1xx_HAL_Driver/Src/stm32f1xx_hal_rcc_ex.o
 .rodata._svfprintf_r.str1.1
                0x08008826       0x11 C:/Program Files/STMicroelectronics/STM32Cube/STM32CubeIDE_1.15.0/STM32CubeIDE/plugins/com.st.stm32cube.ide.mcu.externaltools.gnu-tools-for-stm32.12.3.rel1.win32_1.0.100.202403111256/tools/bin/../lib/gcc/arm-none-eabi/12.3.1/../../../../arm-none-eabi/lib/thumb/v7-m/nofp\libc_nano.a(libc_a-nano-svfprintf.o)
 .rodata._printf_i.str1.1
                0x08008837       0x22 C:/Program Files/STMicroelectronics/STM32Cube/STM32CubeIDE_1.15.0/STM32CubeIDE/plugins/com.st.stm32cube.ide.mcu.externaltools.gnu-tools-for-stm32.12.3.rel1.win32_1.0.100.202403111256/tools/bin/../lib/gcc/arm-none-eabi/12.3.1/../../../../arm-none-eabi/lib/thumb/v7-m/nofp\libc_nano.a(libc_a-nano-vfprintf_i.o)
                0x0800885c                        . = ALIGN (0x4)
 *fill*         0x08008859        0x3 

.ARM.extab      0x0800885c        0x0
                0x0800885c                        . = ALIGN (0x4)
 *(.ARM.extab* .gnu.linkonce.armextab.*)
                0x0800885c                        . = ALIGN (0x4)

.ARM            0x0800885c        0x8
                0x0800885c                        . = ALIGN (0x4)
                0x0800885c                        __exidx_start = .
 *(.ARM.exidx*)
 .ARM.exidx     0x0800885c        0x8 C:/Program Files/STMicroelectronics/STM32Cube/STM32CubeIDE_1.15.0/STM32CubeIDE/plugins/com.st.stm32cube.ide.mcu.externaltools.gnu-tools-for-stm32.12.3.rel1.win32_1.0.100.202403111256/tools/bin/../lib/gcc/arm-none-eabi/12.3.1/../../../../arm-none-eabi/lib/thumb/v7-m/nofp\libc_nano.a(libc_a-strlen.o)
 .ARM.exidx     0x08008864        0x0 C:/Program Files/STMicroelectronics/STM32Cube/STM32CubeIDE_1.15.0/STM32CubeIDE/plugins/com.st.stm32cube.ide.mcu.externaltools.gnu-tools-for-stm32.12.3.rel1.win32_1.0.100.202403111256/tools/bin/../lib/gcc/arm-none-eabi/12.3.1/thumb/v7-m/nofp\libgcc.a(_udivmoddi4.o)
                                  0x8 (size before relaxing)
                0x08008864                        __exidx_end = .
                0x08008864                        . = ALIGN (0x4)

.preinit_array  0x08008864        0x0
                0x08008864                        . = ALIGN (0x4)
                0x08008864                        PROVIDE (__preinit_array_start = .)
 *(.preinit_array*)
                0x08008864                        PROVIDE (__preinit_array_end = .)
                0x08008864                        . = ALIGN (0x4)

.init_array     0x08008864        0x4
                0x08008864                        . = ALIGN (0x4)
                0x08008864                        PROVIDE (__init_array_start = .)
 *(SORT_BY_NAME(.init_array.*))
 *(.init_array*)
 .init_array    0x08008864        0x4 C:/Program Files/STMicroelectronics/STM32Cube/STM32CubeIDE_1.15.0/STM32CubeIDE/plugins/com.st.stm32cube.ide.mcu.externaltools.gnu-tools-for-stm32.12.3.rel1.win32_1.0.100.202403111256/tools/bin/../lib/gcc/arm-none-eabi/12.3.1/thumb/v7-m/nofp/crtbegin.o
                0x08008868                        PROVIDE (__init_array_end = .)
                0x08008868                        . = ALIGN (0x4)

.fini_array     0x08008868        0x4
                0x08008868                        . = ALIGN (0x4)
                [!provide]                        PROVIDE (__fini_array_start = .)
 *(SORT_BY_NAME(.fini_array.*))
 *(.fini_array*)
 .fini_array    0x08008868        0x4 C:/Program Files/STMicroelectronics/STM32Cube/STM32CubeIDE_1.15.0/STM32CubeIDE/plugins/com.st.stm32cube.ide.mcu.externaltools.gnu-tools-for-stm32.12.3.rel1.win32_1.0.100.202403111256/tools/bin/../lib/gcc/arm-none-eabi/12.3.1/thumb/v7-m/nofp/crtbegin.o
                [!provide]                        PROVIDE (__fini_array_end = .)
                0x0800886c                        . = ALIGN (0x4)
                0x0800886c                        _sidata = LOADADDR (.data)

.rel.dyn        0x0800886c        0x0
 .rel.iplt      0x0800886c        0x0 C:/Program Files/STMicroelectronics/STM32Cube/STM32CubeIDE_1.15.0/STM32CubeIDE/plugins/com.st.stm32cube.ide.mcu.externaltools.gnu-tools-for-stm32.12.3.rel1.win32_1.0.100.202403111256/tools/bin/../lib/gcc/arm-none-eabi/12.3.1/thumb/v7-m/nofp/crtbegin.o

.data           0x20000000       0x68 load address 0x0800886c
                0x20000000                        . = ALIGN (0x4)
                0x20000000                        _sdata = .
 *(.data)
 *(.data*)
 .data.rssi.2   0x20000000        0x4 ./Core/Src/main.o
 .data.snr.1    0x20000004        0x4 ./Core/Src/main.o
 .data.TAG      0x20000008        0x4 ./Core/Src/sx1278.o
 .data.SystemCoreClock
                0x2000000c        0x4 ./Core/Src/system_stm32f1xx.o
                0x2000000c                SystemCoreClock
 .data.uwTickPrio
                0x20000010        0x4 ./Drivers/STM32F1xx_HAL_Driver/Src/stm32f1xx_hal.o
                0x20000010                uwTickPrio
 .data.uwTickFreq
                0x20000014        0x1 ./Drivers/STM32F1xx_HAL_Driver/Src/stm32f1xx_hal.o
                0x20000014                uwTickFreq
 *fill*         0x20000015        0x3 
 .data._impure_ptr
                0x20000018        0x4 C:/Program Files/STMicroelectronics/STM32Cube/STM32CubeIDE_1.15.0/STM32CubeIDE/plugins/com.st.stm32cube.ide.mcu.externaltools.gnu-tools-for-stm32.12.3.rel1.win32_1.0.100.202403111256/tools/bin/../lib/gcc/arm-none-eabi/12.3.1/../../../../arm-none-eabi/lib/thumb/v7-m/nofp\libc_nano.a(libc_a-impure.o)
                0x20000018                _impure_ptr
 .data._impure_data
                0x2000001c       0x4c C:/Program Files/STMicroelectronics/STM32Cube/STM32CubeIDE_1.15.0/STM32CubeIDE/plugins/com.st.stm32cube.ide.mcu.externaltools.gnu-tools-for-stm32.12.3.rel1.win32_1.0.100.202403111256/tools/bin/../lib/gcc/arm-none-eabi/12.3.1/../../../../arm-none-eabi/lib/thumb/v7-m/nofp\libc_nano.a(libc_a-impure.o)
                0x2000001c                _impure_data
 *(.RamFunc)
 *(.RamFunc*)
                0x20000068                        . = ALIGN (0x4)
                0x20000068                        _edata = .

.igot.plt       0x20000068        0x0 load address 0x080088d4
 .igot.plt      0x20000068        0x0 C:/Program Files/STMicroelectronics/STM32Cube/STM32CubeIDE_1.15.0/STM32CubeIDE/plugins/com.st.stm32cube.ide.mcu.externaltools.gnu-tools-for-stm32.12.3.rel1.win32_1.0.100.202403111256/tools/bin/../lib/gcc/arm-none-eabi/12.3.1/thumb/v7-m/nofp/crtbegin.o
                0x20000068                        . = ALIGN (0x4)

.bss            0x20000068      0x458 load address 0x080088d4
                0x20000068                        _sbss = .
                0x20000068                        __bss_start__ = _sbss
 *(.bss)
 .bss           0x20000068       0x1c C:/Program Files/STMicroelectronics/STM32Cube/STM32CubeIDE_1.15.0/STM32CubeIDE/plugins/com.st.stm32cube.ide.mcu.externaltools.gnu-tools-for-stm32.12.3.rel1.win32_1.0.100.202403111256/tools/bin/../lib/gcc/arm-none-eabi/12.3.1/thumb/v7-m/nofp/crtbegin.o
 *(.bss*)
 .bss.hadc1     0x20000084       0x30 ./Core/Src/adc.o
                0x20000084                hadc1
 .bss.hdma_adc1
                0x200000b4       0x44 ./Core/Src/adc.o
                0x200000b4                hdma_adc1
 .bss.EraseInitStruct.0
                0x200000f8       0x10 ./Core/Src/flash.o
 .bss.test_bat_f
                0x20000108        0x8 ./Core/Src/main.o
                0x20000108                test_bat_f
 .bss.test_lm   0x20000110        0x8 ./Core/Src/main.o
                0x20000110                test_lm
 .bss.adc       0x20000118        0x4 ./Core/Src/main.o
                0x20000118                adc
 .bss.myExtenso
                0x2000011c        0xc ./Core/Src/main.o
 .bss.myStatus  0x20000128        0x1 ./Core/Src/main.o
 *fill*         0x20000129        0x3 
 .bss.payload   0x2000012c       0x64 ./Core/Src/main.o
 .bss.is_LoRa_EXTI
                0x20000190        0x1 ./Core/Src/main.o
 *fill*         0x20000191        0x3 
 .bss.array2store
                0x20000194       0x20 ./Core/Src/main.o
 .bss.nTry      0x200001b4        0x1 ./Core/Src/main.o
 *fill*         0x200001b5        0x3 
 .bss.uart1_tx_data
                0x200001b8        0x8 ./Core/Src/main.o
                0x200001b8                uart1_tx_data
 .bss.uart1_rx_data
                0x200001c0        0xf ./Core/Src/main.o
                0x200001c0                uart1_rx_data
 *fill*         0x200001cf        0x1 
 .bss.recv_data
                0x200001d0        0x4 ./Core/Src/main.o
                0x200001d0                recv_data
 .bss.encod     0x200001d4        0x4 ./Core/Src/main.o
                0x200001d4                encod
 .bss.range_milimeter
                0x200001d8        0x4 ./Core/Src/main.o
                0x200001d8                range_milimeter
 .bss.data.4    0x200001dc       0x64 ./Core/Src/main.o
 .bss.nByteRx.3
                0x20000240        0x4 ./Core/Src/main.o
 .bss.resp.0    0x20000244        0xa ./Core/Src/main.o
 *fill*         0x2000024e        0x2 
 .bss.hrtc      0x20000250       0x14 ./Core/Src/rtc.o
                0x20000250                hrtc
 .bss.hspi1     0x20000264       0x58 ./Core/Src/spi.o
                0x20000264                hspi1
 .bss.ver       0x200002bc        0x1 ./Core/Src/sx1278.o
                0x200002bc                ver
 *fill*         0x200002bd        0x3 
 .bss.__sbrk_heap_end
                0x200002c0        0x4 ./Core/Src/sysmem.o
 .bss.huart1    0x200002c4       0x48 ./Core/Src/usart.o
                0x200002c4                huart1
 .bss.huart2    0x2000030c       0x48 ./Core/Src/usart.o
                0x2000030c                huart2
 .bss.uwTick    0x20000354        0x4 ./Drivers/STM32F1xx_HAL_Driver/Src/stm32f1xx_hal.o
                0x20000354                uwTick
 .bss.pFlash    0x20000358       0x20 ./Drivers/STM32F1xx_HAL_Driver/Src/stm32f1xx_hal_flash.o
                0x20000358                pFlash
 .bss.__sf      0x20000378      0x138 C:/Program Files/STMicroelectronics/STM32Cube/STM32CubeIDE_1.15.0/STM32CubeIDE/plugins/com.st.stm32cube.ide.mcu.externaltools.gnu-tools-for-stm32.12.3.rel1.win32_1.0.100.202403111256/tools/bin/../lib/gcc/arm-none-eabi/12.3.1/../../../../arm-none-eabi/lib/thumb/v7-m/nofp\libc_nano.a(libc_a-findfp.o)
                0x20000378                __sf
 .bss.errno     0x200004b0        0x4 C:/Program Files/STMicroelectronics/STM32Cube/STM32CubeIDE_1.15.0/STM32CubeIDE/plugins/com.st.stm32cube.ide.mcu.externaltools.gnu-tools-for-stm32.12.3.rel1.win32_1.0.100.202403111256/tools/bin/../lib/gcc/arm-none-eabi/12.3.1/../../../../arm-none-eabi/lib/thumb/v7-m/nofp\libc_nano.a(libc_a-reent.o)
                0x200004b0                errno
 .bss.__lock___malloc_recursive_mutex
                0x200004b4        0x1 C:/Program Files/STMicroelectronics/STM32Cube/STM32CubeIDE_1.15.0/STM32CubeIDE/plugins/com.st.stm32cube.ide.mcu.externaltools.gnu-tools-for-stm32.12.3.rel1.win32_1.0.100.202403111256/tools/bin/../lib/gcc/arm-none-eabi/12.3.1/../../../../arm-none-eabi/lib/thumb/v7-m/nofp\libc_nano.a(libc_a-lock.o)
                0x200004b4                __lock___malloc_recursive_mutex
 *fill*         0x200004b5        0x3 
 .bss.__malloc_sbrk_start
                0x200004b8        0x4 C:/Program Files/STMicroelectronics/STM32Cube/STM32CubeIDE_1.15.0/STM32CubeIDE/plugins/com.st.stm32cube.ide.mcu.externaltools.gnu-tools-for-stm32.12.3.rel1.win32_1.0.100.202403111256/tools/bin/../lib/gcc/arm-none-eabi/12.3.1/../../../../arm-none-eabi/lib/thumb/v7-m/nofp\libc_nano.a(libc_a-mallocr.o)
                0x200004b8                __malloc_sbrk_start
 .bss.__malloc_free_list
                0x200004bc        0x4 C:/Program Files/STMicroelectronics/STM32Cube/STM32CubeIDE_1.15.0/STM32CubeIDE/plugins/com.st.stm32cube.ide.mcu.externaltools.gnu-tools-for-stm32.12.3.rel1.win32_1.0.100.202403111256/tools/bin/../lib/gcc/arm-none-eabi/12.3.1/../../../../arm-none-eabi/lib/thumb/v7-m/nofp\libc_nano.a(libc_a-mallocr.o)
                0x200004bc                __malloc_free_list
 *(COMMON)
                0x200004c0                        . = ALIGN (0x4)
                0x200004c0                        _ebss = .
                0x200004c0                        __bss_end__ = _ebss

._user_heap_stack
                0x200004c0      0x600 load address 0x080088d4
                0x200004c0                        . = ALIGN (0x8)
                [!provide]                        PROVIDE (end = .)
                0x200004c0                        PROVIDE (_end = .)
                0x200006c0                        . = (. + _Min_Heap_Size)
 *fill*         0x200004c0      0x200 
                0x20000ac0                        . = (. + _Min_Stack_Size)
 *fill*         0x200006c0      0x400 
                0x20000ac0                        . = ALIGN (0x8)

/DISCARD/
 libc.a(*)
 libm.a(*)
 libgcc.a(*)

.ARM.attributes
                0x00000000       0x29
 *(.ARM.attributes)
 .ARM.attributes
                0x00000000       0x1d C:/Program Files/STMicroelectronics/STM32Cube/STM32CubeIDE_1.15.0/STM32CubeIDE/plugins/com.st.stm32cube.ide.mcu.externaltools.gnu-tools-for-stm32.12.3.rel1.win32_1.0.100.202403111256/tools/bin/../lib/gcc/arm-none-eabi/12.3.1/thumb/v7-m/nofp/crti.o
 .ARM.attributes
                0x0000001d       0x2d C:/Program Files/STMicroelectronics/STM32Cube/STM32CubeIDE_1.15.0/STM32CubeIDE/plugins/com.st.stm32cube.ide.mcu.externaltools.gnu-tools-for-stm32.12.3.rel1.win32_1.0.100.202403111256/tools/bin/../lib/gcc/arm-none-eabi/12.3.1/thumb/v7-m/nofp/crtbegin.o
 .ARM.attributes
                0x0000004a       0x2d ./Core/Src/adc.o
 .ARM.attributes
                0x00000077       0x2d ./Core/Src/common.o
 .ARM.attributes
                0x000000a4       0x2d ./Core/Src/dma.o
 .ARM.attributes
                0x000000d1       0x2d ./Core/Src/flash.o
 .ARM.attributes
                0x000000fe       0x2d ./Core/Src/gpio.o
 .ARM.attributes
                0x0000012b       0x2d ./Core/Src/main.o
 .ARM.attributes
                0x00000158       0x2d ./Core/Src/modbus_crc.o
 .ARM.attributes
                0x00000185       0x2d ./Core/Src/rtc.o
 .ARM.attributes
                0x000001b2       0x2d ./Core/Src/spi.o
 .ARM.attributes
                0x000001df       0x2d ./Core/Src/stm32f1xx_hal_msp.o
 .ARM.attributes
                0x0000020c       0x2d ./Core/Src/stm32f1xx_it.o
 .ARM.attributes
                0x00000239       0x2d ./Core/Src/sx1278.o
 .ARM.attributes
                0x00000266       0x2d ./Core/Src/sysmem.o
 .ARM.attributes
                0x00000293       0x2d ./Core/Src/system_stm32f1xx.o
 .ARM.attributes
                0x000002c0       0x2d ./Core/Src/usart.o
 .ARM.attributes
                0x000002ed       0x21 ./Core/Startup/startup_stm32f103c8tx.o
 .ARM.attributes
                0x0000030e       0x2d ./Drivers/STM32F1xx_HAL_Driver/Src/stm32f1xx_hal.o
 .ARM.attributes
                0x0000033b       0x2d ./Drivers/STM32F1xx_HAL_Driver/Src/stm32f1xx_hal_adc.o
 .ARM.attributes
                0x00000368       0x2d ./Drivers/STM32F1xx_HAL_Driver/Src/stm32f1xx_hal_cortex.o
 .ARM.attributes
                0x00000395       0x2d ./Drivers/STM32F1xx_HAL_Driver/Src/stm32f1xx_hal_dma.o
 .ARM.attributes
                0x000003c2       0x2d ./Drivers/STM32F1xx_HAL_Driver/Src/stm32f1xx_hal_flash.o
 .ARM.attributes
                0x000003ef       0x2d ./Drivers/STM32F1xx_HAL_Driver/Src/stm32f1xx_hal_flash_ex.o
 .ARM.attributes
                0x0000041c       0x2d ./Drivers/STM32F1xx_HAL_Driver/Src/stm32f1xx_hal_gpio.o
 .ARM.attributes
                0x00000449       0x2d ./Drivers/STM32F1xx_HAL_Driver/Src/stm32f1xx_hal_pwr.o
 .ARM.attributes
                0x00000476       0x2d ./Drivers/STM32F1xx_HAL_Driver/Src/stm32f1xx_hal_rcc.o
 .ARM.attributes
                0x000004a3       0x2d ./Drivers/STM32F1xx_HAL_Driver/Src/stm32f1xx_hal_rcc_ex.o
 .ARM.attributes
                0x000004d0       0x2d ./Drivers/STM32F1xx_HAL_Driver/Src/stm32f1xx_hal_rtc.o
 .ARM.attributes
                0x000004fd       0x2d ./Drivers/STM32F1xx_HAL_Driver/Src/stm32f1xx_hal_rtc_ex.o
 .ARM.attributes
                0x0000052a       0x2d ./Drivers/STM32F1xx_HAL_Driver/Src/stm32f1xx_hal_spi.o
 .ARM.attributes
                0x00000557       0x2d ./Drivers/STM32F1xx_HAL_Driver/Src/stm32f1xx_hal_uart.o
 .ARM.attributes
                0x00000584       0x2d C:/Program Files/STMicroelectronics/STM32Cube/STM32CubeIDE_1.15.0/STM32CubeIDE/plugins/com.st.stm32cube.ide.mcu.externaltools.gnu-tools-for-stm32.12.3.rel1.win32_1.0.100.202403111256/tools/bin/../lib/gcc/arm-none-eabi/12.3.1/../../../../arm-none-eabi/lib/thumb/v7-m/nofp\libc_nano.a(libc_a-findfp.o)
 .ARM.attributes
                0x000005b1       0x2d C:/Program Files/STMicroelectronics/STM32Cube/STM32CubeIDE_1.15.0/STM32CubeIDE/plugins/com.st.stm32cube.ide.mcu.externaltools.gnu-tools-for-stm32.12.3.rel1.win32_1.0.100.202403111256/tools/bin/../lib/gcc/arm-none-eabi/12.3.1/../../../../arm-none-eabi/lib/thumb/v7-m/nofp\libc_nano.a(libc_a-sprintf.o)
 .ARM.attributes
                0x000005de       0x2d C:/Program Files/STMicroelectronics/STM32Cube/STM32CubeIDE_1.15.0/STM32CubeIDE/plugins/com.st.stm32cube.ide.mcu.externaltools.gnu-tools-for-stm32.12.3.rel1.win32_1.0.100.202403111256/tools/bin/../lib/gcc/arm-none-eabi/12.3.1/../../../../arm-none-eabi/lib/thumb/v7-m/nofp\libc_nano.a(libc_a-memset.o)
 .ARM.attributes
                0x0000060b       0x2d C:/Program Files/STMicroelectronics/STM32Cube/STM32CubeIDE_1.15.0/STM32CubeIDE/plugins/com.st.stm32cube.ide.mcu.externaltools.gnu-tools-for-stm32.12.3.rel1.win32_1.0.100.202403111256/tools/bin/../lib/gcc/arm-none-eabi/12.3.1/../../../../arm-none-eabi/lib/thumb/v7-m/nofp\libc_nano.a(libc_a-reent.o)
 .ARM.attributes
                0x00000638       0x2d C:/Program Files/STMicroelectronics/STM32Cube/STM32CubeIDE_1.15.0/STM32CubeIDE/plugins/com.st.stm32cube.ide.mcu.externaltools.gnu-tools-for-stm32.12.3.rel1.win32_1.0.100.202403111256/tools/bin/../lib/gcc/arm-none-eabi/12.3.1/../../../../arm-none-eabi/lib/thumb/v7-m/nofp\libc_nano.a(libc_a-impure.o)
 .ARM.attributes
                0x00000665       0x2d C:/Program Files/STMicroelectronics/STM32Cube/STM32CubeIDE_1.15.0/STM32CubeIDE/plugins/com.st.stm32cube.ide.mcu.externaltools.gnu-tools-for-stm32.12.3.rel1.win32_1.0.100.202403111256/tools/bin/../lib/gcc/arm-none-eabi/12.3.1/../../../../arm-none-eabi/lib/thumb/v7-m/nofp\libc_nano.a(libc_a-errno.o)
 .ARM.attributes
                0x00000692       0x2d C:/Program Files/STMicroelectronics/STM32Cube/STM32CubeIDE_1.15.0/STM32CubeIDE/plugins/com.st.stm32cube.ide.mcu.externaltools.gnu-tools-for-stm32.12.3.rel1.win32_1.0.100.202403111256/tools/bin/../lib/gcc/arm-none-eabi/12.3.1/../../../../arm-none-eabi/lib/thumb/v7-m/nofp\libc_nano.a(libc_a-init.o)
 .ARM.attributes
                0x000006bf       0x2d C:/Program Files/STMicroelectronics/STM32Cube/STM32CubeIDE_1.15.0/STM32CubeIDE/plugins/com.st.stm32cube.ide.mcu.externaltools.gnu-tools-for-stm32.12.3.rel1.win32_1.0.100.202403111256/tools/bin/../lib/gcc/arm-none-eabi/12.3.1/../../../../arm-none-eabi/lib/thumb/v7-m/nofp\libc_nano.a(libc_a-lock.o)
 .ARM.attributes
                0x000006ec       0x2d C:/Program Files/STMicroelectronics/STM32Cube/STM32CubeIDE_1.15.0/STM32CubeIDE/plugins/com.st.stm32cube.ide.mcu.externaltools.gnu-tools-for-stm32.12.3.rel1.win32_1.0.100.202403111256/tools/bin/../lib/gcc/arm-none-eabi/12.3.1/../../../../arm-none-eabi/lib/thumb/v7-m/nofp\libc_nano.a(libc_a-memcpy-stub.o)
 .ARM.attributes
                0x00000719       0x17 C:/Program Files/STMicroelectronics/STM32Cube/STM32CubeIDE_1.15.0/STM32CubeIDE/plugins/com.st.stm32cube.ide.mcu.externaltools.gnu-tools-for-stm32.12.3.rel1.win32_1.0.100.202403111256/tools/bin/../lib/gcc/arm-none-eabi/12.3.1/../../../../arm-none-eabi/lib/thumb/v7-m/nofp\libc_nano.a(libc_a-strlen.o)
 .ARM.attributes
                0x00000730       0x2d C:/Program Files/STMicroelectronics/STM32Cube/STM32CubeIDE_1.15.0/STM32CubeIDE/plugins/com.st.stm32cube.ide.mcu.externaltools.gnu-tools-for-stm32.12.3.rel1.win32_1.0.100.202403111256/tools/bin/../lib/gcc/arm-none-eabi/12.3.1/../../../../arm-none-eabi/lib/thumb/v7-m/nofp\libc_nano.a(libc_a-freer.o)
 .ARM.attributes
                0x0000075d       0x2d C:/Program Files/STMicroelectronics/STM32Cube/STM32CubeIDE_1.15.0/STM32CubeIDE/plugins/com.st.stm32cube.ide.mcu.externaltools.gnu-tools-for-stm32.12.3.rel1.win32_1.0.100.202403111256/tools/bin/../lib/gcc/arm-none-eabi/12.3.1/../../../../arm-none-eabi/lib/thumb/v7-m/nofp\libc_nano.a(libc_a-mallocr.o)
 .ARM.attributes
                0x0000078a       0x2d C:/Program Files/STMicroelectronics/STM32Cube/STM32CubeIDE_1.15.0/STM32CubeIDE/plugins/com.st.stm32cube.ide.mcu.externaltools.gnu-tools-for-stm32.12.3.rel1.win32_1.0.100.202403111256/tools/bin/../lib/gcc/arm-none-eabi/12.3.1/../../../../arm-none-eabi/lib/thumb/v7-m/nofp\libc_nano.a(libc_a-mlock.o)
 .ARM.attributes
                0x000007b7       0x2d C:/Program Files/STMicroelectronics/STM32Cube/STM32CubeIDE_1.15.0/STM32CubeIDE/plugins/com.st.stm32cube.ide.mcu.externaltools.gnu-tools-for-stm32.12.3.rel1.win32_1.0.100.202403111256/tools/bin/../lib/gcc/arm-none-eabi/12.3.1/../../../../arm-none-eabi/lib/thumb/v7-m/nofp\libc_nano.a(libc_a-nano-svfprintf.o)
 .ARM.attributes
                0x000007e4       0x2d C:/Program Files/STMicroelectronics/STM32Cube/STM32CubeIDE_1.15.0/STM32CubeIDE/plugins/com.st.stm32cube.ide.mcu.externaltools.gnu-tools-for-stm32.12.3.rel1.win32_1.0.100.202403111256/tools/bin/../lib/gcc/arm-none-eabi/12.3.1/../../../../arm-none-eabi/lib/thumb/v7-m/nofp\libc_nano.a(libc_a-nano-vfprintf_i.o)
 .ARM.attributes
                0x00000811       0x2d C:/Program Files/STMicroelectronics/STM32Cube/STM32CubeIDE_1.15.0/STM32CubeIDE/plugins/com.st.stm32cube.ide.mcu.externaltools.gnu-tools-for-stm32.12.3.rel1.win32_1.0.100.202403111256/tools/bin/../lib/gcc/arm-none-eabi/12.3.1/../../../../arm-none-eabi/lib/thumb/v7-m/nofp\libc_nano.a(libc_a-memmove.o)
 .ARM.attributes
                0x0000083e       0x2d C:/Program Files/STMicroelectronics/STM32Cube/STM32CubeIDE_1.15.0/STM32CubeIDE/plugins/com.st.stm32cube.ide.mcu.externaltools.gnu-tools-for-stm32.12.3.rel1.win32_1.0.100.202403111256/tools/bin/../lib/gcc/arm-none-eabi/12.3.1/../../../../arm-none-eabi/lib/thumb/v7-m/nofp\libc_nano.a(libc_a-sbrkr.o)
 .ARM.attributes
                0x0000086b       0x2d C:/Program Files/STMicroelectronics/STM32Cube/STM32CubeIDE_1.15.0/STM32CubeIDE/plugins/com.st.stm32cube.ide.mcu.externaltools.gnu-tools-for-stm32.12.3.rel1.win32_1.0.100.202403111256/tools/bin/../lib/gcc/arm-none-eabi/12.3.1/../../../../arm-none-eabi/lib/thumb/v7-m/nofp\libc_nano.a(libc_a-memchr-stub.o)
 .ARM.attributes
                0x00000898       0x2d C:/Program Files/STMicroelectronics/STM32Cube/STM32CubeIDE_1.15.0/STM32CubeIDE/plugins/com.st.stm32cube.ide.mcu.externaltools.gnu-tools-for-stm32.12.3.rel1.win32_1.0.100.202403111256/tools/bin/../lib/gcc/arm-none-eabi/12.3.1/../../../../arm-none-eabi/lib/thumb/v7-m/nofp\libc_nano.a(libc_a-reallocr.o)
 .ARM.attributes
                0x000008c5       0x2d C:/Program Files/STMicroelectronics/STM32Cube/STM32CubeIDE_1.15.0/STM32CubeIDE/plugins/com.st.stm32cube.ide.mcu.externaltools.gnu-tools-for-stm32.12.3.rel1.win32_1.0.100.202403111256/tools/bin/../lib/gcc/arm-none-eabi/12.3.1/../../../../arm-none-eabi/lib/thumb/v7-m/nofp\libc_nano.a(libc_a-msizer.o)
 .ARM.attributes
                0x000008f2       0x1d C:/Program Files/STMicroelectronics/STM32Cube/STM32CubeIDE_1.15.0/STM32CubeIDE/plugins/com.st.stm32cube.ide.mcu.externaltools.gnu-tools-for-stm32.12.3.rel1.win32_1.0.100.202403111256/tools/bin/../lib/gcc/arm-none-eabi/12.3.1/thumb/v7-m/nofp\libgcc.a(_arm_addsubdf3.o)
 .ARM.attributes
                0x0000090f       0x1d C:/Program Files/STMicroelectronics/STM32Cube/STM32CubeIDE_1.15.0/STM32CubeIDE/plugins/com.st.stm32cube.ide.mcu.externaltools.gnu-tools-for-stm32.12.3.rel1.win32_1.0.100.202403111256/tools/bin/../lib/gcc/arm-none-eabi/12.3.1/thumb/v7-m/nofp\libgcc.a(_arm_muldivdf3.o)
 .ARM.attributes
                0x0000092c       0x1d C:/Program Files/STMicroelectronics/STM32Cube/STM32CubeIDE_1.15.0/STM32CubeIDE/plugins/com.st.stm32cube.ide.mcu.externaltools.gnu-tools-for-stm32.12.3.rel1.win32_1.0.100.202403111256/tools/bin/../lib/gcc/arm-none-eabi/12.3.1/thumb/v7-m/nofp\libgcc.a(_arm_fixunsdfsi.o)
 .ARM.attributes
                0x00000949       0x1d C:/Program Files/STMicroelectronics/STM32Cube/STM32CubeIDE_1.15.0/STM32CubeIDE/plugins/com.st.stm32cube.ide.mcu.externaltools.gnu-tools-for-stm32.12.3.rel1.win32_1.0.100.202403111256/tools/bin/../lib/gcc/arm-none-eabi/12.3.1/thumb/v7-m/nofp\libgcc.a(_arm_truncdfsf2.o)
 .ARM.attributes
                0x00000966       0x1d C:/Program Files/STMicroelectronics/STM32Cube/STM32CubeIDE_1.15.0/STM32CubeIDE/plugins/com.st.stm32cube.ide.mcu.externaltools.gnu-tools-for-stm32.12.3.rel1.win32_1.0.100.202403111256/tools/bin/../lib/gcc/arm-none-eabi/12.3.1/thumb/v7-m/nofp\libgcc.a(_arm_addsubsf3.o)
 .ARM.attributes
                0x00000983       0x1d C:/Program Files/STMicroelectronics/STM32Cube/STM32CubeIDE_1.15.0/STM32CubeIDE/plugins/com.st.stm32cube.ide.mcu.externaltools.gnu-tools-for-stm32.12.3.rel1.win32_1.0.100.202403111256/tools/bin/../lib/gcc/arm-none-eabi/12.3.1/thumb/v7-m/nofp\libgcc.a(_arm_muldivsf3.o)
 .ARM.attributes
                0x000009a0       0x1d C:/Program Files/STMicroelectronics/STM32Cube/STM32CubeIDE_1.15.0/STM32CubeIDE/plugins/com.st.stm32cube.ide.mcu.externaltools.gnu-tools-for-stm32.12.3.rel1.win32_1.0.100.202403111256/tools/bin/../lib/gcc/arm-none-eabi/12.3.1/thumb/v7-m/nofp\libgcc.a(_arm_fixunssfsi.o)
 .ARM.attributes
                0x000009bd       0x1d C:/Program Files/STMicroelectronics/STM32Cube/STM32CubeIDE_1.15.0/STM32CubeIDE/plugins/com.st.stm32cube.ide.mcu.externaltools.gnu-tools-for-stm32.12.3.rel1.win32_1.0.100.202403111256/tools/bin/../lib/gcc/arm-none-eabi/12.3.1/thumb/v7-m/nofp\libgcc.a(_aeabi_uldivmod.o)
 .ARM.attributes
                0x000009da       0x2d C:/Program Files/STMicroelectronics/STM32Cube/STM32CubeIDE_1.15.0/STM32CubeIDE/plugins/com.st.stm32cube.ide.mcu.externaltools.gnu-tools-for-stm32.12.3.rel1.win32_1.0.100.202403111256/tools/bin/../lib/gcc/arm-none-eabi/12.3.1/thumb/v7-m/nofp\libgcc.a(_udivmoddi4.o)
 .ARM.attributes
                0x00000a07       0x1d C:/Program Files/STMicroelectronics/STM32Cube/STM32CubeIDE_1.15.0/STM32CubeIDE/plugins/com.st.stm32cube.ide.mcu.externaltools.gnu-tools-for-stm32.12.3.rel1.win32_1.0.100.202403111256/tools/bin/../lib/gcc/arm-none-eabi/12.3.1/thumb/v7-m/nofp\libgcc.a(_dvmd_tls.o)
 .ARM.attributes
                0x00000a24       0x1d C:/Program Files/STMicroelectronics/STM32Cube/STM32CubeIDE_1.15.0/STM32CubeIDE/plugins/com.st.stm32cube.ide.mcu.externaltools.gnu-tools-for-stm32.12.3.rel1.win32_1.0.100.202403111256/tools/bin/../lib/gcc/arm-none-eabi/12.3.1/thumb/v7-m/nofp/crtn.o
OUTPUT(lora_test.elf elf32-littlearm)
LOAD linker stubs
LOAD C:/Program Files/STMicroelectronics/STM32Cube/STM32CubeIDE_1.15.0/STM32CubeIDE/plugins/com.st.stm32cube.ide.mcu.externaltools.gnu-tools-for-stm32.12.3.rel1.win32_1.0.100.202403111256/tools/bin/../lib/gcc/arm-none-eabi/12.3.1/../../../../arm-none-eabi/lib/thumb/v7-m/nofp\libc.a
LOAD C:/Program Files/STMicroelectronics/STM32Cube/STM32CubeIDE_1.15.0/STM32CubeIDE/plugins/com.st.stm32cube.ide.mcu.externaltools.gnu-tools-for-stm32.12.3.rel1.win32_1.0.100.202403111256/tools/bin/../lib/gcc/arm-none-eabi/12.3.1/../../../../arm-none-eabi/lib/thumb/v7-m/nofp\libm.a
LOAD C:/Program Files/STMicroelectronics/STM32Cube/STM32CubeIDE_1.15.0/STM32CubeIDE/plugins/com.st.stm32cube.ide.mcu.externaltools.gnu-tools-for-stm32.12.3.rel1.win32_1.0.100.202403111256/tools/bin/../lib/gcc/arm-none-eabi/12.3.1/thumb/v7-m/nofp\libgcc.a

.debug_info     0x00000000    0x108af
 .debug_info    0x00000000      0x7fc ./Core/Src/adc.o
 .debug_info    0x000007fc      0x64c ./Core/Src/common.o
 .debug_info    0x00000e48      0x2cf ./Core/Src/dma.o
 .debug_info    0x00001117      0x2be ./Core/Src/flash.o
 .debug_info    0x000013d5      0x432 ./Core/Src/gpio.o
 .debug_info    0x00001807     0x1d7c ./Core/Src/main.o
 .debug_info    0x00003583      0x143 ./Core/Src/modbus_crc.o
 .debug_info    0x000036c6      0x612 ./Core/Src/rtc.o
 .debug_info    0x00003cd8      0x853 ./Core/Src/spi.o
 .debug_info    0x0000452b      0x1f1 ./Core/Src/stm32f1xx_hal_msp.o
 .debug_info    0x0000471c      0x81c ./Core/Src/stm32f1xx_it.o
 .debug_info    0x00004f38      0xd83 ./Core/Src/sx1278.o
 .debug_info    0x00005cbb      0x168 ./Core/Src/sysmem.o
 .debug_info    0x00005e23      0x222 ./Core/Src/system_stm32f1xx.o
 .debug_info    0x00006045      0x982 ./Core/Src/usart.o
 .debug_info    0x000069c7       0x30 ./Core/Startup/startup_stm32f103c8tx.o
 .debug_info    0x000069f7      0x704 ./Drivers/STM32F1xx_HAL_Driver/Src/stm32f1xx_hal.o
 .debug_info    0x000070fb      0xc50 ./Drivers/STM32F1xx_HAL_Driver/Src/stm32f1xx_hal_adc.o
 .debug_info    0x00007d4b      0xa87 ./Drivers/STM32F1xx_HAL_Driver/Src/stm32f1xx_hal_cortex.o
 .debug_info    0x000087d2      0x6d2 ./Drivers/STM32F1xx_HAL_Driver/Src/stm32f1xx_hal_dma.o
 .debug_info    0x00008ea4      0x4f8 ./Drivers/STM32F1xx_HAL_Driver/Src/stm32f1xx_hal_flash.o
 .debug_info    0x0000939c      0x777 ./Drivers/STM32F1xx_HAL_Driver/Src/stm32f1xx_hal_flash_ex.o
 .debug_info    0x00009b13      0x5ab ./Drivers/STM32F1xx_HAL_Driver/Src/stm32f1xx_hal_gpio.o
 .debug_info    0x0000a0be      0x628 ./Drivers/STM32F1xx_HAL_Driver/Src/stm32f1xx_hal_pwr.o
 .debug_info    0x0000a6e6      0x7d5 ./Drivers/STM32F1xx_HAL_Driver/Src/stm32f1xx_hal_rcc.o
 .debug_info    0x0000aebb      0x3c0 ./Drivers/STM32F1xx_HAL_Driver/Src/stm32f1xx_hal_rcc_ex.o
 .debug_info    0x0000b27b      0xc73 ./Drivers/STM32F1xx_HAL_Driver/Src/stm32f1xx_hal_rtc.o
 .debug_info    0x0000beee      0x6a7 ./Drivers/STM32F1xx_HAL_Driver/Src/stm32f1xx_hal_rtc_ex.o
 .debug_info    0x0000c595     0x142d ./Drivers/STM32F1xx_HAL_Driver/Src/stm32f1xx_hal_spi.o
 .debug_info    0x0000d9c2     0x2eed ./Drivers/STM32F1xx_HAL_Driver/Src/stm32f1xx_hal_uart.o

.debug_abbrev   0x00000000     0x38ce
 .debug_abbrev  0x00000000      0x1f2 ./Core/Src/adc.o
 .debug_abbrev  0x000001f2      0x1ba ./Core/Src/common.o
 .debug_abbrev  0x000003ac       0xfc ./Core/Src/dma.o
 .debug_abbrev  0x000004a8      0x12c ./Core/Src/flash.o
 .debug_abbrev  0x000005d4      0x161 ./Core/Src/gpio.o
 .debug_abbrev  0x00000735      0x38a ./Core/Src/main.o
 .debug_abbrev  0x00000abf       0xaf ./Core/Src/modbus_crc.o
 .debug_abbrev  0x00000b6e      0x1c1 ./Core/Src/rtc.o
 .debug_abbrev  0x00000d2f      0x1f8 ./Core/Src/spi.o
 .debug_abbrev  0x00000f27       0xdb ./Core/Src/stm32f1xx_hal_msp.o
 .debug_abbrev  0x00001002      0x1a4 ./Core/Src/stm32f1xx_it.o
 .debug_abbrev  0x000011a6      0x36c ./Core/Src/sx1278.o
 .debug_abbrev  0x00001512       0xbc ./Core/Src/sysmem.o
 .debug_abbrev  0x000015ce      0x13f ./Core/Src/system_stm32f1xx.o
 .debug_abbrev  0x0000170d      0x20b ./Core/Src/usart.o
 .debug_abbrev  0x00001918       0x24 ./Core/Startup/startup_stm32f103c8tx.o
 .debug_abbrev  0x0000193c      0x201 ./Drivers/STM32F1xx_HAL_Driver/Src/stm32f1xx_hal.o
 .debug_abbrev  0x00001b3d      0x225 ./Drivers/STM32F1xx_HAL_Driver/Src/stm32f1xx_hal_adc.o
 .debug_abbrev  0x00001d62      0x2f8 ./Drivers/STM32F1xx_HAL_Driver/Src/stm32f1xx_hal_cortex.o
 .debug_abbrev  0x0000205a      0x20b ./Drivers/STM32F1xx_HAL_Driver/Src/stm32f1xx_hal_dma.o
 .debug_abbrev  0x00002265      0x250 ./Drivers/STM32F1xx_HAL_Driver/Src/stm32f1xx_hal_flash.o
 .debug_abbrev  0x000024b5      0x247 ./Drivers/STM32F1xx_HAL_Driver/Src/stm32f1xx_hal_flash_ex.o
 .debug_abbrev  0x000026fc      0x1ca ./Drivers/STM32F1xx_HAL_Driver/Src/stm32f1xx_hal_gpio.o
 .debug_abbrev  0x000028c6      0x1f6 ./Drivers/STM32F1xx_HAL_Driver/Src/stm32f1xx_hal_pwr.o
 .debug_abbrev  0x00002abc      0x2b3 ./Drivers/STM32F1xx_HAL_Driver/Src/stm32f1xx_hal_rcc.o
 .debug_abbrev  0x00002d6f      0x188 ./Drivers/STM32F1xx_HAL_Driver/Src/stm32f1xx_hal_rcc_ex.o
 .debug_abbrev  0x00002ef7      0x23a ./Drivers/STM32F1xx_HAL_Driver/Src/stm32f1xx_hal_rtc.o
 .debug_abbrev  0x00003131      0x22b ./Drivers/STM32F1xx_HAL_Driver/Src/stm32f1xx_hal_rtc_ex.o
 .debug_abbrev  0x0000335c      0x27a ./Drivers/STM32F1xx_HAL_Driver/Src/stm32f1xx_hal_spi.o
 .debug_abbrev  0x000035d6      0x2f8 ./Drivers/STM32F1xx_HAL_Driver/Src/stm32f1xx_hal_uart.o

.debug_aranges  0x00000000      0xfc0
 .debug_aranges
                0x00000000       0x30 ./Core/Src/adc.o
 .debug_aranges
                0x00000030       0x20 ./Core/Src/common.o
 .debug_aranges
                0x00000050       0x20 ./Core/Src/dma.o
 .debug_aranges
                0x00000070       0x30 ./Core/Src/flash.o
 .debug_aranges
                0x000000a0       0x20 ./Core/Src/gpio.o
 .debug_aranges
                0x000000c0       0xa0 ./Core/Src/main.o
 .debug_aranges
                0x00000160       0x20 ./Core/Src/modbus_crc.o
 .debug_aranges
                0x00000180       0x30 ./Core/Src/rtc.o
 .debug_aranges
                0x000001b0       0x30 ./Core/Src/spi.o
 .debug_aranges
                0x000001e0       0x20 ./Core/Src/stm32f1xx_hal_msp.o
 .debug_aranges
                0x00000200       0x88 ./Core/Src/stm32f1xx_it.o
 .debug_aranges
                0x00000288      0x108 ./Core/Src/sx1278.o
 .debug_aranges
                0x00000390       0x20 ./Core/Src/sysmem.o
 .debug_aranges
                0x000003b0       0x28 ./Core/Src/system_stm32f1xx.o
 .debug_aranges
                0x000003d8       0x38 ./Core/Src/usart.o
 .debug_aranges
                0x00000410       0x28 ./Core/Startup/startup_stm32f103c8tx.o
 .debug_aranges
                0x00000438       0xe0 ./Drivers/STM32F1xx_HAL_Driver/Src/stm32f1xx_hal.o
 .debug_aranges
                0x00000518       0xf0 ./Drivers/STM32F1xx_HAL_Driver/Src/stm32f1xx_hal_adc.o
 .debug_aranges
                0x00000608      0x100 ./Drivers/STM32F1xx_HAL_Driver/Src/stm32f1xx_hal_cortex.o
 .debug_aranges
                0x00000708       0x80 ./Drivers/STM32F1xx_HAL_Driver/Src/stm32f1xx_hal_dma.o
 .debug_aranges
                0x00000788       0x88 ./Drivers/STM32F1xx_HAL_Driver/Src/stm32f1xx_hal_flash.o
 .debug_aranges
                0x00000810       0x98 ./Drivers/STM32F1xx_HAL_Driver/Src/stm32f1xx_hal_flash_ex.o
 .debug_aranges
                0x000008a8       0x58 ./Drivers/STM32F1xx_HAL_Driver/Src/stm32f1xx_hal_gpio.o
 .debug_aranges
                0x00000900       0xa8 ./Drivers/STM32F1xx_HAL_Driver/Src/stm32f1xx_hal_pwr.o
 .debug_aranges
                0x000009a8       0x90 ./Drivers/STM32F1xx_HAL_Driver/Src/stm32f1xx_hal_rcc.o
 .debug_aranges
                0x00000a38       0x30 ./Drivers/STM32F1xx_HAL_Driver/Src/stm32f1xx_hal_rcc_ex.o
 .debug_aranges
                0x00000a68       0xf8 ./Drivers/STM32F1xx_HAL_Driver/Src/stm32f1xx_hal_rtc.o
 .debug_aranges
                0x00000b60       0x88 ./Drivers/STM32F1xx_HAL_Driver/Src/stm32f1xx_hal_rtc_ex.o
 .debug_aranges
                0x00000be8      0x1d0 ./Drivers/STM32F1xx_HAL_Driver/Src/stm32f1xx_hal_spi.o
 .debug_aranges
                0x00000db8      0x208 ./Drivers/STM32F1xx_HAL_Driver/Src/stm32f1xx_hal_uart.o

.debug_rnglists
                0x00000000      0xbe1
 .debug_rnglists
                0x00000000       0x21 ./Core/Src/adc.o
 .debug_rnglists
                0x00000021       0x13 ./Core/Src/common.o
 .debug_rnglists
                0x00000034       0x13 ./Core/Src/dma.o
 .debug_rnglists
                0x00000047       0x20 ./Core/Src/flash.o
 .debug_rnglists
                0x00000067       0x14 ./Core/Src/gpio.o
 .debug_rnglists
                0x0000007b       0x7f ./Core/Src/main.o
 .debug_rnglists
                0x000000fa       0x13 ./Core/Src/modbus_crc.o
 .debug_rnglists
                0x0000010d       0x20 ./Core/Src/rtc.o
 .debug_rnglists
                0x0000012d       0x20 ./Core/Src/spi.o
 .debug_rnglists
                0x0000014d       0x13 ./Core/Src/stm32f1xx_hal_msp.o
 .debug_rnglists
                0x00000160       0x61 ./Core/Src/stm32f1xx_it.o
 .debug_rnglists
                0x000001c1       0xc9 ./Core/Src/sx1278.o
 .debug_rnglists
                0x0000028a       0x13 ./Core/Src/sysmem.o
 .debug_rnglists
                0x0000029d       0x1a ./Core/Src/system_stm32f1xx.o
 .debug_rnglists
                0x000002b7       0x26 ./Core/Src/usart.o
 .debug_rnglists
                0x000002dd       0x19 ./Core/Startup/startup_stm32f103c8tx.o
 .debug_rnglists
                0x000002f6       0xa3 ./Drivers/STM32F1xx_HAL_Driver/Src/stm32f1xx_hal.o
 .debug_rnglists
                0x00000399       0xbc ./Drivers/STM32F1xx_HAL_Driver/Src/stm32f1xx_hal_adc.o
 .debug_rnglists
                0x00000455       0xbb ./Drivers/STM32F1xx_HAL_Driver/Src/stm32f1xx_hal_cortex.o
 .debug_rnglists
                0x00000510       0x64 ./Drivers/STM32F1xx_HAL_Driver/Src/stm32f1xx_hal_dma.o
 .debug_rnglists
                0x00000574       0x66 ./Drivers/STM32F1xx_HAL_Driver/Src/stm32f1xx_hal_flash.o
 .debug_rnglists
                0x000005da       0x73 ./Drivers/STM32F1xx_HAL_Driver/Src/stm32f1xx_hal_flash_ex.o
 .debug_rnglists
                0x0000064d       0x3f ./Drivers/STM32F1xx_HAL_Driver/Src/stm32f1xx_hal_gpio.o
 .debug_rnglists
                0x0000068c       0x7a ./Drivers/STM32F1xx_HAL_Driver/Src/stm32f1xx_hal_pwr.o
 .debug_rnglists
                0x00000706       0x6c ./Drivers/STM32F1xx_HAL_Driver/Src/stm32f1xx_hal_rcc.o
 .debug_rnglists
                0x00000772       0x21 ./Drivers/STM32F1xx_HAL_Driver/Src/stm32f1xx_hal_rcc_ex.o
 .debug_rnglists
                0x00000793       0xc1 ./Drivers/STM32F1xx_HAL_Driver/Src/stm32f1xx_hal_rtc.o
 .debug_rnglists
                0x00000854       0x63 ./Drivers/STM32F1xx_HAL_Driver/Src/stm32f1xx_hal_rtc_ex.o
 .debug_rnglists
                0x000008b7      0x16e ./Drivers/STM32F1xx_HAL_Driver/Src/stm32f1xx_hal_spi.o
 .debug_rnglists
                0x00000a25      0x1bc ./Drivers/STM32F1xx_HAL_Driver/Src/stm32f1xx_hal_uart.o

.debug_macro    0x00000000    0x1ad1e
 .debug_macro   0x00000000      0x1e3 ./Core/Src/adc.o
 .debug_macro   0x000001e3      0xaa8 ./Core/Src/adc.o
 .debug_macro   0x00000c8b      0x233 ./Core/Src/adc.o
 .debug_macro   0x00000ebe       0x2e ./Core/Src/adc.o
 .debug_macro   0x00000eec       0x22 ./Core/Src/adc.o
 .debug_macro   0x00000f0e       0x22 ./Core/Src/adc.o
 .debug_macro   0x00000f30       0x8e ./Core/Src/adc.o
 .debug_macro   0x00000fbe       0x51 ./Core/Src/adc.o
 .debug_macro   0x0000100f      0x103 ./Core/Src/adc.o
 .debug_macro   0x00001112       0x6a ./Core/Src/adc.o
 .debug_macro   0x0000117c      0x1df ./Core/Src/adc.o
 .debug_macro   0x0000135b       0x1c ./Core/Src/adc.o
 .debug_macro   0x00001377       0x22 ./Core/Src/adc.o
 .debug_macro   0x00001399       0xbd ./Core/Src/adc.o